for dir in lib/vmkit/StaticGCPass lib/vmkit/StaticGCPrinter lib tools/vmjc mmtk tools/precompiler tools; do \
	  (make -C $dir all ) || exit 1; \
	done
make[1]: Entering directory `/media/Data/Documents/Studies/MyWork/PhD/VMKit/vmkit_stale_ref/lib/vmkit/StaticGCPass'
/home/koutheir/PhD/VMKit/llvm/autoconf/mkinstalldirs /media/Data/Documents/Studies/MyWork/PhD/VMKit/vmkit_stale_ref/lib/vmkit/StaticGCPass/Debug+Asserts > /dev/null
/bin/date > /media/Data/Documents/Studies/MyWork/PhD/VMKit/vmkit_stale_ref/lib/vmkit/StaticGCPass/Debug+Asserts/.dir
llvm[1]: Compiling StaticGCPass.cpp for Debug+Asserts build (PIC)
if  g++ -I/home/koutheir/PhD/VMKit/llvm/include -I/media/Data/Documents/Studies/MyWork/PhD/VMKit/vmkit_stale_ref/include -I/media/Data/Documents/Studies/MyWork/PhD/VMKit/vmkit_stale_ref/lib/vmkit/StaticGCPass  -D_DEBUG -D_GNU_SOURCE -D__STDC_CONSTANT_MACROS -D__STDC_FORMAT_MACROS -D__STDC_LIMIT_MACROS -g -fvisibility-inlines-hidden -fno-exceptions -fno-rtti -fPIC -Woverloaded-virtual -Wcast-qual -I/media/Data/Documents/Studies/MyWork/PhD/VMKit/vmkit_stale_ref/lib/vmkit/MMTk -fno-exceptions -Wno-variadic-macros -fno-omit-frame-pointer -fno-strict-aliasing -Wno-deprecated -ansi -fno-rtti -O0   -pedantic -Wno-long-long -Wall -W -Wno-unused-parameter -Wwrite-strings   -c -MMD -MP -MF "/media/Data/Documents/Studies/MyWork/PhD/VMKit/vmkit_stale_ref/lib/vmkit/StaticGCPass/Debug+Asserts/StaticGCPass.d.tmp" -MT "/media/Data/Documents/Studies/MyWork/PhD/VMKit/vmkit_stale_ref/lib/vmkit/StaticGCPass/Debug+Asserts/StaticGCPass.o" -MT "/media/Data/Documents/Studies/MyWork/PhD/VMKit/vmkit_stale_ref/lib/vmkit/StaticGCPass/Debug+Asserts/StaticGCPass.d" StaticGCPass.cpp -o /media/Data/Documents/Studies/MyWork/PhD/VMKit/vmkit_stale_ref/lib/vmkit/StaticGCPass/Debug+Asserts/StaticGCPass.o ; \
	        then /bin/mv -f "/media/Data/Documents/Studies/MyWork/PhD/VMKit/vmkit_stale_ref/lib/vmkit/StaticGCPass/Debug+Asserts/StaticGCPass.d.tmp" "/media/Data/Documents/Studies/MyWork/PhD/VMKit/vmkit_stale_ref/lib/vmkit/StaticGCPass/Debug+Asserts/StaticGCPass.d"; else /bin/rm "/media/Data/Documents/Studies/MyWork/PhD/VMKit/vmkit_stale_ref/lib/vmkit/StaticGCPass/Debug+Asserts/StaticGCPass.d.tmp"; exit 1; fi
/home/koutheir/PhD/VMKit/llvm/autoconf/mkinstalldirs /media/Data/Documents/Studies/MyWork/PhD/VMKit/vmkit_stale_ref/Debug+Asserts/lib > /dev/null
/bin/date > /media/Data/Documents/Studies/MyWork/PhD/VMKit/vmkit_stale_ref/Debug+Asserts/lib/.dir
llvm[1]: Linking Debug+Asserts Loadable Module StaticGCPass.so
g++ -I/home/koutheir/PhD/VMKit/llvm/include -I/media/Data/Documents/Studies/MyWork/PhD/VMKit/vmkit_stale_ref/include -I/media/Data/Documents/Studies/MyWork/PhD/VMKit/vmkit_stale_ref/lib/vmkit/StaticGCPass  -D_DEBUG -D_GNU_SOURCE -D__STDC_CONSTANT_MACROS -D__STDC_FORMAT_MACROS -D__STDC_LIMIT_MACROS -g -fvisibility-inlines-hidden -fno-exceptions -fno-rtti -fPIC -Woverloaded-virtual -Wcast-qual -I/media/Data/Documents/Studies/MyWork/PhD/VMKit/vmkit_stale_ref/lib/vmkit/MMTk -fno-exceptions -Wno-variadic-macros -fno-omit-frame-pointer -fno-strict-aliasing -Wno-deprecated -ansi -fno-rtti -O0 -g -Wl,-R -Wl,'$ORIGIN' -L/media/Data/Documents/Studies/MyWork/PhD/VMKit/vmkit_stale_ref/Debug+Asserts/lib -L/home/koutheir/PhD/VMKit/llvm/Debug+Asserts/lib    -pedantic -Wno-long-long -Wall -W -Wno-unused-parameter -Wwrite-strings     -shared -o /media/Data/Documents/Studies/MyWork/PhD/VMKit/vmkit_stale_ref/Debug+Asserts/lib/StaticGCPass.so /media/Data/Documents/Studies/MyWork/PhD/VMKit/vmkit_stale_ref/lib/vmkit/StaticGCPass/Debug+Asserts/StaticGCPass.o \
	    -lpthread -ldl -lm  -lz
llvm[1]: Compiling StaticGCPass.cpp for Debug+Asserts build (bytecode)
if /home/koutheir/PhD/VMKit/llvm/Debug+Asserts/bin/clang++ -I/home/koutheir/PhD/VMKit/llvm/include -I/media/Data/Documents/Studies/MyWork/PhD/VMKit/vmkit_stale_ref/include -I/media/Data/Documents/Studies/MyWork/PhD/VMKit/vmkit_stale_ref/lib/vmkit/StaticGCPass  -D_DEBUG -D_GNU_SOURCE -D__STDC_CONSTANT_MACROS -D__STDC_FORMAT_MACROS -D__STDC_LIMIT_MACROS -g -fvisibility-inlines-hidden -fno-exceptions -fno-rtti -fPIC -Woverloaded-virtual -Wcast-qual -I/media/Data/Documents/Studies/MyWork/PhD/VMKit/vmkit_stale_ref/lib/vmkit/MMTk -fno-exceptions -Wno-variadic-macros -fno-omit-frame-pointer -fno-strict-aliasing -Wno-deprecated -ansi -fno-rtti -O0   -pedantic -Wno-long-long -Wall -W -Wno-unused-parameter -Wwrite-strings   -MMD -MP -MF "/media/Data/Documents/Studies/MyWork/PhD/VMKit/vmkit_stale_ref/lib/vmkit/StaticGCPass/Debug+Asserts/StaticGCPass.bc.d.tmp" -MT "/media/Data/Documents/Studies/MyWork/PhD/VMKit/vmkit_stale_ref/lib/vmkit/StaticGCPass/Debug+Asserts/StaticGCPass.ll" -MT "/media/Data/Documents/Studies/MyWork/PhD/VMKit/vmkit_stale_ref/lib/vmkit/StaticGCPass/Debug+Asserts/StaticGCPass.bc.d" \
			StaticGCPass.cpp -o /media/Data/Documents/Studies/MyWork/PhD/VMKit/vmkit_stale_ref/lib/vmkit/StaticGCPass/Debug+Asserts/StaticGCPass.ll -S "-emit-llvm" ; \
	        then /bin/mv -f "/media/Data/Documents/Studies/MyWork/PhD/VMKit/vmkit_stale_ref/lib/vmkit/StaticGCPass/Debug+Asserts/StaticGCPass.bc.d.tmp" "/media/Data/Documents/Studies/MyWork/PhD/VMKit/vmkit_stale_ref/lib/vmkit/StaticGCPass/Debug+Asserts/StaticGCPass.bc.d"; else /bin/rm "/media/Data/Documents/Studies/MyWork/PhD/VMKit/vmkit_stale_ref/lib/vmkit/StaticGCPass/Debug+Asserts/StaticGCPass.bc.d.tmp"; exit 1; fi
llvm[1]: Compiling StaticGCPass.ll to StaticGCPass.bc for Debug+Asserts build (bytecode)
/home/koutheir/PhD/VMKit/llvm/Debug+Asserts/bin/opt /media/Data/Documents/Studies/MyWork/PhD/VMKit/vmkit_stale_ref/lib/vmkit/StaticGCPass/Debug+Asserts/StaticGCPass.ll -std-compile-opts -o /media/Data/Documents/Studies/MyWork/PhD/VMKit/vmkit_stale_ref/lib/vmkit/StaticGCPass/Debug+Asserts/StaticGCPass.bc
llvm[1]: Building Debug+Asserts Bytecode Archive libStaticGCPass.bca
/bin/rm -f /media/Data/Documents/Studies/MyWork/PhD/VMKit/vmkit_stale_ref/Debug+Asserts/lib/libStaticGCPass.bca
/home/koutheir/PhD/VMKit/llvm/Debug+Asserts/bin/llvm-ar rcsf /media/Data/Documents/Studies/MyWork/PhD/VMKit/vmkit_stale_ref/Debug+Asserts/lib/libStaticGCPass.bca /media/Data/Documents/Studies/MyWork/PhD/VMKit/vmkit_stale_ref/lib/vmkit/StaticGCPass/Debug+Asserts/StaticGCPass.bc
make[1]: Leaving directory `/media/Data/Documents/Studies/MyWork/PhD/VMKit/vmkit_stale_ref/lib/vmkit/StaticGCPass'
make[1]: Entering directory `/media/Data/Documents/Studies/MyWork/PhD/VMKit/vmkit_stale_ref/lib/vmkit/StaticGCPrinter'
/home/koutheir/PhD/VMKit/llvm/autoconf/mkinstalldirs /media/Data/Documents/Studies/MyWork/PhD/VMKit/vmkit_stale_ref/lib/vmkit/StaticGCPrinter/Debug+Asserts > /dev/null
/bin/date > /media/Data/Documents/Studies/MyWork/PhD/VMKit/vmkit_stale_ref/lib/vmkit/StaticGCPrinter/Debug+Asserts/.dir
llvm[1]: Compiling VmkitGCPrinter.cpp for Debug+Asserts build (PIC)
if  g++ -I/home/koutheir/PhD/VMKit/llvm/include -I/media/Data/Documents/Studies/MyWork/PhD/VMKit/vmkit_stale_ref/include -I/media/Data/Documents/Studies/MyWork/PhD/VMKit/vmkit_stale_ref/lib/vmkit/StaticGCPrinter  -D_DEBUG -D_GNU_SOURCE -D__STDC_CONSTANT_MACROS -D__STDC_FORMAT_MACROS -D__STDC_LIMIT_MACROS -g -fvisibility-inlines-hidden -fno-exceptions -fno-rtti -fPIC -Woverloaded-virtual -Wcast-qual -I/media/Data/Documents/Studies/MyWork/PhD/VMKit/vmkit_stale_ref/lib/vmkit/MMTk -fno-exceptions -Wno-variadic-macros -fno-omit-frame-pointer -fno-strict-aliasing -Wno-deprecated -ansi -fno-rtti -O0   -pedantic -Wno-long-long -Wall -W -Wno-unused-parameter -Wwrite-strings   -c -MMD -MP -MF "/media/Data/Documents/Studies/MyWork/PhD/VMKit/vmkit_stale_ref/lib/vmkit/StaticGCPrinter/Debug+Asserts/VmkitGCPrinter.d.tmp" -MT "/media/Data/Documents/Studies/MyWork/PhD/VMKit/vmkit_stale_ref/lib/vmkit/StaticGCPrinter/Debug+Asserts/VmkitGCPrinter.o" -MT "/media/Data/Documents/Studies/MyWork/PhD/VMKit/vmkit_stale_ref/lib/vmkit/StaticGCPrinter/Debug+Asserts/VmkitGCPrinter.d" VmkitGCPrinter.cpp -o /media/Data/Documents/Studies/MyWork/PhD/VMKit/vmkit_stale_ref/lib/vmkit/StaticGCPrinter/Debug+Asserts/VmkitGCPrinter.o ; \
	        then /bin/mv -f "/media/Data/Documents/Studies/MyWork/PhD/VMKit/vmkit_stale_ref/lib/vmkit/StaticGCPrinter/Debug+Asserts/VmkitGCPrinter.d.tmp" "/media/Data/Documents/Studies/MyWork/PhD/VMKit/vmkit_stale_ref/lib/vmkit/StaticGCPrinter/Debug+Asserts/VmkitGCPrinter.d"; else /bin/rm "/media/Data/Documents/Studies/MyWork/PhD/VMKit/vmkit_stale_ref/lib/vmkit/StaticGCPrinter/Debug+Asserts/VmkitGCPrinter.d.tmp"; exit 1; fi
llvm[1]: Linking Debug+Asserts Loadable Module StaticGCPrinter.so
g++ -I/home/koutheir/PhD/VMKit/llvm/include -I/media/Data/Documents/Studies/MyWork/PhD/VMKit/vmkit_stale_ref/include -I/media/Data/Documents/Studies/MyWork/PhD/VMKit/vmkit_stale_ref/lib/vmkit/StaticGCPrinter  -D_DEBUG -D_GNU_SOURCE -D__STDC_CONSTANT_MACROS -D__STDC_FORMAT_MACROS -D__STDC_LIMIT_MACROS -g -fvisibility-inlines-hidden -fno-exceptions -fno-rtti -fPIC -Woverloaded-virtual -Wcast-qual -I/media/Data/Documents/Studies/MyWork/PhD/VMKit/vmkit_stale_ref/lib/vmkit/MMTk -fno-exceptions -Wno-variadic-macros -fno-omit-frame-pointer -fno-strict-aliasing -Wno-deprecated -ansi -fno-rtti -O0 -g -Wl,-R -Wl,'$ORIGIN' -L/media/Data/Documents/Studies/MyWork/PhD/VMKit/vmkit_stale_ref/Debug+Asserts/lib -L/home/koutheir/PhD/VMKit/llvm/Debug+Asserts/lib    -pedantic -Wno-long-long -Wall -W -Wno-unused-parameter -Wwrite-strings     -shared -o /media/Data/Documents/Studies/MyWork/PhD/VMKit/vmkit_stale_ref/Debug+Asserts/lib/StaticGCPrinter.so /media/Data/Documents/Studies/MyWork/PhD/VMKit/vmkit_stale_ref/lib/vmkit/StaticGCPrinter/Debug+Asserts/VmkitGCPrinter.o \
	    -lpthread -ldl -lm  -lz
llvm[1]: Compiling VmkitGCPrinter.cpp for Debug+Asserts build (bytecode)
if /home/koutheir/PhD/VMKit/llvm/Debug+Asserts/bin/clang++ -I/home/koutheir/PhD/VMKit/llvm/include -I/media/Data/Documents/Studies/MyWork/PhD/VMKit/vmkit_stale_ref/include -I/media/Data/Documents/Studies/MyWork/PhD/VMKit/vmkit_stale_ref/lib/vmkit/StaticGCPrinter  -D_DEBUG -D_GNU_SOURCE -D__STDC_CONSTANT_MACROS -D__STDC_FORMAT_MACROS -D__STDC_LIMIT_MACROS -g -fvisibility-inlines-hidden -fno-exceptions -fno-rtti -fPIC -Woverloaded-virtual -Wcast-qual -I/media/Data/Documents/Studies/MyWork/PhD/VMKit/vmkit_stale_ref/lib/vmkit/MMTk -fno-exceptions -Wno-variadic-macros -fno-omit-frame-pointer -fno-strict-aliasing -Wno-deprecated -ansi -fno-rtti -O0   -pedantic -Wno-long-long -Wall -W -Wno-unused-parameter -Wwrite-strings   -MMD -MP -MF "/media/Data/Documents/Studies/MyWork/PhD/VMKit/vmkit_stale_ref/lib/vmkit/StaticGCPrinter/Debug+Asserts/VmkitGCPrinter.bc.d.tmp" -MT "/media/Data/Documents/Studies/MyWork/PhD/VMKit/vmkit_stale_ref/lib/vmkit/StaticGCPrinter/Debug+Asserts/VmkitGCPrinter.ll" -MT "/media/Data/Documents/Studies/MyWork/PhD/VMKit/vmkit_stale_ref/lib/vmkit/StaticGCPrinter/Debug+Asserts/VmkitGCPrinter.bc.d" \
			VmkitGCPrinter.cpp -o /media/Data/Documents/Studies/MyWork/PhD/VMKit/vmkit_stale_ref/lib/vmkit/StaticGCPrinter/Debug+Asserts/VmkitGCPrinter.ll -S "-emit-llvm" ; \
	        then /bin/mv -f "/media/Data/Documents/Studies/MyWork/PhD/VMKit/vmkit_stale_ref/lib/vmkit/StaticGCPrinter/Debug+Asserts/VmkitGCPrinter.bc.d.tmp" "/media/Data/Documents/Studies/MyWork/PhD/VMKit/vmkit_stale_ref/lib/vmkit/StaticGCPrinter/Debug+Asserts/VmkitGCPrinter.bc.d"; else /bin/rm "/media/Data/Documents/Studies/MyWork/PhD/VMKit/vmkit_stale_ref/lib/vmkit/StaticGCPrinter/Debug+Asserts/VmkitGCPrinter.bc.d.tmp"; exit 1; fi
llvm[1]: Compiling VmkitGCPrinter.ll to VmkitGCPrinter.bc for Debug+Asserts build (bytecode)
/home/koutheir/PhD/VMKit/llvm/Debug+Asserts/bin/opt /media/Data/Documents/Studies/MyWork/PhD/VMKit/vmkit_stale_ref/lib/vmkit/StaticGCPrinter/Debug+Asserts/VmkitGCPrinter.ll -std-compile-opts -o /media/Data/Documents/Studies/MyWork/PhD/VMKit/vmkit_stale_ref/lib/vmkit/StaticGCPrinter/Debug+Asserts/VmkitGCPrinter.bc
llvm[1]: Building Debug+Asserts Bytecode Archive libStaticGCPrinter.bca
/bin/rm -f /media/Data/Documents/Studies/MyWork/PhD/VMKit/vmkit_stale_ref/Debug+Asserts/lib/libStaticGCPrinter.bca
/home/koutheir/PhD/VMKit/llvm/Debug+Asserts/bin/llvm-ar rcsf /media/Data/Documents/Studies/MyWork/PhD/VMKit/vmkit_stale_ref/Debug+Asserts/lib/libStaticGCPrinter.bca /media/Data/Documents/Studies/MyWork/PhD/VMKit/vmkit_stale_ref/lib/vmkit/StaticGCPrinter/Debug+Asserts/VmkitGCPrinter.bc
make[1]: Leaving directory `/media/Data/Documents/Studies/MyWork/PhD/VMKit/vmkit_stale_ref/lib/vmkit/StaticGCPrinter'
make[1]: Entering directory `/media/Data/Documents/Studies/MyWork/PhD/VMKit/vmkit_stale_ref/lib'
\
	  SD=/media/Data/Documents/Studies/MyWork/PhD/VMKit/vmkit_stale_ref/lib/vmkit; \
	  DD=vmkit; \
	  if [ ! -f $SD/Makefile ]; then \
	    SD=vmkit; \
	    DD=vmkit; \
	  fi; \
	  if ([ ! -f $DD/Makefile ] || \
	            command test $DD/Makefile -ot \
                      $SD/Makefile ); then \
	  /home/koutheir/PhD/VMKit/llvm/autoconf/mkinstalldirs $DD; \
	  /bin/cp $SD/Makefile $DD/Makefile; \
	fi; \
	make -C $DD all
make[2]: Entering directory `/media/Data/Documents/Studies/MyWork/PhD/VMKit/vmkit_stale_ref/lib/vmkit'
for dir in CommonThread MMTk Runtime Compiler JITGCPass; do \
	  (make -C $dir all ) || exit 1; \
	done
make[3]: Entering directory `/media/Data/Documents/Studies/MyWork/PhD/VMKit/vmkit_stale_ref/lib/vmkit/CommonThread'
/home/koutheir/PhD/VMKit/llvm/autoconf/mkinstalldirs /media/Data/Documents/Studies/MyWork/PhD/VMKit/vmkit_stale_ref/lib/vmkit/CommonThread/Debug+Asserts > /dev/null
/bin/date > /media/Data/Documents/Studies/MyWork/PhD/VMKit/vmkit_stale_ref/lib/vmkit/CommonThread/Debug+Asserts/.dir
llvm[3]: Compiling CollectionRV.cpp for Debug+Asserts build (bytecode)
if /home/koutheir/PhD/VMKit/llvm/Debug+Asserts/bin/clang++ -I/home/koutheir/PhD/VMKit/llvm/include -I/media/Data/Documents/Studies/MyWork/PhD/VMKit/vmkit_stale_ref/include -I/media/Data/Documents/Studies/MyWork/PhD/VMKit/vmkit_stale_ref/lib/vmkit/CommonThread  -D_DEBUG -D_GNU_SOURCE -D__STDC_CONSTANT_MACROS -D__STDC_FORMAT_MACROS -D__STDC_LIMIT_MACROS -g -fvisibility-inlines-hidden -fno-exceptions -fno-rtti -fPIC -Woverloaded-virtual -Wcast-qual -I/media/Data/Documents/Studies/MyWork/PhD/VMKit/vmkit_stale_ref/lib/vmkit/MMTk -fno-exceptions -Wno-variadic-macros -fno-omit-frame-pointer -fno-strict-aliasing -Wno-deprecated -ansi -fno-rtti -O0   -pedantic -Wno-long-long -Wall -W -Wno-unused-parameter -Wwrite-strings   -MMD -MP -MF "/media/Data/Documents/Studies/MyWork/PhD/VMKit/vmkit_stale_ref/lib/vmkit/CommonThread/Debug+Asserts/CollectionRV.bc.d.tmp" -MT "/media/Data/Documents/Studies/MyWork/PhD/VMKit/vmkit_stale_ref/lib/vmkit/CommonThread/Debug+Asserts/CollectionRV.ll" -MT "/media/Data/Documents/Studies/MyWork/PhD/VMKit/vmkit_stale_ref/lib/vmkit/CommonThread/Debug+Asserts/CollectionRV.bc.d" \
			CollectionRV.cpp -o /media/Data/Documents/Studies/MyWork/PhD/VMKit/vmkit_stale_ref/lib/vmkit/CommonThread/Debug+Asserts/CollectionRV.ll -S "-emit-llvm" ; \
	        then /bin/mv -f "/media/Data/Documents/Studies/MyWork/PhD/VMKit/vmkit_stale_ref/lib/vmkit/CommonThread/Debug+Asserts/CollectionRV.bc.d.tmp" "/media/Data/Documents/Studies/MyWork/PhD/VMKit/vmkit_stale_ref/lib/vmkit/CommonThread/Debug+Asserts/CollectionRV.bc.d"; else /bin/rm "/media/Data/Documents/Studies/MyWork/PhD/VMKit/vmkit_stale_ref/lib/vmkit/CommonThread/Debug+Asserts/CollectionRV.bc.d.tmp"; exit 1; fi
llvm[3]: Compiling CollectionRV.ll to CollectionRV.bc for Debug+Asserts build (bytecode)
/home/koutheir/PhD/VMKit/llvm/Debug+Asserts/bin/opt /media/Data/Documents/Studies/MyWork/PhD/VMKit/vmkit_stale_ref/lib/vmkit/CommonThread/Debug+Asserts/CollectionRV.ll -load=/media/Data/Documents/Studies/MyWork/PhD/VMKit/vmkit_stale_ref/Debug+Asserts/lib/StaticGCPass.so -inline -StaticGCPass -o /media/Data/Documents/Studies/MyWork/PhD/VMKit/vmkit_stale_ref/lib/vmkit/CommonThread/Debug+Asserts/CollectionRV_gc.bc
llvm[3]: Compiling CollectionRV.bc to CollectionRV.s for Debug+Asserts build
/home/koutheir/PhD/VMKit/llvm/Debug+Asserts/bin/llc -O=0 -asm-verbose -disable-cfi -disable-fp-elim -load=/media/Data/Documents/Studies/MyWork/PhD/VMKit/vmkit_stale_ref/Debug+Asserts/lib/StaticGCPrinter.so /media/Data/Documents/Studies/MyWork/PhD/VMKit/vmkit_stale_ref/lib/vmkit/CommonThread/Debug+Asserts/CollectionRV_gc.bc -o /media/Data/Documents/Studies/MyWork/PhD/VMKit/vmkit_stale_ref/lib/vmkit/CommonThread/Debug+Asserts/CollectionRV_gc.s
llvm[3]: Compiling CollectionRV.s for Debug+Asserts build
gcc -I/home/koutheir/PhD/VMKit/llvm/include -I/media/Data/Documents/Studies/MyWork/PhD/VMKit/vmkit_stale_ref/include -I/media/Data/Documents/Studies/MyWork/PhD/VMKit/vmkit_stale_ref/lib/vmkit/CommonThread  -D_DEBUG -D_GNU_SOURCE -D__STDC_CONSTANT_MACROS -D__STDC_FORMAT_MACROS -D__STDC_LIMIT_MACROS -g -fPIC -O0   -pedantic -Wno-long-long -Wall -W -Wno-unused-parameter -Wwrite-strings   -c /media/Data/Documents/Studies/MyWork/PhD/VMKit/vmkit_stale_ref/lib/vmkit/CommonThread/Debug+Asserts/CollectionRV_gc.s -o /media/Data/Documents/Studies/MyWork/PhD/VMKit/vmkit_stale_ref/lib/vmkit/CommonThread/Debug+Asserts/CollectionRV_gc.o
llvm[3]: Compiling ObjectLocks.cpp for Debug+Asserts build (bytecode)
if /home/koutheir/PhD/VMKit/llvm/Debug+Asserts/bin/clang++ -I/home/koutheir/PhD/VMKit/llvm/include -I/media/Data/Documents/Studies/MyWork/PhD/VMKit/vmkit_stale_ref/include -I/media/Data/Documents/Studies/MyWork/PhD/VMKit/vmkit_stale_ref/lib/vmkit/CommonThread  -D_DEBUG -D_GNU_SOURCE -D__STDC_CONSTANT_MACROS -D__STDC_FORMAT_MACROS -D__STDC_LIMIT_MACROS -g -fvisibility-inlines-hidden -fno-exceptions -fno-rtti -fPIC -Woverloaded-virtual -Wcast-qual -I/media/Data/Documents/Studies/MyWork/PhD/VMKit/vmkit_stale_ref/lib/vmkit/MMTk -fno-exceptions -Wno-variadic-macros -fno-omit-frame-pointer -fno-strict-aliasing -Wno-deprecated -ansi -fno-rtti -O0   -pedantic -Wno-long-long -Wall -W -Wno-unused-parameter -Wwrite-strings   -MMD -MP -MF "/media/Data/Documents/Studies/MyWork/PhD/VMKit/vmkit_stale_ref/lib/vmkit/CommonThread/Debug+Asserts/ObjectLocks.bc.d.tmp" -MT "/media/Data/Documents/Studies/MyWork/PhD/VMKit/vmkit_stale_ref/lib/vmkit/CommonThread/Debug+Asserts/ObjectLocks.ll" -MT "/media/Data/Documents/Studies/MyWork/PhD/VMKit/vmkit_stale_ref/lib/vmkit/CommonThread/Debug+Asserts/ObjectLocks.bc.d" \
			ObjectLocks.cpp -o /media/Data/Documents/Studies/MyWork/PhD/VMKit/vmkit_stale_ref/lib/vmkit/CommonThread/Debug+Asserts/ObjectLocks.ll -S "-emit-llvm" ; \
	        then /bin/mv -f "/media/Data/Documents/Studies/MyWork/PhD/VMKit/vmkit_stale_ref/lib/vmkit/CommonThread/Debug+Asserts/ObjectLocks.bc.d.tmp" "/media/Data/Documents/Studies/MyWork/PhD/VMKit/vmkit_stale_ref/lib/vmkit/CommonThread/Debug+Asserts/ObjectLocks.bc.d"; else /bin/rm "/media/Data/Documents/Studies/MyWork/PhD/VMKit/vmkit_stale_ref/lib/vmkit/CommonThread/Debug+Asserts/ObjectLocks.bc.d.tmp"; exit 1; fi
llvm[3]: Compiling ObjectLocks.ll to ObjectLocks.bc for Debug+Asserts build (bytecode)
/home/koutheir/PhD/VMKit/llvm/Debug+Asserts/bin/opt /media/Data/Documents/Studies/MyWork/PhD/VMKit/vmkit_stale_ref/lib/vmkit/CommonThread/Debug+Asserts/ObjectLocks.ll -load=/media/Data/Documents/Studies/MyWork/PhD/VMKit/vmkit_stale_ref/Debug+Asserts/lib/StaticGCPass.so -inline -StaticGCPass -o /media/Data/Documents/Studies/MyWork/PhD/VMKit/vmkit_stale_ref/lib/vmkit/CommonThread/Debug+Asserts/ObjectLocks_gc.bc
llvm[3]: Compiling ObjectLocks.bc to ObjectLocks.s for Debug+Asserts build
/home/koutheir/PhD/VMKit/llvm/Debug+Asserts/bin/llc -O=0 -asm-verbose -disable-cfi -disable-fp-elim -load=/media/Data/Documents/Studies/MyWork/PhD/VMKit/vmkit_stale_ref/Debug+Asserts/lib/StaticGCPrinter.so /media/Data/Documents/Studies/MyWork/PhD/VMKit/vmkit_stale_ref/lib/vmkit/CommonThread/Debug+Asserts/ObjectLocks_gc.bc -o /media/Data/Documents/Studies/MyWork/PhD/VMKit/vmkit_stale_ref/lib/vmkit/CommonThread/Debug+Asserts/ObjectLocks_gc.s
llvm[3]: Compiling ObjectLocks.s for Debug+Asserts build
gcc -I/home/koutheir/PhD/VMKit/llvm/include -I/media/Data/Documents/Studies/MyWork/PhD/VMKit/vmkit_stale_ref/include -I/media/Data/Documents/Studies/MyWork/PhD/VMKit/vmkit_stale_ref/lib/vmkit/CommonThread  -D_DEBUG -D_GNU_SOURCE -D__STDC_CONSTANT_MACROS -D__STDC_FORMAT_MACROS -D__STDC_LIMIT_MACROS -g -fPIC -O0   -pedantic -Wno-long-long -Wall -W -Wno-unused-parameter -Wwrite-strings   -c /media/Data/Documents/Studies/MyWork/PhD/VMKit/vmkit_stale_ref/lib/vmkit/CommonThread/Debug+Asserts/ObjectLocks_gc.s -o /media/Data/Documents/Studies/MyWork/PhD/VMKit/vmkit_stale_ref/lib/vmkit/CommonThread/Debug+Asserts/ObjectLocks_gc.o
llvm[3]: Compiling Sigsegv.cpp for Debug+Asserts build (bytecode)
if /home/koutheir/PhD/VMKit/llvm/Debug+Asserts/bin/clang++ -I/home/koutheir/PhD/VMKit/llvm/include -I/media/Data/Documents/Studies/MyWork/PhD/VMKit/vmkit_stale_ref/include -I/media/Data/Documents/Studies/MyWork/PhD/VMKit/vmkit_stale_ref/lib/vmkit/CommonThread  -D_DEBUG -D_GNU_SOURCE -D__STDC_CONSTANT_MACROS -D__STDC_FORMAT_MACROS -D__STDC_LIMIT_MACROS -g -fvisibility-inlines-hidden -fno-exceptions -fno-rtti -fPIC -Woverloaded-virtual -Wcast-qual -I/media/Data/Documents/Studies/MyWork/PhD/VMKit/vmkit_stale_ref/lib/vmkit/MMTk -fno-exceptions -Wno-variadic-macros -fno-omit-frame-pointer -fno-strict-aliasing -Wno-deprecated -ansi -fno-rtti -O0   -pedantic -Wno-long-long -Wall -W -Wno-unused-parameter -Wwrite-strings   -MMD -MP -MF "/media/Data/Documents/Studies/MyWork/PhD/VMKit/vmkit_stale_ref/lib/vmkit/CommonThread/Debug+Asserts/Sigsegv.bc.d.tmp" -MT "/media/Data/Documents/Studies/MyWork/PhD/VMKit/vmkit_stale_ref/lib/vmkit/CommonThread/Debug+Asserts/Sigsegv.ll" -MT "/media/Data/Documents/Studies/MyWork/PhD/VMKit/vmkit_stale_ref/lib/vmkit/CommonThread/Debug+Asserts/Sigsegv.bc.d" \
			Sigsegv.cpp -o /media/Data/Documents/Studies/MyWork/PhD/VMKit/vmkit_stale_ref/lib/vmkit/CommonThread/Debug+Asserts/Sigsegv.ll -S "-emit-llvm" ; \
	        then /bin/mv -f "/media/Data/Documents/Studies/MyWork/PhD/VMKit/vmkit_stale_ref/lib/vmkit/CommonThread/Debug+Asserts/Sigsegv.bc.d.tmp" "/media/Data/Documents/Studies/MyWork/PhD/VMKit/vmkit_stale_ref/lib/vmkit/CommonThread/Debug+Asserts/Sigsegv.bc.d"; else /bin/rm "/media/Data/Documents/Studies/MyWork/PhD/VMKit/vmkit_stale_ref/lib/vmkit/CommonThread/Debug+Asserts/Sigsegv.bc.d.tmp"; exit 1; fi
llvm[3]: Compiling Sigsegv.ll to Sigsegv.bc for Debug+Asserts build (bytecode)
/home/koutheir/PhD/VMKit/llvm/Debug+Asserts/bin/opt /media/Data/Documents/Studies/MyWork/PhD/VMKit/vmkit_stale_ref/lib/vmkit/CommonThread/Debug+Asserts/Sigsegv.ll -load=/media/Data/Documents/Studies/MyWork/PhD/VMKit/vmkit_stale_ref/Debug+Asserts/lib/StaticGCPass.so -inline -StaticGCPass -o /media/Data/Documents/Studies/MyWork/PhD/VMKit/vmkit_stale_ref/lib/vmkit/CommonThread/Debug+Asserts/Sigsegv_gc.bc
llvm[3]: Compiling Sigsegv.bc to Sigsegv.s for Debug+Asserts build
/home/koutheir/PhD/VMKit/llvm/Debug+Asserts/bin/llc -O=0 -asm-verbose -disable-cfi -disable-fp-elim -load=/media/Data/Documents/Studies/MyWork/PhD/VMKit/vmkit_stale_ref/Debug+Asserts/lib/StaticGCPrinter.so /media/Data/Documents/Studies/MyWork/PhD/VMKit/vmkit_stale_ref/lib/vmkit/CommonThread/Debug+Asserts/Sigsegv_gc.bc -o /media/Data/Documents/Studies/MyWork/PhD/VMKit/vmkit_stale_ref/lib/vmkit/CommonThread/Debug+Asserts/Sigsegv_gc.s
llvm[3]: Compiling Sigsegv.s for Debug+Asserts build
gcc -I/home/koutheir/PhD/VMKit/llvm/include -I/media/Data/Documents/Studies/MyWork/PhD/VMKit/vmkit_stale_ref/include -I/media/Data/Documents/Studies/MyWork/PhD/VMKit/vmkit_stale_ref/lib/vmkit/CommonThread  -D_DEBUG -D_GNU_SOURCE -D__STDC_CONSTANT_MACROS -D__STDC_FORMAT_MACROS -D__STDC_LIMIT_MACROS -g -fPIC -O0   -pedantic -Wno-long-long -Wall -W -Wno-unused-parameter -Wwrite-strings   -c /media/Data/Documents/Studies/MyWork/PhD/VMKit/vmkit_stale_ref/lib/vmkit/CommonThread/Debug+Asserts/Sigsegv_gc.s -o /media/Data/Documents/Studies/MyWork/PhD/VMKit/vmkit_stale_ref/lib/vmkit/CommonThread/Debug+Asserts/Sigsegv_gc.o
llvm[3]: Compiling ctlock.cpp for Debug+Asserts build (bytecode)
if /home/koutheir/PhD/VMKit/llvm/Debug+Asserts/bin/clang++ -I/home/koutheir/PhD/VMKit/llvm/include -I/media/Data/Documents/Studies/MyWork/PhD/VMKit/vmkit_stale_ref/include -I/media/Data/Documents/Studies/MyWork/PhD/VMKit/vmkit_stale_ref/lib/vmkit/CommonThread  -D_DEBUG -D_GNU_SOURCE -D__STDC_CONSTANT_MACROS -D__STDC_FORMAT_MACROS -D__STDC_LIMIT_MACROS -g -fvisibility-inlines-hidden -fno-exceptions -fno-rtti -fPIC -Woverloaded-virtual -Wcast-qual -I/media/Data/Documents/Studies/MyWork/PhD/VMKit/vmkit_stale_ref/lib/vmkit/MMTk -fno-exceptions -Wno-variadic-macros -fno-omit-frame-pointer -fno-strict-aliasing -Wno-deprecated -ansi -fno-rtti -O0   -pedantic -Wno-long-long -Wall -W -Wno-unused-parameter -Wwrite-strings   -MMD -MP -MF "/media/Data/Documents/Studies/MyWork/PhD/VMKit/vmkit_stale_ref/lib/vmkit/CommonThread/Debug+Asserts/ctlock.bc.d.tmp" -MT "/media/Data/Documents/Studies/MyWork/PhD/VMKit/vmkit_stale_ref/lib/vmkit/CommonThread/Debug+Asserts/ctlock.ll" -MT "/media/Data/Documents/Studies/MyWork/PhD/VMKit/vmkit_stale_ref/lib/vmkit/CommonThread/Debug+Asserts/ctlock.bc.d" \
			ctlock.cpp -o /media/Data/Documents/Studies/MyWork/PhD/VMKit/vmkit_stale_ref/lib/vmkit/CommonThread/Debug+Asserts/ctlock.ll -S "-emit-llvm" ; \
	        then /bin/mv -f "/media/Data/Documents/Studies/MyWork/PhD/VMKit/vmkit_stale_ref/lib/vmkit/CommonThread/Debug+Asserts/ctlock.bc.d.tmp" "/media/Data/Documents/Studies/MyWork/PhD/VMKit/vmkit_stale_ref/lib/vmkit/CommonThread/Debug+Asserts/ctlock.bc.d"; else /bin/rm "/media/Data/Documents/Studies/MyWork/PhD/VMKit/vmkit_stale_ref/lib/vmkit/CommonThread/Debug+Asserts/ctlock.bc.d.tmp"; exit 1; fi
llvm[3]: Compiling ctlock.ll to ctlock.bc for Debug+Asserts build (bytecode)
/home/koutheir/PhD/VMKit/llvm/Debug+Asserts/bin/opt /media/Data/Documents/Studies/MyWork/PhD/VMKit/vmkit_stale_ref/lib/vmkit/CommonThread/Debug+Asserts/ctlock.ll -load=/media/Data/Documents/Studies/MyWork/PhD/VMKit/vmkit_stale_ref/Debug+Asserts/lib/StaticGCPass.so -inline -StaticGCPass -o /media/Data/Documents/Studies/MyWork/PhD/VMKit/vmkit_stale_ref/lib/vmkit/CommonThread/Debug+Asserts/ctlock_gc.bc
llvm[3]: Compiling ctlock.bc to ctlock.s for Debug+Asserts build
/home/koutheir/PhD/VMKit/llvm/Debug+Asserts/bin/llc -O=0 -asm-verbose -disable-cfi -disable-fp-elim -load=/media/Data/Documents/Studies/MyWork/PhD/VMKit/vmkit_stale_ref/Debug+Asserts/lib/StaticGCPrinter.so /media/Data/Documents/Studies/MyWork/PhD/VMKit/vmkit_stale_ref/lib/vmkit/CommonThread/Debug+Asserts/ctlock_gc.bc -o /media/Data/Documents/Studies/MyWork/PhD/VMKit/vmkit_stale_ref/lib/vmkit/CommonThread/Debug+Asserts/ctlock_gc.s
llvm[3]: Compiling ctlock.s for Debug+Asserts build
gcc -I/home/koutheir/PhD/VMKit/llvm/include -I/media/Data/Documents/Studies/MyWork/PhD/VMKit/vmkit_stale_ref/include -I/media/Data/Documents/Studies/MyWork/PhD/VMKit/vmkit_stale_ref/lib/vmkit/CommonThread  -D_DEBUG -D_GNU_SOURCE -D__STDC_CONSTANT_MACROS -D__STDC_FORMAT_MACROS -D__STDC_LIMIT_MACROS -g -fPIC -O0   -pedantic -Wno-long-long -Wall -W -Wno-unused-parameter -Wwrite-strings   -c /media/Data/Documents/Studies/MyWork/PhD/VMKit/vmkit_stale_ref/lib/vmkit/CommonThread/Debug+Asserts/ctlock_gc.s -o /media/Data/Documents/Studies/MyWork/PhD/VMKit/vmkit_stale_ref/lib/vmkit/CommonThread/Debug+Asserts/ctlock_gc.o
llvm[3]: Compiling ctthread.cpp for Debug+Asserts build (bytecode)
if /home/koutheir/PhD/VMKit/llvm/Debug+Asserts/bin/clang++ -I/home/koutheir/PhD/VMKit/llvm/include -I/media/Data/Documents/Studies/MyWork/PhD/VMKit/vmkit_stale_ref/include -I/media/Data/Documents/Studies/MyWork/PhD/VMKit/vmkit_stale_ref/lib/vmkit/CommonThread  -D_DEBUG -D_GNU_SOURCE -D__STDC_CONSTANT_MACROS -D__STDC_FORMAT_MACROS -D__STDC_LIMIT_MACROS -g -fvisibility-inlines-hidden -fno-exceptions -fno-rtti -fPIC -Woverloaded-virtual -Wcast-qual -I/media/Data/Documents/Studies/MyWork/PhD/VMKit/vmkit_stale_ref/lib/vmkit/MMTk -fno-exceptions -Wno-variadic-macros -fno-omit-frame-pointer -fno-strict-aliasing -Wno-deprecated -ansi -fno-rtti -O0   -pedantic -Wno-long-long -Wall -W -Wno-unused-parameter -Wwrite-strings   -MMD -MP -MF "/media/Data/Documents/Studies/MyWork/PhD/VMKit/vmkit_stale_ref/lib/vmkit/CommonThread/Debug+Asserts/ctthread.bc.d.tmp" -MT "/media/Data/Documents/Studies/MyWork/PhD/VMKit/vmkit_stale_ref/lib/vmkit/CommonThread/Debug+Asserts/ctthread.ll" -MT "/media/Data/Documents/Studies/MyWork/PhD/VMKit/vmkit_stale_ref/lib/vmkit/CommonThread/Debug+Asserts/ctthread.bc.d" \
			ctthread.cpp -o /media/Data/Documents/Studies/MyWork/PhD/VMKit/vmkit_stale_ref/lib/vmkit/CommonThread/Debug+Asserts/ctthread.ll -S "-emit-llvm" ; \
	        then /bin/mv -f "/media/Data/Documents/Studies/MyWork/PhD/VMKit/vmkit_stale_ref/lib/vmkit/CommonThread/Debug+Asserts/ctthread.bc.d.tmp" "/media/Data/Documents/Studies/MyWork/PhD/VMKit/vmkit_stale_ref/lib/vmkit/CommonThread/Debug+Asserts/ctthread.bc.d"; else /bin/rm "/media/Data/Documents/Studies/MyWork/PhD/VMKit/vmkit_stale_ref/lib/vmkit/CommonThread/Debug+Asserts/ctthread.bc.d.tmp"; exit 1; fi
llvm[3]: Compiling ctthread.ll to ctthread.bc for Debug+Asserts build (bytecode)
/home/koutheir/PhD/VMKit/llvm/Debug+Asserts/bin/opt /media/Data/Documents/Studies/MyWork/PhD/VMKit/vmkit_stale_ref/lib/vmkit/CommonThread/Debug+Asserts/ctthread.ll -load=/media/Data/Documents/Studies/MyWork/PhD/VMKit/vmkit_stale_ref/Debug+Asserts/lib/StaticGCPass.so -inline -StaticGCPass -o /media/Data/Documents/Studies/MyWork/PhD/VMKit/vmkit_stale_ref/lib/vmkit/CommonThread/Debug+Asserts/ctthread_gc.bc
llvm[3]: Compiling ctthread.bc to ctthread.s for Debug+Asserts build
/home/koutheir/PhD/VMKit/llvm/Debug+Asserts/bin/llc -O=0 -asm-verbose -disable-cfi -disable-fp-elim -load=/media/Data/Documents/Studies/MyWork/PhD/VMKit/vmkit_stale_ref/Debug+Asserts/lib/StaticGCPrinter.so /media/Data/Documents/Studies/MyWork/PhD/VMKit/vmkit_stale_ref/lib/vmkit/CommonThread/Debug+Asserts/ctthread_gc.bc -o /media/Data/Documents/Studies/MyWork/PhD/VMKit/vmkit_stale_ref/lib/vmkit/CommonThread/Debug+Asserts/ctthread_gc.s
llvm[3]: Compiling ctthread.s for Debug+Asserts build
gcc -I/home/koutheir/PhD/VMKit/llvm/include -I/media/Data/Documents/Studies/MyWork/PhD/VMKit/vmkit_stale_ref/include -I/media/Data/Documents/Studies/MyWork/PhD/VMKit/vmkit_stale_ref/lib/vmkit/CommonThread  -D_DEBUG -D_GNU_SOURCE -D__STDC_CONSTANT_MACROS -D__STDC_FORMAT_MACROS -D__STDC_LIMIT_MACROS -g -fPIC -O0   -pedantic -Wno-long-long -Wall -W -Wno-unused-parameter -Wwrite-strings   -c /media/Data/Documents/Studies/MyWork/PhD/VMKit/vmkit_stale_ref/lib/vmkit/CommonThread/Debug+Asserts/ctthread_gc.s -o /media/Data/Documents/Studies/MyWork/PhD/VMKit/vmkit_stale_ref/lib/vmkit/CommonThread/Debug+Asserts/ctthread_gc.o
llvm[3]: Building Debug+Asserts Archive Library libCommonThread.a
/bin/rm -f /media/Data/Documents/Studies/MyWork/PhD/VMKit/vmkit_stale_ref/Debug+Asserts/lib/libCommonThread.a
ar cru >/dev/null 2>/dev/null /media/Data/Documents/Studies/MyWork/PhD/VMKit/vmkit_stale_ref/Debug+Asserts/lib/libCommonThread.a /media/Data/Documents/Studies/MyWork/PhD/VMKit/vmkit_stale_ref/lib/vmkit/CommonThread/Debug+Asserts/CollectionRV_gc.o /media/Data/Documents/Studies/MyWork/PhD/VMKit/vmkit_stale_ref/lib/vmkit/CommonThread/Debug+Asserts/ObjectLocks_gc.o /media/Data/Documents/Studies/MyWork/PhD/VMKit/vmkit_stale_ref/lib/vmkit/CommonThread/Debug+Asserts/Sigsegv_gc.o /media/Data/Documents/Studies/MyWork/PhD/VMKit/vmkit_stale_ref/lib/vmkit/CommonThread/Debug+Asserts/ctlock_gc.o /media/Data/Documents/Studies/MyWork/PhD/VMKit/vmkit_stale_ref/lib/vmkit/CommonThread/Debug+Asserts/ctthread_gc.o
ranlib /media/Data/Documents/Studies/MyWork/PhD/VMKit/vmkit_stale_ref/Debug+Asserts/lib/libCommonThread.a
make[3]: Leaving directory `/media/Data/Documents/Studies/MyWork/PhD/VMKit/vmkit_stale_ref/lib/vmkit/CommonThread'
make[3]: Entering directory `/media/Data/Documents/Studies/MyWork/PhD/VMKit/vmkit_stale_ref/lib/vmkit/MMTk'
/home/koutheir/PhD/VMKit/llvm/autoconf/mkinstalldirs /media/Data/Documents/Studies/MyWork/PhD/VMKit/vmkit_stale_ref/lib/vmkit/MMTk/Debug+Asserts > /dev/null
/bin/date > /media/Data/Documents/Studies/MyWork/PhD/VMKit/vmkit_stale_ref/lib/vmkit/MMTk/Debug+Asserts/.dir
llvm[3]: Compiling VmkitGC.cpp for Debug+Asserts build (bytecode)
if /home/koutheir/PhD/VMKit/llvm/Debug+Asserts/bin/clang++ -I/home/koutheir/PhD/VMKit/llvm/include -I/media/Data/Documents/Studies/MyWork/PhD/VMKit/vmkit_stale_ref/include -I/media/Data/Documents/Studies/MyWork/PhD/VMKit/vmkit_stale_ref/lib/vmkit/MMTk  -D_DEBUG -D_GNU_SOURCE -D__STDC_CONSTANT_MACROS -D__STDC_FORMAT_MACROS -D__STDC_LIMIT_MACROS -g -fvisibility-inlines-hidden -fno-exceptions -fno-rtti -fPIC -Woverloaded-virtual -Wcast-qual -I/media/Data/Documents/Studies/MyWork/PhD/VMKit/vmkit_stale_ref/lib/vmkit/MMTk -fno-exceptions -Wno-variadic-macros -fno-omit-frame-pointer -fno-strict-aliasing -Wno-deprecated -ansi -fno-rtti -O0   -pedantic -Wno-long-long -Wall -W -Wno-unused-parameter -Wwrite-strings   -MMD -MP -MF "/media/Data/Documents/Studies/MyWork/PhD/VMKit/vmkit_stale_ref/lib/vmkit/MMTk/Debug+Asserts/VmkitGC.bc.d.tmp" -MT "/media/Data/Documents/Studies/MyWork/PhD/VMKit/vmkit_stale_ref/lib/vmkit/MMTk/Debug+Asserts/VmkitGC.ll" -MT "/media/Data/Documents/Studies/MyWork/PhD/VMKit/vmkit_stale_ref/lib/vmkit/MMTk/Debug+Asserts/VmkitGC.bc.d" \
			VmkitGC.cpp -o /media/Data/Documents/Studies/MyWork/PhD/VMKit/vmkit_stale_ref/lib/vmkit/MMTk/Debug+Asserts/VmkitGC.ll -S "-emit-llvm" ; \
	        then /bin/mv -f "/media/Data/Documents/Studies/MyWork/PhD/VMKit/vmkit_stale_ref/lib/vmkit/MMTk/Debug+Asserts/VmkitGC.bc.d.tmp" "/media/Data/Documents/Studies/MyWork/PhD/VMKit/vmkit_stale_ref/lib/vmkit/MMTk/Debug+Asserts/VmkitGC.bc.d"; else /bin/rm "/media/Data/Documents/Studies/MyWork/PhD/VMKit/vmkit_stale_ref/lib/vmkit/MMTk/Debug+Asserts/VmkitGC.bc.d.tmp"; exit 1; fi
llvm[3]: Compiling VmkitGC.ll to VmkitGC.bc for Debug+Asserts build (bytecode)
/home/koutheir/PhD/VMKit/llvm/Debug+Asserts/bin/opt /media/Data/Documents/Studies/MyWork/PhD/VMKit/vmkit_stale_ref/lib/vmkit/MMTk/Debug+Asserts/VmkitGC.ll -load=/media/Data/Documents/Studies/MyWork/PhD/VMKit/vmkit_stale_ref/Debug+Asserts/lib/StaticGCPass.so -inline -StaticGCPass -o /media/Data/Documents/Studies/MyWork/PhD/VMKit/vmkit_stale_ref/lib/vmkit/MMTk/Debug+Asserts/VmkitGC_gc.bc
llvm[3]: Compiling VmkitGC.bc to VmkitGC.s for Debug+Asserts build
/home/koutheir/PhD/VMKit/llvm/Debug+Asserts/bin/llc -O=0 -asm-verbose -disable-cfi -disable-fp-elim -load=/media/Data/Documents/Studies/MyWork/PhD/VMKit/vmkit_stale_ref/Debug+Asserts/lib/StaticGCPrinter.so /media/Data/Documents/Studies/MyWork/PhD/VMKit/vmkit_stale_ref/lib/vmkit/MMTk/Debug+Asserts/VmkitGC_gc.bc -o /media/Data/Documents/Studies/MyWork/PhD/VMKit/vmkit_stale_ref/lib/vmkit/MMTk/Debug+Asserts/VmkitGC_gc.s
llvm[3]: Compiling VmkitGC.s for Debug+Asserts build
gcc -I/home/koutheir/PhD/VMKit/llvm/include -I/media/Data/Documents/Studies/MyWork/PhD/VMKit/vmkit_stale_ref/include -I/media/Data/Documents/Studies/MyWork/PhD/VMKit/vmkit_stale_ref/lib/vmkit/MMTk  -D_DEBUG -D_GNU_SOURCE -D__STDC_CONSTANT_MACROS -D__STDC_FORMAT_MACROS -D__STDC_LIMIT_MACROS -g -fPIC -O0   -pedantic -Wno-long-long -Wall -W -Wno-unused-parameter -Wwrite-strings   -c /media/Data/Documents/Studies/MyWork/PhD/VMKit/vmkit_stale_ref/lib/vmkit/MMTk/Debug+Asserts/VmkitGC_gc.s -o /media/Data/Documents/Studies/MyWork/PhD/VMKit/vmkit_stale_ref/lib/vmkit/MMTk/Debug+Asserts/VmkitGC_gc.o
llvm[3]: Building Debug+Asserts Archive Library libMMTk.a
/bin/rm -f /media/Data/Documents/Studies/MyWork/PhD/VMKit/vmkit_stale_ref/Debug+Asserts/lib/libMMTk.a
ar cru >/dev/null 2>/dev/null /media/Data/Documents/Studies/MyWork/PhD/VMKit/vmkit_stale_ref/Debug+Asserts/lib/libMMTk.a /media/Data/Documents/Studies/MyWork/PhD/VMKit/vmkit_stale_ref/lib/vmkit/MMTk/Debug+Asserts/VmkitGC_gc.o
ranlib /media/Data/Documents/Studies/MyWork/PhD/VMKit/vmkit_stale_ref/Debug+Asserts/lib/libMMTk.a
make[3]: Leaving directory `/media/Data/Documents/Studies/MyWork/PhD/VMKit/vmkit_stale_ref/lib/vmkit/MMTk'
make[3]: Entering directory `/media/Data/Documents/Studies/MyWork/PhD/VMKit/vmkit_stale_ref/lib/vmkit/Runtime'
/home/koutheir/PhD/VMKit/llvm/autoconf/mkinstalldirs /media/Data/Documents/Studies/MyWork/PhD/VMKit/vmkit_stale_ref/lib/vmkit/Runtime/Debug+Asserts > /dev/null
/bin/date > /media/Data/Documents/Studies/MyWork/PhD/VMKit/vmkit_stale_ref/lib/vmkit/Runtime/Debug+Asserts/.dir
llvm[3]: Compiling MethodInfo.cpp for Debug+Asserts build (bytecode)
if /home/koutheir/PhD/VMKit/llvm/Debug+Asserts/bin/clang++ -I/home/koutheir/PhD/VMKit/llvm/include -I/media/Data/Documents/Studies/MyWork/PhD/VMKit/vmkit_stale_ref/include -I/media/Data/Documents/Studies/MyWork/PhD/VMKit/vmkit_stale_ref/lib/vmkit/Runtime  -D_DEBUG -D_GNU_SOURCE -D__STDC_CONSTANT_MACROS -D__STDC_FORMAT_MACROS -D__STDC_LIMIT_MACROS -g -fvisibility-inlines-hidden -fno-exceptions -fno-rtti -fPIC -Woverloaded-virtual -Wcast-qual -I/media/Data/Documents/Studies/MyWork/PhD/VMKit/vmkit_stale_ref/lib/vmkit/MMTk -fno-exceptions -Wno-variadic-macros -fno-omit-frame-pointer -fno-strict-aliasing -Wno-deprecated -ansi -fno-rtti -O0   -pedantic -Wno-long-long -Wall -W -Wno-unused-parameter -Wwrite-strings   -MMD -MP -MF "/media/Data/Documents/Studies/MyWork/PhD/VMKit/vmkit_stale_ref/lib/vmkit/Runtime/Debug+Asserts/MethodInfo.bc.d.tmp" -MT "/media/Data/Documents/Studies/MyWork/PhD/VMKit/vmkit_stale_ref/lib/vmkit/Runtime/Debug+Asserts/MethodInfo.ll" -MT "/media/Data/Documents/Studies/MyWork/PhD/VMKit/vmkit_stale_ref/lib/vmkit/Runtime/Debug+Asserts/MethodInfo.bc.d" \
			MethodInfo.cpp -o /media/Data/Documents/Studies/MyWork/PhD/VMKit/vmkit_stale_ref/lib/vmkit/Runtime/Debug+Asserts/MethodInfo.ll -S "-emit-llvm" ; \
	        then /bin/mv -f "/media/Data/Documents/Studies/MyWork/PhD/VMKit/vmkit_stale_ref/lib/vmkit/Runtime/Debug+Asserts/MethodInfo.bc.d.tmp" "/media/Data/Documents/Studies/MyWork/PhD/VMKit/vmkit_stale_ref/lib/vmkit/Runtime/Debug+Asserts/MethodInfo.bc.d"; else /bin/rm "/media/Data/Documents/Studies/MyWork/PhD/VMKit/vmkit_stale_ref/lib/vmkit/Runtime/Debug+Asserts/MethodInfo.bc.d.tmp"; exit 1; fi
llvm[3]: Compiling MethodInfo.ll to MethodInfo.bc for Debug+Asserts build (bytecode)
/home/koutheir/PhD/VMKit/llvm/Debug+Asserts/bin/opt /media/Data/Documents/Studies/MyWork/PhD/VMKit/vmkit_stale_ref/lib/vmkit/Runtime/Debug+Asserts/MethodInfo.ll -load=/media/Data/Documents/Studies/MyWork/PhD/VMKit/vmkit_stale_ref/Debug+Asserts/lib/StaticGCPass.so -inline -StaticGCPass -o /media/Data/Documents/Studies/MyWork/PhD/VMKit/vmkit_stale_ref/lib/vmkit/Runtime/Debug+Asserts/MethodInfo_gc.bc
llvm[3]: Compiling MethodInfo.bc to MethodInfo.s for Debug+Asserts build
/home/koutheir/PhD/VMKit/llvm/Debug+Asserts/bin/llc -O=0 -asm-verbose -disable-cfi -disable-fp-elim -load=/media/Data/Documents/Studies/MyWork/PhD/VMKit/vmkit_stale_ref/Debug+Asserts/lib/StaticGCPrinter.so /media/Data/Documents/Studies/MyWork/PhD/VMKit/vmkit_stale_ref/lib/vmkit/Runtime/Debug+Asserts/MethodInfo_gc.bc -o /media/Data/Documents/Studies/MyWork/PhD/VMKit/vmkit_stale_ref/lib/vmkit/Runtime/Debug+Asserts/MethodInfo_gc.s
llvm[3]: Compiling MethodInfo.s for Debug+Asserts build
gcc -I/home/koutheir/PhD/VMKit/llvm/include -I/media/Data/Documents/Studies/MyWork/PhD/VMKit/vmkit_stale_ref/include -I/media/Data/Documents/Studies/MyWork/PhD/VMKit/vmkit_stale_ref/lib/vmkit/Runtime  -D_DEBUG -D_GNU_SOURCE -D__STDC_CONSTANT_MACROS -D__STDC_FORMAT_MACROS -D__STDC_LIMIT_MACROS -g -fPIC -O0   -pedantic -Wno-long-long -Wall -W -Wno-unused-parameter -Wwrite-strings   -c /media/Data/Documents/Studies/MyWork/PhD/VMKit/vmkit_stale_ref/lib/vmkit/Runtime/Debug+Asserts/MethodInfo_gc.s -o /media/Data/Documents/Studies/MyWork/PhD/VMKit/vmkit_stale_ref/lib/vmkit/Runtime/Debug+Asserts/MethodInfo_gc.o
llvm[3]: Compiling Object.cpp for Debug+Asserts build (bytecode)
if /home/koutheir/PhD/VMKit/llvm/Debug+Asserts/bin/clang++ -I/home/koutheir/PhD/VMKit/llvm/include -I/media/Data/Documents/Studies/MyWork/PhD/VMKit/vmkit_stale_ref/include -I/media/Data/Documents/Studies/MyWork/PhD/VMKit/vmkit_stale_ref/lib/vmkit/Runtime  -D_DEBUG -D_GNU_SOURCE -D__STDC_CONSTANT_MACROS -D__STDC_FORMAT_MACROS -D__STDC_LIMIT_MACROS -g -fvisibility-inlines-hidden -fno-exceptions -fno-rtti -fPIC -Woverloaded-virtual -Wcast-qual -I/media/Data/Documents/Studies/MyWork/PhD/VMKit/vmkit_stale_ref/lib/vmkit/MMTk -fno-exceptions -Wno-variadic-macros -fno-omit-frame-pointer -fno-strict-aliasing -Wno-deprecated -ansi -fno-rtti -O0   -pedantic -Wno-long-long -Wall -W -Wno-unused-parameter -Wwrite-strings   -MMD -MP -MF "/media/Data/Documents/Studies/MyWork/PhD/VMKit/vmkit_stale_ref/lib/vmkit/Runtime/Debug+Asserts/Object.bc.d.tmp" -MT "/media/Data/Documents/Studies/MyWork/PhD/VMKit/vmkit_stale_ref/lib/vmkit/Runtime/Debug+Asserts/Object.ll" -MT "/media/Data/Documents/Studies/MyWork/PhD/VMKit/vmkit_stale_ref/lib/vmkit/Runtime/Debug+Asserts/Object.bc.d" \
			Object.cpp -o /media/Data/Documents/Studies/MyWork/PhD/VMKit/vmkit_stale_ref/lib/vmkit/Runtime/Debug+Asserts/Object.ll -S "-emit-llvm" ; \
	        then /bin/mv -f "/media/Data/Documents/Studies/MyWork/PhD/VMKit/vmkit_stale_ref/lib/vmkit/Runtime/Debug+Asserts/Object.bc.d.tmp" "/media/Data/Documents/Studies/MyWork/PhD/VMKit/vmkit_stale_ref/lib/vmkit/Runtime/Debug+Asserts/Object.bc.d"; else /bin/rm "/media/Data/Documents/Studies/MyWork/PhD/VMKit/vmkit_stale_ref/lib/vmkit/Runtime/Debug+Asserts/Object.bc.d.tmp"; exit 1; fi
llvm[3]: Compiling Object.ll to Object.bc for Debug+Asserts build (bytecode)
/home/koutheir/PhD/VMKit/llvm/Debug+Asserts/bin/opt /media/Data/Documents/Studies/MyWork/PhD/VMKit/vmkit_stale_ref/lib/vmkit/Runtime/Debug+Asserts/Object.ll -load=/media/Data/Documents/Studies/MyWork/PhD/VMKit/vmkit_stale_ref/Debug+Asserts/lib/StaticGCPass.so -inline -StaticGCPass -o /media/Data/Documents/Studies/MyWork/PhD/VMKit/vmkit_stale_ref/lib/vmkit/Runtime/Debug+Asserts/Object_gc.bc
llvm[3]: Compiling Object.bc to Object.s for Debug+Asserts build
/home/koutheir/PhD/VMKit/llvm/Debug+Asserts/bin/llc -O=0 -asm-verbose -disable-cfi -disable-fp-elim -load=/media/Data/Documents/Studies/MyWork/PhD/VMKit/vmkit_stale_ref/Debug+Asserts/lib/StaticGCPrinter.so /media/Data/Documents/Studies/MyWork/PhD/VMKit/vmkit_stale_ref/lib/vmkit/Runtime/Debug+Asserts/Object_gc.bc -o /media/Data/Documents/Studies/MyWork/PhD/VMKit/vmkit_stale_ref/lib/vmkit/Runtime/Debug+Asserts/Object_gc.s
llvm[3]: Compiling Object.s for Debug+Asserts build
gcc -I/home/koutheir/PhD/VMKit/llvm/include -I/media/Data/Documents/Studies/MyWork/PhD/VMKit/vmkit_stale_ref/include -I/media/Data/Documents/Studies/MyWork/PhD/VMKit/vmkit_stale_ref/lib/vmkit/Runtime  -D_DEBUG -D_GNU_SOURCE -D__STDC_CONSTANT_MACROS -D__STDC_FORMAT_MACROS -D__STDC_LIMIT_MACROS -g -fPIC -O0   -pedantic -Wno-long-long -Wall -W -Wno-unused-parameter -Wwrite-strings   -c /media/Data/Documents/Studies/MyWork/PhD/VMKit/vmkit_stale_ref/lib/vmkit/Runtime/Debug+Asserts/Object_gc.s -o /media/Data/Documents/Studies/MyWork/PhD/VMKit/vmkit_stale_ref/lib/vmkit/Runtime/Debug+Asserts/Object_gc.o
llvm[3]: Compiling UTF8.cpp for Debug+Asserts build (bytecode)
if /home/koutheir/PhD/VMKit/llvm/Debug+Asserts/bin/clang++ -I/home/koutheir/PhD/VMKit/llvm/include -I/media/Data/Documents/Studies/MyWork/PhD/VMKit/vmkit_stale_ref/include -I/media/Data/Documents/Studies/MyWork/PhD/VMKit/vmkit_stale_ref/lib/vmkit/Runtime  -D_DEBUG -D_GNU_SOURCE -D__STDC_CONSTANT_MACROS -D__STDC_FORMAT_MACROS -D__STDC_LIMIT_MACROS -g -fvisibility-inlines-hidden -fno-exceptions -fno-rtti -fPIC -Woverloaded-virtual -Wcast-qual -I/media/Data/Documents/Studies/MyWork/PhD/VMKit/vmkit_stale_ref/lib/vmkit/MMTk -fno-exceptions -Wno-variadic-macros -fno-omit-frame-pointer -fno-strict-aliasing -Wno-deprecated -ansi -fno-rtti -O0   -pedantic -Wno-long-long -Wall -W -Wno-unused-parameter -Wwrite-strings   -MMD -MP -MF "/media/Data/Documents/Studies/MyWork/PhD/VMKit/vmkit_stale_ref/lib/vmkit/Runtime/Debug+Asserts/UTF8.bc.d.tmp" -MT "/media/Data/Documents/Studies/MyWork/PhD/VMKit/vmkit_stale_ref/lib/vmkit/Runtime/Debug+Asserts/UTF8.ll" -MT "/media/Data/Documents/Studies/MyWork/PhD/VMKit/vmkit_stale_ref/lib/vmkit/Runtime/Debug+Asserts/UTF8.bc.d" \
			UTF8.cpp -o /media/Data/Documents/Studies/MyWork/PhD/VMKit/vmkit_stale_ref/lib/vmkit/Runtime/Debug+Asserts/UTF8.ll -S "-emit-llvm" ; \
	        then /bin/mv -f "/media/Data/Documents/Studies/MyWork/PhD/VMKit/vmkit_stale_ref/lib/vmkit/Runtime/Debug+Asserts/UTF8.bc.d.tmp" "/media/Data/Documents/Studies/MyWork/PhD/VMKit/vmkit_stale_ref/lib/vmkit/Runtime/Debug+Asserts/UTF8.bc.d"; else /bin/rm "/media/Data/Documents/Studies/MyWork/PhD/VMKit/vmkit_stale_ref/lib/vmkit/Runtime/Debug+Asserts/UTF8.bc.d.tmp"; exit 1; fi
llvm[3]: Compiling UTF8.ll to UTF8.bc for Debug+Asserts build (bytecode)
/home/koutheir/PhD/VMKit/llvm/Debug+Asserts/bin/opt /media/Data/Documents/Studies/MyWork/PhD/VMKit/vmkit_stale_ref/lib/vmkit/Runtime/Debug+Asserts/UTF8.ll -load=/media/Data/Documents/Studies/MyWork/PhD/VMKit/vmkit_stale_ref/Debug+Asserts/lib/StaticGCPass.so -inline -StaticGCPass -o /media/Data/Documents/Studies/MyWork/PhD/VMKit/vmkit_stale_ref/lib/vmkit/Runtime/Debug+Asserts/UTF8_gc.bc
llvm[3]: Compiling UTF8.bc to UTF8.s for Debug+Asserts build
/home/koutheir/PhD/VMKit/llvm/Debug+Asserts/bin/llc -O=0 -asm-verbose -disable-cfi -disable-fp-elim -load=/media/Data/Documents/Studies/MyWork/PhD/VMKit/vmkit_stale_ref/Debug+Asserts/lib/StaticGCPrinter.so /media/Data/Documents/Studies/MyWork/PhD/VMKit/vmkit_stale_ref/lib/vmkit/Runtime/Debug+Asserts/UTF8_gc.bc -o /media/Data/Documents/Studies/MyWork/PhD/VMKit/vmkit_stale_ref/lib/vmkit/Runtime/Debug+Asserts/UTF8_gc.s
llvm[3]: Compiling UTF8.s for Debug+Asserts build
gcc -I/home/koutheir/PhD/VMKit/llvm/include -I/media/Data/Documents/Studies/MyWork/PhD/VMKit/vmkit_stale_ref/include -I/media/Data/Documents/Studies/MyWork/PhD/VMKit/vmkit_stale_ref/lib/vmkit/Runtime  -D_DEBUG -D_GNU_SOURCE -D__STDC_CONSTANT_MACROS -D__STDC_FORMAT_MACROS -D__STDC_LIMIT_MACROS -g -fPIC -O0   -pedantic -Wno-long-long -Wall -W -Wno-unused-parameter -Wwrite-strings   -c /media/Data/Documents/Studies/MyWork/PhD/VMKit/vmkit_stale_ref/lib/vmkit/Runtime/Debug+Asserts/UTF8_gc.s -o /media/Data/Documents/Studies/MyWork/PhD/VMKit/vmkit_stale_ref/lib/vmkit/Runtime/Debug+Asserts/UTF8_gc.o
llvm[3]: Building Debug+Asserts Archive Library libVmkit.a
/bin/rm -f /media/Data/Documents/Studies/MyWork/PhD/VMKit/vmkit_stale_ref/Debug+Asserts/lib/libVmkit.a
ar cru >/dev/null 2>/dev/null /media/Data/Documents/Studies/MyWork/PhD/VMKit/vmkit_stale_ref/Debug+Asserts/lib/libVmkit.a /media/Data/Documents/Studies/MyWork/PhD/VMKit/vmkit_stale_ref/lib/vmkit/Runtime/Debug+Asserts/MethodInfo_gc.o /media/Data/Documents/Studies/MyWork/PhD/VMKit/vmkit_stale_ref/lib/vmkit/Runtime/Debug+Asserts/Object_gc.o /media/Data/Documents/Studies/MyWork/PhD/VMKit/vmkit_stale_ref/lib/vmkit/Runtime/Debug+Asserts/UTF8_gc.o
ranlib /media/Data/Documents/Studies/MyWork/PhD/VMKit/vmkit_stale_ref/Debug+Asserts/lib/libVmkit.a
make[3]: Leaving directory `/media/Data/Documents/Studies/MyWork/PhD/VMKit/vmkit_stale_ref/lib/vmkit/Runtime'
make[3]: Entering directory `/media/Data/Documents/Studies/MyWork/PhD/VMKit/vmkit_stale_ref/lib/vmkit/Compiler'
llvm[3]: Building LLVM runtime with /media/Data/Documents/Studies/MyWork/PhD/VMKit/vmkit_stale_ref/lib/vmkit/Compiler/LLVMRuntime.ll
cat /media/Data/Documents/Studies/MyWork/PhD/VMKit/vmkit_stale_ref/lib/vmkit/Compiler/LLVMRuntime.ll | /home/koutheir/PhD/VMKit/llvm/Debug+Asserts/bin/llvm-as -o - | /home/koutheir/PhD/VMKit/llvm/Debug+Asserts/bin/llc -O=0 -march=cpp -cppgen=contents -o LLVMRuntime.inc
/home/koutheir/PhD/VMKit/llvm/autoconf/mkinstalldirs /media/Data/Documents/Studies/MyWork/PhD/VMKit/vmkit_stale_ref/lib/vmkit/Compiler/Debug+Asserts > /dev/null
/bin/date > /media/Data/Documents/Studies/MyWork/PhD/VMKit/vmkit_stale_ref/lib/vmkit/Compiler/Debug+Asserts/.dir
llvm[3]: Compiling Disassembler.cpp for Debug+Asserts build (bytecode)
if /home/koutheir/PhD/VMKit/llvm/Debug+Asserts/bin/clang++ -I/home/koutheir/PhD/VMKit/llvm/include -I/media/Data/Documents/Studies/MyWork/PhD/VMKit/vmkit_stale_ref/include -I/media/Data/Documents/Studies/MyWork/PhD/VMKit/vmkit_stale_ref/lib/vmkit/Compiler  -D_DEBUG -D_GNU_SOURCE -D__STDC_CONSTANT_MACROS -D__STDC_FORMAT_MACROS -D__STDC_LIMIT_MACROS -g -fvisibility-inlines-hidden -fno-exceptions -fno-rtti -fPIC -Woverloaded-virtual -Wcast-qual -I/media/Data/Documents/Studies/MyWork/PhD/VMKit/vmkit_stale_ref/lib/vmkit/MMTk -fno-exceptions -Wno-variadic-macros -fno-omit-frame-pointer -fno-strict-aliasing -Wno-deprecated -ansi -fno-rtti -O0   -pedantic -Wno-long-long -Wall -W -Wno-unused-parameter -Wwrite-strings   -MMD -MP -MF "/media/Data/Documents/Studies/MyWork/PhD/VMKit/vmkit_stale_ref/lib/vmkit/Compiler/Debug+Asserts/Disassembler.bc.d.tmp" -MT "/media/Data/Documents/Studies/MyWork/PhD/VMKit/vmkit_stale_ref/lib/vmkit/Compiler/Debug+Asserts/Disassembler.ll" -MT "/media/Data/Documents/Studies/MyWork/PhD/VMKit/vmkit_stale_ref/lib/vmkit/Compiler/Debug+Asserts/Disassembler.bc.d" \
			Disassembler.cpp -o /media/Data/Documents/Studies/MyWork/PhD/VMKit/vmkit_stale_ref/lib/vmkit/Compiler/Debug+Asserts/Disassembler.ll -S "-emit-llvm" ; \
	        then /bin/mv -f "/media/Data/Documents/Studies/MyWork/PhD/VMKit/vmkit_stale_ref/lib/vmkit/Compiler/Debug+Asserts/Disassembler.bc.d.tmp" "/media/Data/Documents/Studies/MyWork/PhD/VMKit/vmkit_stale_ref/lib/vmkit/Compiler/Debug+Asserts/Disassembler.bc.d"; else /bin/rm "/media/Data/Documents/Studies/MyWork/PhD/VMKit/vmkit_stale_ref/lib/vmkit/Compiler/Debug+Asserts/Disassembler.bc.d.tmp"; exit 1; fi
llvm[3]: Compiling Disassembler.ll to Disassembler.bc for Debug+Asserts build (bytecode)
/home/koutheir/PhD/VMKit/llvm/Debug+Asserts/bin/opt /media/Data/Documents/Studies/MyWork/PhD/VMKit/vmkit_stale_ref/lib/vmkit/Compiler/Debug+Asserts/Disassembler.ll -load=/media/Data/Documents/Studies/MyWork/PhD/VMKit/vmkit_stale_ref/Debug+Asserts/lib/StaticGCPass.so -inline -StaticGCPass -o /media/Data/Documents/Studies/MyWork/PhD/VMKit/vmkit_stale_ref/lib/vmkit/Compiler/Debug+Asserts/Disassembler_gc.bc
llvm[3]: Compiling Disassembler.bc to Disassembler.s for Debug+Asserts build
/home/koutheir/PhD/VMKit/llvm/Debug+Asserts/bin/llc -O=0 -asm-verbose -disable-cfi -disable-fp-elim -load=/media/Data/Documents/Studies/MyWork/PhD/VMKit/vmkit_stale_ref/Debug+Asserts/lib/StaticGCPrinter.so /media/Data/Documents/Studies/MyWork/PhD/VMKit/vmkit_stale_ref/lib/vmkit/Compiler/Debug+Asserts/Disassembler_gc.bc -o /media/Data/Documents/Studies/MyWork/PhD/VMKit/vmkit_stale_ref/lib/vmkit/Compiler/Debug+Asserts/Disassembler_gc.s
llvm[3]: Compiling Disassembler.s for Debug+Asserts build
gcc -I/home/koutheir/PhD/VMKit/llvm/include -I/media/Data/Documents/Studies/MyWork/PhD/VMKit/vmkit_stale_ref/include -I/media/Data/Documents/Studies/MyWork/PhD/VMKit/vmkit_stale_ref/lib/vmkit/Compiler  -D_DEBUG -D_GNU_SOURCE -D__STDC_CONSTANT_MACROS -D__STDC_FORMAT_MACROS -D__STDC_LIMIT_MACROS -g -fPIC -O0   -pedantic -Wno-long-long -Wall -W -Wno-unused-parameter -Wwrite-strings   -c /media/Data/Documents/Studies/MyWork/PhD/VMKit/vmkit_stale_ref/lib/vmkit/Compiler/Debug+Asserts/Disassembler_gc.s -o /media/Data/Documents/Studies/MyWork/PhD/VMKit/vmkit_stale_ref/lib/vmkit/Compiler/Debug+Asserts/Disassembler_gc.o
llvm[3]: Compiling EscapeAnalysis.cpp for Debug+Asserts build (bytecode)
if /home/koutheir/PhD/VMKit/llvm/Debug+Asserts/bin/clang++ -I/home/koutheir/PhD/VMKit/llvm/include -I/media/Data/Documents/Studies/MyWork/PhD/VMKit/vmkit_stale_ref/include -I/media/Data/Documents/Studies/MyWork/PhD/VMKit/vmkit_stale_ref/lib/vmkit/Compiler  -D_DEBUG -D_GNU_SOURCE -D__STDC_CONSTANT_MACROS -D__STDC_FORMAT_MACROS -D__STDC_LIMIT_MACROS -g -fvisibility-inlines-hidden -fno-exceptions -fno-rtti -fPIC -Woverloaded-virtual -Wcast-qual -I/media/Data/Documents/Studies/MyWork/PhD/VMKit/vmkit_stale_ref/lib/vmkit/MMTk -fno-exceptions -Wno-variadic-macros -fno-omit-frame-pointer -fno-strict-aliasing -Wno-deprecated -ansi -fno-rtti -O0   -pedantic -Wno-long-long -Wall -W -Wno-unused-parameter -Wwrite-strings   -MMD -MP -MF "/media/Data/Documents/Studies/MyWork/PhD/VMKit/vmkit_stale_ref/lib/vmkit/Compiler/Debug+Asserts/EscapeAnalysis.bc.d.tmp" -MT "/media/Data/Documents/Studies/MyWork/PhD/VMKit/vmkit_stale_ref/lib/vmkit/Compiler/Debug+Asserts/EscapeAnalysis.ll" -MT "/media/Data/Documents/Studies/MyWork/PhD/VMKit/vmkit_stale_ref/lib/vmkit/Compiler/Debug+Asserts/EscapeAnalysis.bc.d" \
			EscapeAnalysis.cpp -o /media/Data/Documents/Studies/MyWork/PhD/VMKit/vmkit_stale_ref/lib/vmkit/Compiler/Debug+Asserts/EscapeAnalysis.ll -S "-emit-llvm" ; \
	        then /bin/mv -f "/media/Data/Documents/Studies/MyWork/PhD/VMKit/vmkit_stale_ref/lib/vmkit/Compiler/Debug+Asserts/EscapeAnalysis.bc.d.tmp" "/media/Data/Documents/Studies/MyWork/PhD/VMKit/vmkit_stale_ref/lib/vmkit/Compiler/Debug+Asserts/EscapeAnalysis.bc.d"; else /bin/rm "/media/Data/Documents/Studies/MyWork/PhD/VMKit/vmkit_stale_ref/lib/vmkit/Compiler/Debug+Asserts/EscapeAnalysis.bc.d.tmp"; exit 1; fi
llvm[3]: Compiling EscapeAnalysis.ll to EscapeAnalysis.bc for Debug+Asserts build (bytecode)
/home/koutheir/PhD/VMKit/llvm/Debug+Asserts/bin/opt /media/Data/Documents/Studies/MyWork/PhD/VMKit/vmkit_stale_ref/lib/vmkit/Compiler/Debug+Asserts/EscapeAnalysis.ll -load=/media/Data/Documents/Studies/MyWork/PhD/VMKit/vmkit_stale_ref/Debug+Asserts/lib/StaticGCPass.so -inline -StaticGCPass -o /media/Data/Documents/Studies/MyWork/PhD/VMKit/vmkit_stale_ref/lib/vmkit/Compiler/Debug+Asserts/EscapeAnalysis_gc.bc
llvm[3]: Compiling EscapeAnalysis.bc to EscapeAnalysis.s for Debug+Asserts build
/home/koutheir/PhD/VMKit/llvm/Debug+Asserts/bin/llc -O=0 -asm-verbose -disable-cfi -disable-fp-elim -load=/media/Data/Documents/Studies/MyWork/PhD/VMKit/vmkit_stale_ref/Debug+Asserts/lib/StaticGCPrinter.so /media/Data/Documents/Studies/MyWork/PhD/VMKit/vmkit_stale_ref/lib/vmkit/Compiler/Debug+Asserts/EscapeAnalysis_gc.bc -o /media/Data/Documents/Studies/MyWork/PhD/VMKit/vmkit_stale_ref/lib/vmkit/Compiler/Debug+Asserts/EscapeAnalysis_gc.s
llvm[3]: Compiling EscapeAnalysis.s for Debug+Asserts build
gcc -I/home/koutheir/PhD/VMKit/llvm/include -I/media/Data/Documents/Studies/MyWork/PhD/VMKit/vmkit_stale_ref/include -I/media/Data/Documents/Studies/MyWork/PhD/VMKit/vmkit_stale_ref/lib/vmkit/Compiler  -D_DEBUG -D_GNU_SOURCE -D__STDC_CONSTANT_MACROS -D__STDC_FORMAT_MACROS -D__STDC_LIMIT_MACROS -g -fPIC -O0   -pedantic -Wno-long-long -Wall -W -Wno-unused-parameter -Wwrite-strings   -c /media/Data/Documents/Studies/MyWork/PhD/VMKit/vmkit_stale_ref/lib/vmkit/Compiler/Debug+Asserts/EscapeAnalysis_gc.s -o /media/Data/Documents/Studies/MyWork/PhD/VMKit/vmkit_stale_ref/lib/vmkit/Compiler/Debug+Asserts/EscapeAnalysis_gc.o
llvm[3]: Compiling InlineMalloc.cpp for Debug+Asserts build (bytecode)
if /home/koutheir/PhD/VMKit/llvm/Debug+Asserts/bin/clang++ -I/home/koutheir/PhD/VMKit/llvm/include -I/media/Data/Documents/Studies/MyWork/PhD/VMKit/vmkit_stale_ref/include -I/media/Data/Documents/Studies/MyWork/PhD/VMKit/vmkit_stale_ref/lib/vmkit/Compiler  -D_DEBUG -D_GNU_SOURCE -D__STDC_CONSTANT_MACROS -D__STDC_FORMAT_MACROS -D__STDC_LIMIT_MACROS -g -fvisibility-inlines-hidden -fno-exceptions -fno-rtti -fPIC -Woverloaded-virtual -Wcast-qual -I/media/Data/Documents/Studies/MyWork/PhD/VMKit/vmkit_stale_ref/lib/vmkit/MMTk -fno-exceptions -Wno-variadic-macros -fno-omit-frame-pointer -fno-strict-aliasing -Wno-deprecated -ansi -fno-rtti -O0   -pedantic -Wno-long-long -Wall -W -Wno-unused-parameter -Wwrite-strings   -MMD -MP -MF "/media/Data/Documents/Studies/MyWork/PhD/VMKit/vmkit_stale_ref/lib/vmkit/Compiler/Debug+Asserts/InlineMalloc.bc.d.tmp" -MT "/media/Data/Documents/Studies/MyWork/PhD/VMKit/vmkit_stale_ref/lib/vmkit/Compiler/Debug+Asserts/InlineMalloc.ll" -MT "/media/Data/Documents/Studies/MyWork/PhD/VMKit/vmkit_stale_ref/lib/vmkit/Compiler/Debug+Asserts/InlineMalloc.bc.d" \
			InlineMalloc.cpp -o /media/Data/Documents/Studies/MyWork/PhD/VMKit/vmkit_stale_ref/lib/vmkit/Compiler/Debug+Asserts/InlineMalloc.ll -S "-emit-llvm" ; \
	        then /bin/mv -f "/media/Data/Documents/Studies/MyWork/PhD/VMKit/vmkit_stale_ref/lib/vmkit/Compiler/Debug+Asserts/InlineMalloc.bc.d.tmp" "/media/Data/Documents/Studies/MyWork/PhD/VMKit/vmkit_stale_ref/lib/vmkit/Compiler/Debug+Asserts/InlineMalloc.bc.d"; else /bin/rm "/media/Data/Documents/Studies/MyWork/PhD/VMKit/vmkit_stale_ref/lib/vmkit/Compiler/Debug+Asserts/InlineMalloc.bc.d.tmp"; exit 1; fi
llvm[3]: Compiling InlineMalloc.ll to InlineMalloc.bc for Debug+Asserts build (bytecode)
/home/koutheir/PhD/VMKit/llvm/Debug+Asserts/bin/opt /media/Data/Documents/Studies/MyWork/PhD/VMKit/vmkit_stale_ref/lib/vmkit/Compiler/Debug+Asserts/InlineMalloc.ll -load=/media/Data/Documents/Studies/MyWork/PhD/VMKit/vmkit_stale_ref/Debug+Asserts/lib/StaticGCPass.so -inline -StaticGCPass -o /media/Data/Documents/Studies/MyWork/PhD/VMKit/vmkit_stale_ref/lib/vmkit/Compiler/Debug+Asserts/InlineMalloc_gc.bc
llvm[3]: Compiling InlineMalloc.bc to InlineMalloc.s for Debug+Asserts build
/home/koutheir/PhD/VMKit/llvm/Debug+Asserts/bin/llc -O=0 -asm-verbose -disable-cfi -disable-fp-elim -load=/media/Data/Documents/Studies/MyWork/PhD/VMKit/vmkit_stale_ref/Debug+Asserts/lib/StaticGCPrinter.so /media/Data/Documents/Studies/MyWork/PhD/VMKit/vmkit_stale_ref/lib/vmkit/Compiler/Debug+Asserts/InlineMalloc_gc.bc -o /media/Data/Documents/Studies/MyWork/PhD/VMKit/vmkit_stale_ref/lib/vmkit/Compiler/Debug+Asserts/InlineMalloc_gc.s
llvm[3]: Compiling InlineMalloc.s for Debug+Asserts build
gcc -I/home/koutheir/PhD/VMKit/llvm/include -I/media/Data/Documents/Studies/MyWork/PhD/VMKit/vmkit_stale_ref/include -I/media/Data/Documents/Studies/MyWork/PhD/VMKit/vmkit_stale_ref/lib/vmkit/Compiler  -D_DEBUG -D_GNU_SOURCE -D__STDC_CONSTANT_MACROS -D__STDC_FORMAT_MACROS -D__STDC_LIMIT_MACROS -g -fPIC -O0   -pedantic -Wno-long-long -Wall -W -Wno-unused-parameter -Wwrite-strings   -c /media/Data/Documents/Studies/MyWork/PhD/VMKit/vmkit_stale_ref/lib/vmkit/Compiler/Debug+Asserts/InlineMalloc_gc.s -o /media/Data/Documents/Studies/MyWork/PhD/VMKit/vmkit_stale_ref/lib/vmkit/Compiler/Debug+Asserts/InlineMalloc_gc.o
llvm[3]: Compiling JIT.cpp for Debug+Asserts build (bytecode)
if /home/koutheir/PhD/VMKit/llvm/Debug+Asserts/bin/clang++ -I/home/koutheir/PhD/VMKit/llvm/include -I/media/Data/Documents/Studies/MyWork/PhD/VMKit/vmkit_stale_ref/include -I/media/Data/Documents/Studies/MyWork/PhD/VMKit/vmkit_stale_ref/lib/vmkit/Compiler  -D_DEBUG -D_GNU_SOURCE -D__STDC_CONSTANT_MACROS -D__STDC_FORMAT_MACROS -D__STDC_LIMIT_MACROS -g -fvisibility-inlines-hidden -fno-exceptions -fno-rtti -fPIC -Woverloaded-virtual -Wcast-qual -I/media/Data/Documents/Studies/MyWork/PhD/VMKit/vmkit_stale_ref/lib/vmkit/MMTk -fno-exceptions -Wno-variadic-macros -fno-omit-frame-pointer -fno-strict-aliasing -Wno-deprecated -ansi -fno-rtti -O0   -pedantic -Wno-long-long -Wall -W -Wno-unused-parameter -Wwrite-strings   -MMD -MP -MF "/media/Data/Documents/Studies/MyWork/PhD/VMKit/vmkit_stale_ref/lib/vmkit/Compiler/Debug+Asserts/JIT.bc.d.tmp" -MT "/media/Data/Documents/Studies/MyWork/PhD/VMKit/vmkit_stale_ref/lib/vmkit/Compiler/Debug+Asserts/JIT.ll" -MT "/media/Data/Documents/Studies/MyWork/PhD/VMKit/vmkit_stale_ref/lib/vmkit/Compiler/Debug+Asserts/JIT.bc.d" \
			JIT.cpp -o /media/Data/Documents/Studies/MyWork/PhD/VMKit/vmkit_stale_ref/lib/vmkit/Compiler/Debug+Asserts/JIT.ll -S "-emit-llvm" ; \
	        then /bin/mv -f "/media/Data/Documents/Studies/MyWork/PhD/VMKit/vmkit_stale_ref/lib/vmkit/Compiler/Debug+Asserts/JIT.bc.d.tmp" "/media/Data/Documents/Studies/MyWork/PhD/VMKit/vmkit_stale_ref/lib/vmkit/Compiler/Debug+Asserts/JIT.bc.d"; else /bin/rm "/media/Data/Documents/Studies/MyWork/PhD/VMKit/vmkit_stale_ref/lib/vmkit/Compiler/Debug+Asserts/JIT.bc.d.tmp"; exit 1; fi
llvm[3]: Compiling JIT.ll to JIT.bc for Debug+Asserts build (bytecode)
/home/koutheir/PhD/VMKit/llvm/Debug+Asserts/bin/opt /media/Data/Documents/Studies/MyWork/PhD/VMKit/vmkit_stale_ref/lib/vmkit/Compiler/Debug+Asserts/JIT.ll -load=/media/Data/Documents/Studies/MyWork/PhD/VMKit/vmkit_stale_ref/Debug+Asserts/lib/StaticGCPass.so -inline -StaticGCPass -o /media/Data/Documents/Studies/MyWork/PhD/VMKit/vmkit_stale_ref/lib/vmkit/Compiler/Debug+Asserts/JIT_gc.bc
llvm[3]: Compiling JIT.bc to JIT.s for Debug+Asserts build
/home/koutheir/PhD/VMKit/llvm/Debug+Asserts/bin/llc -O=0 -asm-verbose -disable-cfi -disable-fp-elim -load=/media/Data/Documents/Studies/MyWork/PhD/VMKit/vmkit_stale_ref/Debug+Asserts/lib/StaticGCPrinter.so /media/Data/Documents/Studies/MyWork/PhD/VMKit/vmkit_stale_ref/lib/vmkit/Compiler/Debug+Asserts/JIT_gc.bc -o /media/Data/Documents/Studies/MyWork/PhD/VMKit/vmkit_stale_ref/lib/vmkit/Compiler/Debug+Asserts/JIT_gc.s
llvm[3]: Compiling JIT.s for Debug+Asserts build
gcc -I/home/koutheir/PhD/VMKit/llvm/include -I/media/Data/Documents/Studies/MyWork/PhD/VMKit/vmkit_stale_ref/include -I/media/Data/Documents/Studies/MyWork/PhD/VMKit/vmkit_stale_ref/lib/vmkit/Compiler  -D_DEBUG -D_GNU_SOURCE -D__STDC_CONSTANT_MACROS -D__STDC_FORMAT_MACROS -D__STDC_LIMIT_MACROS -g -fPIC -O0   -pedantic -Wno-long-long -Wall -W -Wno-unused-parameter -Wwrite-strings   -c /media/Data/Documents/Studies/MyWork/PhD/VMKit/vmkit_stale_ref/lib/vmkit/Compiler/Debug+Asserts/JIT_gc.s -o /media/Data/Documents/Studies/MyWork/PhD/VMKit/vmkit_stale_ref/lib/vmkit/Compiler/Debug+Asserts/JIT_gc.o
llvm[3]: Compiling VmkitGC.cpp for Debug+Asserts build (bytecode)
if /home/koutheir/PhD/VMKit/llvm/Debug+Asserts/bin/clang++ -I/home/koutheir/PhD/VMKit/llvm/include -I/media/Data/Documents/Studies/MyWork/PhD/VMKit/vmkit_stale_ref/include -I/media/Data/Documents/Studies/MyWork/PhD/VMKit/vmkit_stale_ref/lib/vmkit/Compiler  -D_DEBUG -D_GNU_SOURCE -D__STDC_CONSTANT_MACROS -D__STDC_FORMAT_MACROS -D__STDC_LIMIT_MACROS -g -fvisibility-inlines-hidden -fno-exceptions -fno-rtti -fPIC -Woverloaded-virtual -Wcast-qual -I/media/Data/Documents/Studies/MyWork/PhD/VMKit/vmkit_stale_ref/lib/vmkit/MMTk -fno-exceptions -Wno-variadic-macros -fno-omit-frame-pointer -fno-strict-aliasing -Wno-deprecated -ansi -fno-rtti -O0   -pedantic -Wno-long-long -Wall -W -Wno-unused-parameter -Wwrite-strings   -MMD -MP -MF "/media/Data/Documents/Studies/MyWork/PhD/VMKit/vmkit_stale_ref/lib/vmkit/Compiler/Debug+Asserts/VmkitGC.bc.d.tmp" -MT "/media/Data/Documents/Studies/MyWork/PhD/VMKit/vmkit_stale_ref/lib/vmkit/Compiler/Debug+Asserts/VmkitGC.ll" -MT "/media/Data/Documents/Studies/MyWork/PhD/VMKit/vmkit_stale_ref/lib/vmkit/Compiler/Debug+Asserts/VmkitGC.bc.d" \
			VmkitGC.cpp -o /media/Data/Documents/Studies/MyWork/PhD/VMKit/vmkit_stale_ref/lib/vmkit/Compiler/Debug+Asserts/VmkitGC.ll -S "-emit-llvm" ; \
	        then /bin/mv -f "/media/Data/Documents/Studies/MyWork/PhD/VMKit/vmkit_stale_ref/lib/vmkit/Compiler/Debug+Asserts/VmkitGC.bc.d.tmp" "/media/Data/Documents/Studies/MyWork/PhD/VMKit/vmkit_stale_ref/lib/vmkit/Compiler/Debug+Asserts/VmkitGC.bc.d"; else /bin/rm "/media/Data/Documents/Studies/MyWork/PhD/VMKit/vmkit_stale_ref/lib/vmkit/Compiler/Debug+Asserts/VmkitGC.bc.d.tmp"; exit 1; fi
llvm[3]: Compiling VmkitGC.ll to VmkitGC.bc for Debug+Asserts build (bytecode)
/home/koutheir/PhD/VMKit/llvm/Debug+Asserts/bin/opt /media/Data/Documents/Studies/MyWork/PhD/VMKit/vmkit_stale_ref/lib/vmkit/Compiler/Debug+Asserts/VmkitGC.ll -load=/media/Data/Documents/Studies/MyWork/PhD/VMKit/vmkit_stale_ref/Debug+Asserts/lib/StaticGCPass.so -inline -StaticGCPass -o /media/Data/Documents/Studies/MyWork/PhD/VMKit/vmkit_stale_ref/lib/vmkit/Compiler/Debug+Asserts/VmkitGC_gc.bc
llvm[3]: Compiling VmkitGC.bc to VmkitGC.s for Debug+Asserts build
/home/koutheir/PhD/VMKit/llvm/Debug+Asserts/bin/llc -O=0 -asm-verbose -disable-cfi -disable-fp-elim -load=/media/Data/Documents/Studies/MyWork/PhD/VMKit/vmkit_stale_ref/Debug+Asserts/lib/StaticGCPrinter.so /media/Data/Documents/Studies/MyWork/PhD/VMKit/vmkit_stale_ref/lib/vmkit/Compiler/Debug+Asserts/VmkitGC_gc.bc -o /media/Data/Documents/Studies/MyWork/PhD/VMKit/vmkit_stale_ref/lib/vmkit/Compiler/Debug+Asserts/VmkitGC_gc.s
llvm[3]: Compiling VmkitGC.s for Debug+Asserts build
gcc -I/home/koutheir/PhD/VMKit/llvm/include -I/media/Data/Documents/Studies/MyWork/PhD/VMKit/vmkit_stale_ref/include -I/media/Data/Documents/Studies/MyWork/PhD/VMKit/vmkit_stale_ref/lib/vmkit/Compiler  -D_DEBUG -D_GNU_SOURCE -D__STDC_CONSTANT_MACROS -D__STDC_FORMAT_MACROS -D__STDC_LIMIT_MACROS -g -fPIC -O0   -pedantic -Wno-long-long -Wall -W -Wno-unused-parameter -Wwrite-strings   -c /media/Data/Documents/Studies/MyWork/PhD/VMKit/vmkit_stale_ref/lib/vmkit/Compiler/Debug+Asserts/VmkitGC_gc.s -o /media/Data/Documents/Studies/MyWork/PhD/VMKit/vmkit_stale_ref/lib/vmkit/Compiler/Debug+Asserts/VmkitGC_gc.o
llvm[3]: Building Debug+Asserts Archive Library libVmkitCompiler.a
/bin/rm -f /media/Data/Documents/Studies/MyWork/PhD/VMKit/vmkit_stale_ref/Debug+Asserts/lib/libVmkitCompiler.a
ar cru >/dev/null 2>/dev/null /media/Data/Documents/Studies/MyWork/PhD/VMKit/vmkit_stale_ref/Debug+Asserts/lib/libVmkitCompiler.a /media/Data/Documents/Studies/MyWork/PhD/VMKit/vmkit_stale_ref/lib/vmkit/Compiler/Debug+Asserts/Disassembler_gc.o /media/Data/Documents/Studies/MyWork/PhD/VMKit/vmkit_stale_ref/lib/vmkit/Compiler/Debug+Asserts/EscapeAnalysis_gc.o /media/Data/Documents/Studies/MyWork/PhD/VMKit/vmkit_stale_ref/lib/vmkit/Compiler/Debug+Asserts/InlineMalloc_gc.o /media/Data/Documents/Studies/MyWork/PhD/VMKit/vmkit_stale_ref/lib/vmkit/Compiler/Debug+Asserts/JIT_gc.o /media/Data/Documents/Studies/MyWork/PhD/VMKit/vmkit_stale_ref/lib/vmkit/Compiler/Debug+Asserts/VmkitGC_gc.o
ranlib /media/Data/Documents/Studies/MyWork/PhD/VMKit/vmkit_stale_ref/Debug+Asserts/lib/libVmkitCompiler.a
make[3]: Leaving directory `/media/Data/Documents/Studies/MyWork/PhD/VMKit/vmkit_stale_ref/lib/vmkit/Compiler'
make[3]: Entering directory `/media/Data/Documents/Studies/MyWork/PhD/VMKit/vmkit_stale_ref/lib/vmkit/JITGCPass'
/home/koutheir/PhD/VMKit/llvm/autoconf/mkinstalldirs /media/Data/Documents/Studies/MyWork/PhD/VMKit/vmkit_stale_ref/lib/vmkit/JITGCPass/Debug+Asserts > /dev/null
/bin/date > /media/Data/Documents/Studies/MyWork/PhD/VMKit/vmkit_stale_ref/lib/vmkit/JITGCPass/Debug+Asserts/.dir
llvm[3]: Compiling JITGCPass.cpp for Debug+Asserts build (PIC)
if  g++ -I/home/koutheir/PhD/VMKit/llvm/include -I/media/Data/Documents/Studies/MyWork/PhD/VMKit/vmkit_stale_ref/include -I/media/Data/Documents/Studies/MyWork/PhD/VMKit/vmkit_stale_ref/lib/vmkit/JITGCPass  -D_DEBUG -D_GNU_SOURCE -D__STDC_CONSTANT_MACROS -D__STDC_FORMAT_MACROS -D__STDC_LIMIT_MACROS -g -fvisibility-inlines-hidden -fno-exceptions -fno-rtti -fPIC -Woverloaded-virtual -Wcast-qual -I/media/Data/Documents/Studies/MyWork/PhD/VMKit/vmkit_stale_ref/lib/vmkit/MMTk -fno-exceptions -Wno-variadic-macros -fno-omit-frame-pointer -fno-strict-aliasing -Wno-deprecated -ansi -fno-rtti -O0   -pedantic -Wno-long-long -Wall -W -Wno-unused-parameter -Wwrite-strings   -c -MMD -MP -MF "/media/Data/Documents/Studies/MyWork/PhD/VMKit/vmkit_stale_ref/lib/vmkit/JITGCPass/Debug+Asserts/JITGCPass.d.tmp" -MT "/media/Data/Documents/Studies/MyWork/PhD/VMKit/vmkit_stale_ref/lib/vmkit/JITGCPass/Debug+Asserts/JITGCPass.o" -MT "/media/Data/Documents/Studies/MyWork/PhD/VMKit/vmkit_stale_ref/lib/vmkit/JITGCPass/Debug+Asserts/JITGCPass.d" JITGCPass.cpp -o /media/Data/Documents/Studies/MyWork/PhD/VMKit/vmkit_stale_ref/lib/vmkit/JITGCPass/Debug+Asserts/JITGCPass.o ; \
	        then /bin/mv -f "/media/Data/Documents/Studies/MyWork/PhD/VMKit/vmkit_stale_ref/lib/vmkit/JITGCPass/Debug+Asserts/JITGCPass.d.tmp" "/media/Data/Documents/Studies/MyWork/PhD/VMKit/vmkit_stale_ref/lib/vmkit/JITGCPass/Debug+Asserts/JITGCPass.d"; else /bin/rm "/media/Data/Documents/Studies/MyWork/PhD/VMKit/vmkit_stale_ref/lib/vmkit/JITGCPass/Debug+Asserts/JITGCPass.d.tmp"; exit 1; fi
llvm[3]: Linking Debug+Asserts Loadable Module JITGCPass.so
g++ -I/home/koutheir/PhD/VMKit/llvm/include -I/media/Data/Documents/Studies/MyWork/PhD/VMKit/vmkit_stale_ref/include -I/media/Data/Documents/Studies/MyWork/PhD/VMKit/vmkit_stale_ref/lib/vmkit/JITGCPass  -D_DEBUG -D_GNU_SOURCE -D__STDC_CONSTANT_MACROS -D__STDC_FORMAT_MACROS -D__STDC_LIMIT_MACROS -g -fvisibility-inlines-hidden -fno-exceptions -fno-rtti -fPIC -Woverloaded-virtual -Wcast-qual -I/media/Data/Documents/Studies/MyWork/PhD/VMKit/vmkit_stale_ref/lib/vmkit/MMTk -fno-exceptions -Wno-variadic-macros -fno-omit-frame-pointer -fno-strict-aliasing -Wno-deprecated -ansi -fno-rtti -O0 -g -Wl,-R -Wl,'$ORIGIN' -L/media/Data/Documents/Studies/MyWork/PhD/VMKit/vmkit_stale_ref/Debug+Asserts/lib -L/home/koutheir/PhD/VMKit/llvm/Debug+Asserts/lib    -pedantic -Wno-long-long -Wall -W -Wno-unused-parameter -Wwrite-strings     -shared -o /media/Data/Documents/Studies/MyWork/PhD/VMKit/vmkit_stale_ref/Debug+Asserts/lib/JITGCPass.so /media/Data/Documents/Studies/MyWork/PhD/VMKit/vmkit_stale_ref/lib/vmkit/JITGCPass/Debug+Asserts/JITGCPass.o \
	    -lpthread -ldl -lm  -lz
llvm[3]: Compiling JITGCPass.cpp for Debug+Asserts build (bytecode)
if /home/koutheir/PhD/VMKit/llvm/Debug+Asserts/bin/clang++ -I/home/koutheir/PhD/VMKit/llvm/include -I/media/Data/Documents/Studies/MyWork/PhD/VMKit/vmkit_stale_ref/include -I/media/Data/Documents/Studies/MyWork/PhD/VMKit/vmkit_stale_ref/lib/vmkit/JITGCPass  -D_DEBUG -D_GNU_SOURCE -D__STDC_CONSTANT_MACROS -D__STDC_FORMAT_MACROS -D__STDC_LIMIT_MACROS -g -fvisibility-inlines-hidden -fno-exceptions -fno-rtti -fPIC -Woverloaded-virtual -Wcast-qual -I/media/Data/Documents/Studies/MyWork/PhD/VMKit/vmkit_stale_ref/lib/vmkit/MMTk -fno-exceptions -Wno-variadic-macros -fno-omit-frame-pointer -fno-strict-aliasing -Wno-deprecated -ansi -fno-rtti -O0   -pedantic -Wno-long-long -Wall -W -Wno-unused-parameter -Wwrite-strings   -MMD -MP -MF "/media/Data/Documents/Studies/MyWork/PhD/VMKit/vmkit_stale_ref/lib/vmkit/JITGCPass/Debug+Asserts/JITGCPass.bc.d.tmp" -MT "/media/Data/Documents/Studies/MyWork/PhD/VMKit/vmkit_stale_ref/lib/vmkit/JITGCPass/Debug+Asserts/JITGCPass.ll" -MT "/media/Data/Documents/Studies/MyWork/PhD/VMKit/vmkit_stale_ref/lib/vmkit/JITGCPass/Debug+Asserts/JITGCPass.bc.d" \
			JITGCPass.cpp -o /media/Data/Documents/Studies/MyWork/PhD/VMKit/vmkit_stale_ref/lib/vmkit/JITGCPass/Debug+Asserts/JITGCPass.ll -S "-emit-llvm" ; \
	        then /bin/mv -f "/media/Data/Documents/Studies/MyWork/PhD/VMKit/vmkit_stale_ref/lib/vmkit/JITGCPass/Debug+Asserts/JITGCPass.bc.d.tmp" "/media/Data/Documents/Studies/MyWork/PhD/VMKit/vmkit_stale_ref/lib/vmkit/JITGCPass/Debug+Asserts/JITGCPass.bc.d"; else /bin/rm "/media/Data/Documents/Studies/MyWork/PhD/VMKit/vmkit_stale_ref/lib/vmkit/JITGCPass/Debug+Asserts/JITGCPass.bc.d.tmp"; exit 1; fi
llvm[3]: Compiling JITGCPass.ll to JITGCPass.bc for Debug+Asserts build (bytecode)
/home/koutheir/PhD/VMKit/llvm/Debug+Asserts/bin/opt /media/Data/Documents/Studies/MyWork/PhD/VMKit/vmkit_stale_ref/lib/vmkit/JITGCPass/Debug+Asserts/JITGCPass.ll -std-compile-opts -o /media/Data/Documents/Studies/MyWork/PhD/VMKit/vmkit_stale_ref/lib/vmkit/JITGCPass/Debug+Asserts/JITGCPass.bc
llvm[3]: Building Debug+Asserts Bytecode Archive libJITGCPass.bca
/bin/rm -f /media/Data/Documents/Studies/MyWork/PhD/VMKit/vmkit_stale_ref/Debug+Asserts/lib/libJITGCPass.bca
/home/koutheir/PhD/VMKit/llvm/Debug+Asserts/bin/llvm-ar rcsf /media/Data/Documents/Studies/MyWork/PhD/VMKit/vmkit_stale_ref/Debug+Asserts/lib/libJITGCPass.bca /media/Data/Documents/Studies/MyWork/PhD/VMKit/vmkit_stale_ref/lib/vmkit/JITGCPass/Debug+Asserts/JITGCPass.bc
make[3]: Leaving directory `/media/Data/Documents/Studies/MyWork/PhD/VMKit/vmkit_stale_ref/lib/vmkit/JITGCPass'
make[2]: Leaving directory `/media/Data/Documents/Studies/MyWork/PhD/VMKit/vmkit_stale_ref/lib/vmkit'
\
	  SD=/media/Data/Documents/Studies/MyWork/PhD/VMKit/vmkit_stale_ref/lib/j3; \
	  DD=j3; \
	  if [ ! -f $SD/Makefile ]; then \
	    SD=j3; \
	    DD=j3; \
	  fi; \
	  if ([ ! -f $DD/Makefile ] || \
	            command test $DD/Makefile -ot \
                      $SD/Makefile ); then \
	  /home/koutheir/PhD/VMKit/llvm/autoconf/mkinstalldirs $DD; \
	  /bin/cp $SD/Makefile $DD/Makefile; \
	fi; \
	make -C $DD all
make[2]: Entering directory `/media/Data/Documents/Studies/MyWork/PhD/VMKit/vmkit_stale_ref/lib/j3'
for dir in LLVMRuntime VMCore ClassLib Compiler; do \
	  (make -C $dir all ) || exit 1; \
	done
make[3]: Entering directory `/media/Data/Documents/Studies/MyWork/PhD/VMKit/vmkit_stale_ref/lib/j3/LLVMRuntime'
llvm[3]: Building LLVM runtime with /media/Data/Documents/Studies/MyWork/PhD/VMKit/vmkit_stale_ref/lib/j3/LLVMRuntime/runtime-default.ll /media/Data/Documents/Studies/MyWork/PhD/VMKit/vmkit_stale_ref/lib/j3/LLVMRuntime/runtime-mmtk-thread.ll /media/Data/Documents/Studies/MyWork/PhD/VMKit/vmkit_stale_ref/lib/j3/LLVMRuntime/runtime-single.ll
cat /media/Data/Documents/Studies/MyWork/PhD/VMKit/vmkit_stale_ref/lib/j3/LLVMRuntime/runtime-default.ll /media/Data/Documents/Studies/MyWork/PhD/VMKit/vmkit_stale_ref/lib/j3/LLVMRuntime/runtime-mmtk-thread.ll /media/Data/Documents/Studies/MyWork/PhD/VMKit/vmkit_stale_ref/lib/j3/LLVMRuntime/runtime-single.ll | /home/koutheir/PhD/VMKit/llvm/Debug+Asserts/bin/llvm-as -o - | /home/koutheir/PhD/VMKit/llvm/Debug+Asserts/bin/llc -O=0 -march=cpp -cppgen=contents -o LLVMRuntime.inc
make[3]: Leaving directory `/media/Data/Documents/Studies/MyWork/PhD/VMKit/vmkit_stale_ref/lib/j3/LLVMRuntime'
make[3]: Entering directory `/media/Data/Documents/Studies/MyWork/PhD/VMKit/vmkit_stale_ref/lib/j3/VMCore'
/home/koutheir/PhD/VMKit/llvm/autoconf/mkinstalldirs /media/Data/Documents/Studies/MyWork/PhD/VMKit/vmkit_stale_ref/lib/j3/VMCore/Debug+Asserts > /dev/null
/bin/date > /media/Data/Documents/Studies/MyWork/PhD/VMKit/vmkit_stale_ref/lib/j3/VMCore/Debug+Asserts/.dir
llvm[3]: Compiling JavaArray.cpp for Debug+Asserts build (bytecode)
if /home/koutheir/PhD/VMKit/llvm/Debug+Asserts/bin/clang++ -I/home/koutheir/PhD/VMKit/llvm/include -I/media/Data/Documents/Studies/MyWork/PhD/VMKit/vmkit_stale_ref/include -I/media/Data/Documents/Studies/MyWork/PhD/VMKit/vmkit_stale_ref/lib/j3/VMCore  -D_DEBUG -D_GNU_SOURCE -D__STDC_CONSTANT_MACROS -D__STDC_FORMAT_MACROS -D__STDC_LIMIT_MACROS -g -fvisibility-inlines-hidden -fno-exceptions -fno-rtti -fPIC -Woverloaded-virtual -Wcast-qual -I/media/Data/Documents/Studies/MyWork/PhD/VMKit/vmkit_stale_ref/lib/vmkit/MMTk -fno-exceptions -Wno-variadic-macros -fno-omit-frame-pointer -fno-strict-aliasing -Wno-deprecated -ansi -fno-rtti -I/media/Data/Documents/Studies/MyWork/PhD/VMKit/vmkit_stale_ref/lib/j3/VMCore/../ClassLib -I/media/Data/Documents/Studies/MyWork/PhD/VMKit/vmkit_stale_ref/lib/j3/VMCore/../LLVMRuntime -I/media/Data/Documents/Studies/MyWork/PhD/VMKit/vmkit_stale_ref/lib/j3/VMCore/../ClassLib/GNUClasspath -I/media/Data/Documents/Studies/MyWork/PhD/VMKit/vmkit_stale_ref/lib/j3/VMCore/../../../include/j3 -I/media/Data/Documents/Studies/MyWork/PhD/VMKit/vmkit_stale_ref/lib/j3/VMCore/../ClassLib -O0   -pedantic -Wno-long-long -Wall -W -Wno-unused-parameter -Wwrite-strings   -MMD -MP -MF "/media/Data/Documents/Studies/MyWork/PhD/VMKit/vmkit_stale_ref/lib/j3/VMCore/Debug+Asserts/JavaArray.bc.d.tmp" -MT "/media/Data/Documents/Studies/MyWork/PhD/VMKit/vmkit_stale_ref/lib/j3/VMCore/Debug+Asserts/JavaArray.ll" -MT "/media/Data/Documents/Studies/MyWork/PhD/VMKit/vmkit_stale_ref/lib/j3/VMCore/Debug+Asserts/JavaArray.bc.d" \
			JavaArray.cpp -o /media/Data/Documents/Studies/MyWork/PhD/VMKit/vmkit_stale_ref/lib/j3/VMCore/Debug+Asserts/JavaArray.ll -S "-emit-llvm" ; \
	        then /bin/mv -f "/media/Data/Documents/Studies/MyWork/PhD/VMKit/vmkit_stale_ref/lib/j3/VMCore/Debug+Asserts/JavaArray.bc.d.tmp" "/media/Data/Documents/Studies/MyWork/PhD/VMKit/vmkit_stale_ref/lib/j3/VMCore/Debug+Asserts/JavaArray.bc.d"; else /bin/rm "/media/Data/Documents/Studies/MyWork/PhD/VMKit/vmkit_stale_ref/lib/j3/VMCore/Debug+Asserts/JavaArray.bc.d.tmp"; exit 1; fi
llvm[3]: Compiling JavaArray.ll to JavaArray.bc for Debug+Asserts build (bytecode)
/home/koutheir/PhD/VMKit/llvm/Debug+Asserts/bin/opt /media/Data/Documents/Studies/MyWork/PhD/VMKit/vmkit_stale_ref/lib/j3/VMCore/Debug+Asserts/JavaArray.ll -load=/media/Data/Documents/Studies/MyWork/PhD/VMKit/vmkit_stale_ref/Debug+Asserts/lib/StaticGCPass.so -inline -StaticGCPass -o /media/Data/Documents/Studies/MyWork/PhD/VMKit/vmkit_stale_ref/lib/j3/VMCore/Debug+Asserts/JavaArray_gc.bc
llvm[3]: Compiling JavaArray.bc to JavaArray.s for Debug+Asserts build
/home/koutheir/PhD/VMKit/llvm/Debug+Asserts/bin/llc -O=0 -asm-verbose -disable-cfi -disable-fp-elim -load=/media/Data/Documents/Studies/MyWork/PhD/VMKit/vmkit_stale_ref/Debug+Asserts/lib/StaticGCPrinter.so /media/Data/Documents/Studies/MyWork/PhD/VMKit/vmkit_stale_ref/lib/j3/VMCore/Debug+Asserts/JavaArray_gc.bc -o /media/Data/Documents/Studies/MyWork/PhD/VMKit/vmkit_stale_ref/lib/j3/VMCore/Debug+Asserts/JavaArray_gc.s
llvm[3]: Compiling JavaArray.s for Debug+Asserts build
gcc -I/home/koutheir/PhD/VMKit/llvm/include -I/media/Data/Documents/Studies/MyWork/PhD/VMKit/vmkit_stale_ref/include -I/media/Data/Documents/Studies/MyWork/PhD/VMKit/vmkit_stale_ref/lib/j3/VMCore  -D_DEBUG -D_GNU_SOURCE -D__STDC_CONSTANT_MACROS -D__STDC_FORMAT_MACROS -D__STDC_LIMIT_MACROS -g -fPIC -O0   -pedantic -Wno-long-long -Wall -W -Wno-unused-parameter -Wwrite-strings   -c /media/Data/Documents/Studies/MyWork/PhD/VMKit/vmkit_stale_ref/lib/j3/VMCore/Debug+Asserts/JavaArray_gc.s -o /media/Data/Documents/Studies/MyWork/PhD/VMKit/vmkit_stale_ref/lib/j3/VMCore/Debug+Asserts/JavaArray_gc.o
llvm[3]: Compiling JavaClass.cpp for Debug+Asserts build (bytecode)
if /home/koutheir/PhD/VMKit/llvm/Debug+Asserts/bin/clang++ -I/home/koutheir/PhD/VMKit/llvm/include -I/media/Data/Documents/Studies/MyWork/PhD/VMKit/vmkit_stale_ref/include -I/media/Data/Documents/Studies/MyWork/PhD/VMKit/vmkit_stale_ref/lib/j3/VMCore  -D_DEBUG -D_GNU_SOURCE -D__STDC_CONSTANT_MACROS -D__STDC_FORMAT_MACROS -D__STDC_LIMIT_MACROS -g -fvisibility-inlines-hidden -fno-exceptions -fno-rtti -fPIC -Woverloaded-virtual -Wcast-qual -I/media/Data/Documents/Studies/MyWork/PhD/VMKit/vmkit_stale_ref/lib/vmkit/MMTk -fno-exceptions -Wno-variadic-macros -fno-omit-frame-pointer -fno-strict-aliasing -Wno-deprecated -ansi -fno-rtti -I/media/Data/Documents/Studies/MyWork/PhD/VMKit/vmkit_stale_ref/lib/j3/VMCore/../ClassLib -I/media/Data/Documents/Studies/MyWork/PhD/VMKit/vmkit_stale_ref/lib/j3/VMCore/../LLVMRuntime -I/media/Data/Documents/Studies/MyWork/PhD/VMKit/vmkit_stale_ref/lib/j3/VMCore/../ClassLib/GNUClasspath -I/media/Data/Documents/Studies/MyWork/PhD/VMKit/vmkit_stale_ref/lib/j3/VMCore/../../../include/j3 -I/media/Data/Documents/Studies/MyWork/PhD/VMKit/vmkit_stale_ref/lib/j3/VMCore/../ClassLib -O0   -pedantic -Wno-long-long -Wall -W -Wno-unused-parameter -Wwrite-strings   -MMD -MP -MF "/media/Data/Documents/Studies/MyWork/PhD/VMKit/vmkit_stale_ref/lib/j3/VMCore/Debug+Asserts/JavaClass.bc.d.tmp" -MT "/media/Data/Documents/Studies/MyWork/PhD/VMKit/vmkit_stale_ref/lib/j3/VMCore/Debug+Asserts/JavaClass.ll" -MT "/media/Data/Documents/Studies/MyWork/PhD/VMKit/vmkit_stale_ref/lib/j3/VMCore/Debug+Asserts/JavaClass.bc.d" \
			JavaClass.cpp -o /media/Data/Documents/Studies/MyWork/PhD/VMKit/vmkit_stale_ref/lib/j3/VMCore/Debug+Asserts/JavaClass.ll -S "-emit-llvm" ; \
	        then /bin/mv -f "/media/Data/Documents/Studies/MyWork/PhD/VMKit/vmkit_stale_ref/lib/j3/VMCore/Debug+Asserts/JavaClass.bc.d.tmp" "/media/Data/Documents/Studies/MyWork/PhD/VMKit/vmkit_stale_ref/lib/j3/VMCore/Debug+Asserts/JavaClass.bc.d"; else /bin/rm "/media/Data/Documents/Studies/MyWork/PhD/VMKit/vmkit_stale_ref/lib/j3/VMCore/Debug+Asserts/JavaClass.bc.d.tmp"; exit 1; fi
JavaClass.cpp:1772:21: warning: comparison of integers of different signs: 'size_t' (aka 'unsigned int') and 'const int32_t' (aka 'const int') [-Wsign-compare]
        for (size_t i=0; i < name->size; ++i) {
                         ~ ^ ~~~~~~~~~~
In file included from JavaClass.cpp:17:
/media/Data/Documents/Studies/MyWork/PhD/VMKit/vmkit_stale_ref/lib/j3/VMCore/../ClassLib/GNUClasspath/ClasspathReflect.h:206:15: warning: private field 'nextOnQueue' is not used [-Wunused-private-field]
  JavaObject* nextOnQueue;
              ^
2 warnings generated.
llvm[3]: Compiling JavaClass.ll to JavaClass.bc for Debug+Asserts build (bytecode)
/home/koutheir/PhD/VMKit/llvm/Debug+Asserts/bin/opt /media/Data/Documents/Studies/MyWork/PhD/VMKit/vmkit_stale_ref/lib/j3/VMCore/Debug+Asserts/JavaClass.ll -load=/media/Data/Documents/Studies/MyWork/PhD/VMKit/vmkit_stale_ref/Debug+Asserts/lib/StaticGCPass.so -inline -StaticGCPass -o /media/Data/Documents/Studies/MyWork/PhD/VMKit/vmkit_stale_ref/lib/j3/VMCore/Debug+Asserts/JavaClass_gc.bc
llvm[3]: Compiling JavaClass.bc to JavaClass.s for Debug+Asserts build
/home/koutheir/PhD/VMKit/llvm/Debug+Asserts/bin/llc -O=0 -asm-verbose -disable-cfi -disable-fp-elim -load=/media/Data/Documents/Studies/MyWork/PhD/VMKit/vmkit_stale_ref/Debug+Asserts/lib/StaticGCPrinter.so /media/Data/Documents/Studies/MyWork/PhD/VMKit/vmkit_stale_ref/lib/j3/VMCore/Debug+Asserts/JavaClass_gc.bc -o /media/Data/Documents/Studies/MyWork/PhD/VMKit/vmkit_stale_ref/lib/j3/VMCore/Debug+Asserts/JavaClass_gc.s
llvm[3]: Compiling JavaClass.s for Debug+Asserts build
gcc -I/home/koutheir/PhD/VMKit/llvm/include -I/media/Data/Documents/Studies/MyWork/PhD/VMKit/vmkit_stale_ref/include -I/media/Data/Documents/Studies/MyWork/PhD/VMKit/vmkit_stale_ref/lib/j3/VMCore  -D_DEBUG -D_GNU_SOURCE -D__STDC_CONSTANT_MACROS -D__STDC_FORMAT_MACROS -D__STDC_LIMIT_MACROS -g -fPIC -O0   -pedantic -Wno-long-long -Wall -W -Wno-unused-parameter -Wwrite-strings   -c /media/Data/Documents/Studies/MyWork/PhD/VMKit/vmkit_stale_ref/lib/j3/VMCore/Debug+Asserts/JavaClass_gc.s -o /media/Data/Documents/Studies/MyWork/PhD/VMKit/vmkit_stale_ref/lib/j3/VMCore/Debug+Asserts/JavaClass_gc.o
llvm[3]: Compiling JavaConstantPool.cpp for Debug+Asserts build (bytecode)
if /home/koutheir/PhD/VMKit/llvm/Debug+Asserts/bin/clang++ -I/home/koutheir/PhD/VMKit/llvm/include -I/media/Data/Documents/Studies/MyWork/PhD/VMKit/vmkit_stale_ref/include -I/media/Data/Documents/Studies/MyWork/PhD/VMKit/vmkit_stale_ref/lib/j3/VMCore  -D_DEBUG -D_GNU_SOURCE -D__STDC_CONSTANT_MACROS -D__STDC_FORMAT_MACROS -D__STDC_LIMIT_MACROS -g -fvisibility-inlines-hidden -fno-exceptions -fno-rtti -fPIC -Woverloaded-virtual -Wcast-qual -I/media/Data/Documents/Studies/MyWork/PhD/VMKit/vmkit_stale_ref/lib/vmkit/MMTk -fno-exceptions -Wno-variadic-macros -fno-omit-frame-pointer -fno-strict-aliasing -Wno-deprecated -ansi -fno-rtti -I/media/Data/Documents/Studies/MyWork/PhD/VMKit/vmkit_stale_ref/lib/j3/VMCore/../ClassLib -I/media/Data/Documents/Studies/MyWork/PhD/VMKit/vmkit_stale_ref/lib/j3/VMCore/../LLVMRuntime -I/media/Data/Documents/Studies/MyWork/PhD/VMKit/vmkit_stale_ref/lib/j3/VMCore/../ClassLib/GNUClasspath -I/media/Data/Documents/Studies/MyWork/PhD/VMKit/vmkit_stale_ref/lib/j3/VMCore/../../../include/j3 -I/media/Data/Documents/Studies/MyWork/PhD/VMKit/vmkit_stale_ref/lib/j3/VMCore/../ClassLib -O0   -pedantic -Wno-long-long -Wall -W -Wno-unused-parameter -Wwrite-strings   -MMD -MP -MF "/media/Data/Documents/Studies/MyWork/PhD/VMKit/vmkit_stale_ref/lib/j3/VMCore/Debug+Asserts/JavaConstantPool.bc.d.tmp" -MT "/media/Data/Documents/Studies/MyWork/PhD/VMKit/vmkit_stale_ref/lib/j3/VMCore/Debug+Asserts/JavaConstantPool.ll" -MT "/media/Data/Documents/Studies/MyWork/PhD/VMKit/vmkit_stale_ref/lib/j3/VMCore/Debug+Asserts/JavaConstantPool.bc.d" \
			JavaConstantPool.cpp -o /media/Data/Documents/Studies/MyWork/PhD/VMKit/vmkit_stale_ref/lib/j3/VMCore/Debug+Asserts/JavaConstantPool.ll -S "-emit-llvm" ; \
	        then /bin/mv -f "/media/Data/Documents/Studies/MyWork/PhD/VMKit/vmkit_stale_ref/lib/j3/VMCore/Debug+Asserts/JavaConstantPool.bc.d.tmp" "/media/Data/Documents/Studies/MyWork/PhD/VMKit/vmkit_stale_ref/lib/j3/VMCore/Debug+Asserts/JavaConstantPool.bc.d"; else /bin/rm "/media/Data/Documents/Studies/MyWork/PhD/VMKit/vmkit_stale_ref/lib/j3/VMCore/Debug+Asserts/JavaConstantPool.bc.d.tmp"; exit 1; fi
llvm[3]: Compiling JavaConstantPool.ll to JavaConstantPool.bc for Debug+Asserts build (bytecode)
/home/koutheir/PhD/VMKit/llvm/Debug+Asserts/bin/opt /media/Data/Documents/Studies/MyWork/PhD/VMKit/vmkit_stale_ref/lib/j3/VMCore/Debug+Asserts/JavaConstantPool.ll -load=/media/Data/Documents/Studies/MyWork/PhD/VMKit/vmkit_stale_ref/Debug+Asserts/lib/StaticGCPass.so -inline -StaticGCPass -o /media/Data/Documents/Studies/MyWork/PhD/VMKit/vmkit_stale_ref/lib/j3/VMCore/Debug+Asserts/JavaConstantPool_gc.bc
llvm[3]: Compiling JavaConstantPool.bc to JavaConstantPool.s for Debug+Asserts build
/home/koutheir/PhD/VMKit/llvm/Debug+Asserts/bin/llc -O=0 -asm-verbose -disable-cfi -disable-fp-elim -load=/media/Data/Documents/Studies/MyWork/PhD/VMKit/vmkit_stale_ref/Debug+Asserts/lib/StaticGCPrinter.so /media/Data/Documents/Studies/MyWork/PhD/VMKit/vmkit_stale_ref/lib/j3/VMCore/Debug+Asserts/JavaConstantPool_gc.bc -o /media/Data/Documents/Studies/MyWork/PhD/VMKit/vmkit_stale_ref/lib/j3/VMCore/Debug+Asserts/JavaConstantPool_gc.s
llvm[3]: Compiling JavaConstantPool.s for Debug+Asserts build
gcc -I/home/koutheir/PhD/VMKit/llvm/include -I/media/Data/Documents/Studies/MyWork/PhD/VMKit/vmkit_stale_ref/include -I/media/Data/Documents/Studies/MyWork/PhD/VMKit/vmkit_stale_ref/lib/j3/VMCore  -D_DEBUG -D_GNU_SOURCE -D__STDC_CONSTANT_MACROS -D__STDC_FORMAT_MACROS -D__STDC_LIMIT_MACROS -g -fPIC -O0   -pedantic -Wno-long-long -Wall -W -Wno-unused-parameter -Wwrite-strings   -c /media/Data/Documents/Studies/MyWork/PhD/VMKit/vmkit_stale_ref/lib/j3/VMCore/Debug+Asserts/JavaConstantPool_gc.s -o /media/Data/Documents/Studies/MyWork/PhD/VMKit/vmkit_stale_ref/lib/j3/VMCore/Debug+Asserts/JavaConstantPool_gc.o
llvm[3]: Compiling JavaMetaJIT.cpp for Debug+Asserts build (bytecode)
if /home/koutheir/PhD/VMKit/llvm/Debug+Asserts/bin/clang++ -I/home/koutheir/PhD/VMKit/llvm/include -I/media/Data/Documents/Studies/MyWork/PhD/VMKit/vmkit_stale_ref/include -I/media/Data/Documents/Studies/MyWork/PhD/VMKit/vmkit_stale_ref/lib/j3/VMCore  -D_DEBUG -D_GNU_SOURCE -D__STDC_CONSTANT_MACROS -D__STDC_FORMAT_MACROS -D__STDC_LIMIT_MACROS -g -fvisibility-inlines-hidden -fno-exceptions -fno-rtti -fPIC -Woverloaded-virtual -Wcast-qual -I/media/Data/Documents/Studies/MyWork/PhD/VMKit/vmkit_stale_ref/lib/vmkit/MMTk -fno-exceptions -Wno-variadic-macros -fno-omit-frame-pointer -fno-strict-aliasing -Wno-deprecated -ansi -fno-rtti -I/media/Data/Documents/Studies/MyWork/PhD/VMKit/vmkit_stale_ref/lib/j3/VMCore/../ClassLib -I/media/Data/Documents/Studies/MyWork/PhD/VMKit/vmkit_stale_ref/lib/j3/VMCore/../LLVMRuntime -I/media/Data/Documents/Studies/MyWork/PhD/VMKit/vmkit_stale_ref/lib/j3/VMCore/../ClassLib/GNUClasspath -I/media/Data/Documents/Studies/MyWork/PhD/VMKit/vmkit_stale_ref/lib/j3/VMCore/../../../include/j3 -I/media/Data/Documents/Studies/MyWork/PhD/VMKit/vmkit_stale_ref/lib/j3/VMCore/../ClassLib -O0   -pedantic -Wno-long-long -Wall -W -Wno-unused-parameter -Wwrite-strings   -MMD -MP -MF "/media/Data/Documents/Studies/MyWork/PhD/VMKit/vmkit_stale_ref/lib/j3/VMCore/Debug+Asserts/JavaMetaJIT.bc.d.tmp" -MT "/media/Data/Documents/Studies/MyWork/PhD/VMKit/vmkit_stale_ref/lib/j3/VMCore/Debug+Asserts/JavaMetaJIT.ll" -MT "/media/Data/Documents/Studies/MyWork/PhD/VMKit/vmkit_stale_ref/lib/j3/VMCore/Debug+Asserts/JavaMetaJIT.bc.d" \
			JavaMetaJIT.cpp -o /media/Data/Documents/Studies/MyWork/PhD/VMKit/vmkit_stale_ref/lib/j3/VMCore/Debug+Asserts/JavaMetaJIT.ll -S "-emit-llvm" ; \
	        then /bin/mv -f "/media/Data/Documents/Studies/MyWork/PhD/VMKit/vmkit_stale_ref/lib/j3/VMCore/Debug+Asserts/JavaMetaJIT.bc.d.tmp" "/media/Data/Documents/Studies/MyWork/PhD/VMKit/vmkit_stale_ref/lib/j3/VMCore/Debug+Asserts/JavaMetaJIT.bc.d"; else /bin/rm "/media/Data/Documents/Studies/MyWork/PhD/VMKit/vmkit_stale_ref/lib/j3/VMCore/Debug+Asserts/JavaMetaJIT.bc.d.tmp"; exit 1; fi
llvm[3]: Compiling JavaMetaJIT.ll to JavaMetaJIT.bc for Debug+Asserts build (bytecode)
/home/koutheir/PhD/VMKit/llvm/Debug+Asserts/bin/opt /media/Data/Documents/Studies/MyWork/PhD/VMKit/vmkit_stale_ref/lib/j3/VMCore/Debug+Asserts/JavaMetaJIT.ll -load=/media/Data/Documents/Studies/MyWork/PhD/VMKit/vmkit_stale_ref/Debug+Asserts/lib/StaticGCPass.so -inline -StaticGCPass -o /media/Data/Documents/Studies/MyWork/PhD/VMKit/vmkit_stale_ref/lib/j3/VMCore/Debug+Asserts/JavaMetaJIT_gc.bc
llvm[3]: Compiling JavaMetaJIT.bc to JavaMetaJIT.s for Debug+Asserts build
/home/koutheir/PhD/VMKit/llvm/Debug+Asserts/bin/llc -O=0 -asm-verbose -disable-cfi -disable-fp-elim -load=/media/Data/Documents/Studies/MyWork/PhD/VMKit/vmkit_stale_ref/Debug+Asserts/lib/StaticGCPrinter.so /media/Data/Documents/Studies/MyWork/PhD/VMKit/vmkit_stale_ref/lib/j3/VMCore/Debug+Asserts/JavaMetaJIT_gc.bc -o /media/Data/Documents/Studies/MyWork/PhD/VMKit/vmkit_stale_ref/lib/j3/VMCore/Debug+Asserts/JavaMetaJIT_gc.s
llvm[3]: Compiling JavaMetaJIT.s for Debug+Asserts build
gcc -I/home/koutheir/PhD/VMKit/llvm/include -I/media/Data/Documents/Studies/MyWork/PhD/VMKit/vmkit_stale_ref/include -I/media/Data/Documents/Studies/MyWork/PhD/VMKit/vmkit_stale_ref/lib/j3/VMCore  -D_DEBUG -D_GNU_SOURCE -D__STDC_CONSTANT_MACROS -D__STDC_FORMAT_MACROS -D__STDC_LIMIT_MACROS -g -fPIC -O0   -pedantic -Wno-long-long -Wall -W -Wno-unused-parameter -Wwrite-strings   -c /media/Data/Documents/Studies/MyWork/PhD/VMKit/vmkit_stale_ref/lib/j3/VMCore/Debug+Asserts/JavaMetaJIT_gc.s -o /media/Data/Documents/Studies/MyWork/PhD/VMKit/vmkit_stale_ref/lib/j3/VMCore/Debug+Asserts/JavaMetaJIT_gc.o
llvm[3]: Compiling JavaObject.cpp for Debug+Asserts build (bytecode)
if /home/koutheir/PhD/VMKit/llvm/Debug+Asserts/bin/clang++ -I/home/koutheir/PhD/VMKit/llvm/include -I/media/Data/Documents/Studies/MyWork/PhD/VMKit/vmkit_stale_ref/include -I/media/Data/Documents/Studies/MyWork/PhD/VMKit/vmkit_stale_ref/lib/j3/VMCore  -D_DEBUG -D_GNU_SOURCE -D__STDC_CONSTANT_MACROS -D__STDC_FORMAT_MACROS -D__STDC_LIMIT_MACROS -g -fvisibility-inlines-hidden -fno-exceptions -fno-rtti -fPIC -Woverloaded-virtual -Wcast-qual -I/media/Data/Documents/Studies/MyWork/PhD/VMKit/vmkit_stale_ref/lib/vmkit/MMTk -fno-exceptions -Wno-variadic-macros -fno-omit-frame-pointer -fno-strict-aliasing -Wno-deprecated -ansi -fno-rtti -I/media/Data/Documents/Studies/MyWork/PhD/VMKit/vmkit_stale_ref/lib/j3/VMCore/../ClassLib -I/media/Data/Documents/Studies/MyWork/PhD/VMKit/vmkit_stale_ref/lib/j3/VMCore/../LLVMRuntime -I/media/Data/Documents/Studies/MyWork/PhD/VMKit/vmkit_stale_ref/lib/j3/VMCore/../ClassLib/GNUClasspath -I/media/Data/Documents/Studies/MyWork/PhD/VMKit/vmkit_stale_ref/lib/j3/VMCore/../../../include/j3 -I/media/Data/Documents/Studies/MyWork/PhD/VMKit/vmkit_stale_ref/lib/j3/VMCore/../ClassLib -O0   -pedantic -Wno-long-long -Wall -W -Wno-unused-parameter -Wwrite-strings   -MMD -MP -MF "/media/Data/Documents/Studies/MyWork/PhD/VMKit/vmkit_stale_ref/lib/j3/VMCore/Debug+Asserts/JavaObject.bc.d.tmp" -MT "/media/Data/Documents/Studies/MyWork/PhD/VMKit/vmkit_stale_ref/lib/j3/VMCore/Debug+Asserts/JavaObject.ll" -MT "/media/Data/Documents/Studies/MyWork/PhD/VMKit/vmkit_stale_ref/lib/j3/VMCore/Debug+Asserts/JavaObject.bc.d" \
			JavaObject.cpp -o /media/Data/Documents/Studies/MyWork/PhD/VMKit/vmkit_stale_ref/lib/j3/VMCore/Debug+Asserts/JavaObject.ll -S "-emit-llvm" ; \
	        then /bin/mv -f "/media/Data/Documents/Studies/MyWork/PhD/VMKit/vmkit_stale_ref/lib/j3/VMCore/Debug+Asserts/JavaObject.bc.d.tmp" "/media/Data/Documents/Studies/MyWork/PhD/VMKit/vmkit_stale_ref/lib/j3/VMCore/Debug+Asserts/JavaObject.bc.d"; else /bin/rm "/media/Data/Documents/Studies/MyWork/PhD/VMKit/vmkit_stale_ref/lib/j3/VMCore/Debug+Asserts/JavaObject.bc.d.tmp"; exit 1; fi
In file included from JavaObject.cpp:21:
In file included from /media/Data/Documents/Studies/MyWork/PhD/VMKit/vmkit_stale_ref/lib/j3/VMCore/../ClassLib/VMStaticInstance.h:13:
/media/Data/Documents/Studies/MyWork/PhD/VMKit/vmkit_stale_ref/lib/j3/VMCore/../ClassLib/GNUClasspath/ClasspathReflect.h:149:8: warning: private field 'running' is not used [-Wunused-private-field]
  bool running;
       ^
/media/Data/Documents/Studies/MyWork/PhD/VMKit/vmkit_stale_ref/lib/j3/VMCore/../ClassLib/GNUClasspath/ClasspathReflect.h:206:15: warning: private field 'nextOnQueue' is not used [-Wunused-private-field]
  JavaObject* nextOnQueue;
              ^
2 warnings generated.
llvm[3]: Compiling JavaObject.ll to JavaObject.bc for Debug+Asserts build (bytecode)
/home/koutheir/PhD/VMKit/llvm/Debug+Asserts/bin/opt /media/Data/Documents/Studies/MyWork/PhD/VMKit/vmkit_stale_ref/lib/j3/VMCore/Debug+Asserts/JavaObject.ll -load=/media/Data/Documents/Studies/MyWork/PhD/VMKit/vmkit_stale_ref/Debug+Asserts/lib/StaticGCPass.so -inline -StaticGCPass -o /media/Data/Documents/Studies/MyWork/PhD/VMKit/vmkit_stale_ref/lib/j3/VMCore/Debug+Asserts/JavaObject_gc.bc
llvm[3]: Compiling JavaObject.bc to JavaObject.s for Debug+Asserts build
/home/koutheir/PhD/VMKit/llvm/Debug+Asserts/bin/llc -O=0 -asm-verbose -disable-cfi -disable-fp-elim -load=/media/Data/Documents/Studies/MyWork/PhD/VMKit/vmkit_stale_ref/Debug+Asserts/lib/StaticGCPrinter.so /media/Data/Documents/Studies/MyWork/PhD/VMKit/vmkit_stale_ref/lib/j3/VMCore/Debug+Asserts/JavaObject_gc.bc -o /media/Data/Documents/Studies/MyWork/PhD/VMKit/vmkit_stale_ref/lib/j3/VMCore/Debug+Asserts/JavaObject_gc.s
llvm[3]: Compiling JavaObject.s for Debug+Asserts build
gcc -I/home/koutheir/PhD/VMKit/llvm/include -I/media/Data/Documents/Studies/MyWork/PhD/VMKit/vmkit_stale_ref/include -I/media/Data/Documents/Studies/MyWork/PhD/VMKit/vmkit_stale_ref/lib/j3/VMCore  -D_DEBUG -D_GNU_SOURCE -D__STDC_CONSTANT_MACROS -D__STDC_FORMAT_MACROS -D__STDC_LIMIT_MACROS -g -fPIC -O0   -pedantic -Wno-long-long -Wall -W -Wno-unused-parameter -Wwrite-strings   -c /media/Data/Documents/Studies/MyWork/PhD/VMKit/vmkit_stale_ref/lib/j3/VMCore/Debug+Asserts/JavaObject_gc.s -o /media/Data/Documents/Studies/MyWork/PhD/VMKit/vmkit_stale_ref/lib/j3/VMCore/Debug+Asserts/JavaObject_gc.o
llvm[3]: Compiling JavaRuntimeJIT.cpp for Debug+Asserts build (bytecode)
if /home/koutheir/PhD/VMKit/llvm/Debug+Asserts/bin/clang++ -I/home/koutheir/PhD/VMKit/llvm/include -I/media/Data/Documents/Studies/MyWork/PhD/VMKit/vmkit_stale_ref/include -I/media/Data/Documents/Studies/MyWork/PhD/VMKit/vmkit_stale_ref/lib/j3/VMCore  -D_DEBUG -D_GNU_SOURCE -D__STDC_CONSTANT_MACROS -D__STDC_FORMAT_MACROS -D__STDC_LIMIT_MACROS -g -fvisibility-inlines-hidden -fno-exceptions -fno-rtti -fPIC -Woverloaded-virtual -Wcast-qual -I/media/Data/Documents/Studies/MyWork/PhD/VMKit/vmkit_stale_ref/lib/vmkit/MMTk -fno-exceptions -Wno-variadic-macros -fno-omit-frame-pointer -fno-strict-aliasing -Wno-deprecated -ansi -fno-rtti -I/media/Data/Documents/Studies/MyWork/PhD/VMKit/vmkit_stale_ref/lib/j3/VMCore/../ClassLib -I/media/Data/Documents/Studies/MyWork/PhD/VMKit/vmkit_stale_ref/lib/j3/VMCore/../LLVMRuntime -I/media/Data/Documents/Studies/MyWork/PhD/VMKit/vmkit_stale_ref/lib/j3/VMCore/../ClassLib/GNUClasspath -I/media/Data/Documents/Studies/MyWork/PhD/VMKit/vmkit_stale_ref/lib/j3/VMCore/../../../include/j3 -I/media/Data/Documents/Studies/MyWork/PhD/VMKit/vmkit_stale_ref/lib/j3/VMCore/../ClassLib -O0   -pedantic -Wno-long-long -Wall -W -Wno-unused-parameter -Wwrite-strings   -MMD -MP -MF "/media/Data/Documents/Studies/MyWork/PhD/VMKit/vmkit_stale_ref/lib/j3/VMCore/Debug+Asserts/JavaRuntimeJIT.bc.d.tmp" -MT "/media/Data/Documents/Studies/MyWork/PhD/VMKit/vmkit_stale_ref/lib/j3/VMCore/Debug+Asserts/JavaRuntimeJIT.ll" -MT "/media/Data/Documents/Studies/MyWork/PhD/VMKit/vmkit_stale_ref/lib/j3/VMCore/Debug+Asserts/JavaRuntimeJIT.bc.d" \
			JavaRuntimeJIT.cpp -o /media/Data/Documents/Studies/MyWork/PhD/VMKit/vmkit_stale_ref/lib/j3/VMCore/Debug+Asserts/JavaRuntimeJIT.ll -S "-emit-llvm" ; \
	        then /bin/mv -f "/media/Data/Documents/Studies/MyWork/PhD/VMKit/vmkit_stale_ref/lib/j3/VMCore/Debug+Asserts/JavaRuntimeJIT.bc.d.tmp" "/media/Data/Documents/Studies/MyWork/PhD/VMKit/vmkit_stale_ref/lib/j3/VMCore/Debug+Asserts/JavaRuntimeJIT.bc.d"; else /bin/rm "/media/Data/Documents/Studies/MyWork/PhD/VMKit/vmkit_stale_ref/lib/j3/VMCore/Debug+Asserts/JavaRuntimeJIT.bc.d.tmp"; exit 1; fi
In file included from JavaRuntimeJIT.cpp:12:
/media/Data/Documents/Studies/MyWork/PhD/VMKit/vmkit_stale_ref/lib/j3/VMCore/../ClassLib/GNUClasspath/ClasspathReflect.h:206:15: warning: private field 'nextOnQueue' is not used [-Wunused-private-field]
  JavaObject* nextOnQueue;
              ^
1 warning generated.
llvm[3]: Compiling JavaRuntimeJIT.ll to JavaRuntimeJIT.bc for Debug+Asserts build (bytecode)
/home/koutheir/PhD/VMKit/llvm/Debug+Asserts/bin/opt /media/Data/Documents/Studies/MyWork/PhD/VMKit/vmkit_stale_ref/lib/j3/VMCore/Debug+Asserts/JavaRuntimeJIT.ll -load=/media/Data/Documents/Studies/MyWork/PhD/VMKit/vmkit_stale_ref/Debug+Asserts/lib/StaticGCPass.so -inline -StaticGCPass -o /media/Data/Documents/Studies/MyWork/PhD/VMKit/vmkit_stale_ref/lib/j3/VMCore/Debug+Asserts/JavaRuntimeJIT_gc.bc
llvm[3]: Compiling JavaRuntimeJIT.bc to JavaRuntimeJIT.s for Debug+Asserts build
/home/koutheir/PhD/VMKit/llvm/Debug+Asserts/bin/llc -O=0 -asm-verbose -disable-cfi -disable-fp-elim -load=/media/Data/Documents/Studies/MyWork/PhD/VMKit/vmkit_stale_ref/Debug+Asserts/lib/StaticGCPrinter.so /media/Data/Documents/Studies/MyWork/PhD/VMKit/vmkit_stale_ref/lib/j3/VMCore/Debug+Asserts/JavaRuntimeJIT_gc.bc -o /media/Data/Documents/Studies/MyWork/PhD/VMKit/vmkit_stale_ref/lib/j3/VMCore/Debug+Asserts/JavaRuntimeJIT_gc.s
llvm[3]: Compiling JavaRuntimeJIT.s for Debug+Asserts build
gcc -I/home/koutheir/PhD/VMKit/llvm/include -I/media/Data/Documents/Studies/MyWork/PhD/VMKit/vmkit_stale_ref/include -I/media/Data/Documents/Studies/MyWork/PhD/VMKit/vmkit_stale_ref/lib/j3/VMCore  -D_DEBUG -D_GNU_SOURCE -D__STDC_CONSTANT_MACROS -D__STDC_FORMAT_MACROS -D__STDC_LIMIT_MACROS -g -fPIC -O0   -pedantic -Wno-long-long -Wall -W -Wno-unused-parameter -Wwrite-strings   -c /media/Data/Documents/Studies/MyWork/PhD/VMKit/vmkit_stale_ref/lib/j3/VMCore/Debug+Asserts/JavaRuntimeJIT_gc.s -o /media/Data/Documents/Studies/MyWork/PhD/VMKit/vmkit_stale_ref/lib/j3/VMCore/Debug+Asserts/JavaRuntimeJIT_gc.o
llvm[3]: Compiling JavaString.cpp for Debug+Asserts build (bytecode)
if /home/koutheir/PhD/VMKit/llvm/Debug+Asserts/bin/clang++ -I/home/koutheir/PhD/VMKit/llvm/include -I/media/Data/Documents/Studies/MyWork/PhD/VMKit/vmkit_stale_ref/include -I/media/Data/Documents/Studies/MyWork/PhD/VMKit/vmkit_stale_ref/lib/j3/VMCore  -D_DEBUG -D_GNU_SOURCE -D__STDC_CONSTANT_MACROS -D__STDC_FORMAT_MACROS -D__STDC_LIMIT_MACROS -g -fvisibility-inlines-hidden -fno-exceptions -fno-rtti -fPIC -Woverloaded-virtual -Wcast-qual -I/media/Data/Documents/Studies/MyWork/PhD/VMKit/vmkit_stale_ref/lib/vmkit/MMTk -fno-exceptions -Wno-variadic-macros -fno-omit-frame-pointer -fno-strict-aliasing -Wno-deprecated -ansi -fno-rtti -I/media/Data/Documents/Studies/MyWork/PhD/VMKit/vmkit_stale_ref/lib/j3/VMCore/../ClassLib -I/media/Data/Documents/Studies/MyWork/PhD/VMKit/vmkit_stale_ref/lib/j3/VMCore/../LLVMRuntime -I/media/Data/Documents/Studies/MyWork/PhD/VMKit/vmkit_stale_ref/lib/j3/VMCore/../ClassLib/GNUClasspath -I/media/Data/Documents/Studies/MyWork/PhD/VMKit/vmkit_stale_ref/lib/j3/VMCore/../../../include/j3 -I/media/Data/Documents/Studies/MyWork/PhD/VMKit/vmkit_stale_ref/lib/j3/VMCore/../ClassLib -O0   -pedantic -Wno-long-long -Wall -W -Wno-unused-parameter -Wwrite-strings   -MMD -MP -MF "/media/Data/Documents/Studies/MyWork/PhD/VMKit/vmkit_stale_ref/lib/j3/VMCore/Debug+Asserts/JavaString.bc.d.tmp" -MT "/media/Data/Documents/Studies/MyWork/PhD/VMKit/vmkit_stale_ref/lib/j3/VMCore/Debug+Asserts/JavaString.ll" -MT "/media/Data/Documents/Studies/MyWork/PhD/VMKit/vmkit_stale_ref/lib/j3/VMCore/Debug+Asserts/JavaString.bc.d" \
			JavaString.cpp -o /media/Data/Documents/Studies/MyWork/PhD/VMKit/vmkit_stale_ref/lib/j3/VMCore/Debug+Asserts/JavaString.ll -S "-emit-llvm" ; \
	        then /bin/mv -f "/media/Data/Documents/Studies/MyWork/PhD/VMKit/vmkit_stale_ref/lib/j3/VMCore/Debug+Asserts/JavaString.bc.d.tmp" "/media/Data/Documents/Studies/MyWork/PhD/VMKit/vmkit_stale_ref/lib/j3/VMCore/Debug+Asserts/JavaString.bc.d"; else /bin/rm "/media/Data/Documents/Studies/MyWork/PhD/VMKit/vmkit_stale_ref/lib/j3/VMCore/Debug+Asserts/JavaString.bc.d.tmp"; exit 1; fi
llvm[3]: Compiling JavaString.ll to JavaString.bc for Debug+Asserts build (bytecode)
/home/koutheir/PhD/VMKit/llvm/Debug+Asserts/bin/opt /media/Data/Documents/Studies/MyWork/PhD/VMKit/vmkit_stale_ref/lib/j3/VMCore/Debug+Asserts/JavaString.ll -load=/media/Data/Documents/Studies/MyWork/PhD/VMKit/vmkit_stale_ref/Debug+Asserts/lib/StaticGCPass.so -inline -StaticGCPass -o /media/Data/Documents/Studies/MyWork/PhD/VMKit/vmkit_stale_ref/lib/j3/VMCore/Debug+Asserts/JavaString_gc.bc
llvm[3]: Compiling JavaString.bc to JavaString.s for Debug+Asserts build
/home/koutheir/PhD/VMKit/llvm/Debug+Asserts/bin/llc -O=0 -asm-verbose -disable-cfi -disable-fp-elim -load=/media/Data/Documents/Studies/MyWork/PhD/VMKit/vmkit_stale_ref/Debug+Asserts/lib/StaticGCPrinter.so /media/Data/Documents/Studies/MyWork/PhD/VMKit/vmkit_stale_ref/lib/j3/VMCore/Debug+Asserts/JavaString_gc.bc -o /media/Data/Documents/Studies/MyWork/PhD/VMKit/vmkit_stale_ref/lib/j3/VMCore/Debug+Asserts/JavaString_gc.s
llvm[3]: Compiling JavaString.s for Debug+Asserts build
gcc -I/home/koutheir/PhD/VMKit/llvm/include -I/media/Data/Documents/Studies/MyWork/PhD/VMKit/vmkit_stale_ref/include -I/media/Data/Documents/Studies/MyWork/PhD/VMKit/vmkit_stale_ref/lib/j3/VMCore  -D_DEBUG -D_GNU_SOURCE -D__STDC_CONSTANT_MACROS -D__STDC_FORMAT_MACROS -D__STDC_LIMIT_MACROS -g -fPIC -O0   -pedantic -Wno-long-long -Wall -W -Wno-unused-parameter -Wwrite-strings   -c /media/Data/Documents/Studies/MyWork/PhD/VMKit/vmkit_stale_ref/lib/j3/VMCore/Debug+Asserts/JavaString_gc.s -o /media/Data/Documents/Studies/MyWork/PhD/VMKit/vmkit_stale_ref/lib/j3/VMCore/Debug+Asserts/JavaString_gc.o
llvm[3]: Compiling JavaThread.cpp for Debug+Asserts build (bytecode)
if /home/koutheir/PhD/VMKit/llvm/Debug+Asserts/bin/clang++ -I/home/koutheir/PhD/VMKit/llvm/include -I/media/Data/Documents/Studies/MyWork/PhD/VMKit/vmkit_stale_ref/include -I/media/Data/Documents/Studies/MyWork/PhD/VMKit/vmkit_stale_ref/lib/j3/VMCore  -D_DEBUG -D_GNU_SOURCE -D__STDC_CONSTANT_MACROS -D__STDC_FORMAT_MACROS -D__STDC_LIMIT_MACROS -g -fvisibility-inlines-hidden -fno-exceptions -fno-rtti -fPIC -Woverloaded-virtual -Wcast-qual -I/media/Data/Documents/Studies/MyWork/PhD/VMKit/vmkit_stale_ref/lib/vmkit/MMTk -fno-exceptions -Wno-variadic-macros -fno-omit-frame-pointer -fno-strict-aliasing -Wno-deprecated -ansi -fno-rtti -I/media/Data/Documents/Studies/MyWork/PhD/VMKit/vmkit_stale_ref/lib/j3/VMCore/../ClassLib -I/media/Data/Documents/Studies/MyWork/PhD/VMKit/vmkit_stale_ref/lib/j3/VMCore/../LLVMRuntime -I/media/Data/Documents/Studies/MyWork/PhD/VMKit/vmkit_stale_ref/lib/j3/VMCore/../ClassLib/GNUClasspath -I/media/Data/Documents/Studies/MyWork/PhD/VMKit/vmkit_stale_ref/lib/j3/VMCore/../../../include/j3 -I/media/Data/Documents/Studies/MyWork/PhD/VMKit/vmkit_stale_ref/lib/j3/VMCore/../ClassLib -O0   -pedantic -Wno-long-long -Wall -W -Wno-unused-parameter -Wwrite-strings   -MMD -MP -MF "/media/Data/Documents/Studies/MyWork/PhD/VMKit/vmkit_stale_ref/lib/j3/VMCore/Debug+Asserts/JavaThread.bc.d.tmp" -MT "/media/Data/Documents/Studies/MyWork/PhD/VMKit/vmkit_stale_ref/lib/j3/VMCore/Debug+Asserts/JavaThread.ll" -MT "/media/Data/Documents/Studies/MyWork/PhD/VMKit/vmkit_stale_ref/lib/j3/VMCore/Debug+Asserts/JavaThread.bc.d" \
			JavaThread.cpp -o /media/Data/Documents/Studies/MyWork/PhD/VMKit/vmkit_stale_ref/lib/j3/VMCore/Debug+Asserts/JavaThread.ll -S "-emit-llvm" ; \
	        then /bin/mv -f "/media/Data/Documents/Studies/MyWork/PhD/VMKit/vmkit_stale_ref/lib/j3/VMCore/Debug+Asserts/JavaThread.bc.d.tmp" "/media/Data/Documents/Studies/MyWork/PhD/VMKit/vmkit_stale_ref/lib/j3/VMCore/Debug+Asserts/JavaThread.bc.d"; else /bin/rm "/media/Data/Documents/Studies/MyWork/PhD/VMKit/vmkit_stale_ref/lib/j3/VMCore/Debug+Asserts/JavaThread.bc.d.tmp"; exit 1; fi
llvm[3]: Compiling JavaThread.ll to JavaThread.bc for Debug+Asserts build (bytecode)
/home/koutheir/PhD/VMKit/llvm/Debug+Asserts/bin/opt /media/Data/Documents/Studies/MyWork/PhD/VMKit/vmkit_stale_ref/lib/j3/VMCore/Debug+Asserts/JavaThread.ll -load=/media/Data/Documents/Studies/MyWork/PhD/VMKit/vmkit_stale_ref/Debug+Asserts/lib/StaticGCPass.so -inline -StaticGCPass -o /media/Data/Documents/Studies/MyWork/PhD/VMKit/vmkit_stale_ref/lib/j3/VMCore/Debug+Asserts/JavaThread_gc.bc
llvm[3]: Compiling JavaThread.bc to JavaThread.s for Debug+Asserts build
/home/koutheir/PhD/VMKit/llvm/Debug+Asserts/bin/llc -O=0 -asm-verbose -disable-cfi -disable-fp-elim -load=/media/Data/Documents/Studies/MyWork/PhD/VMKit/vmkit_stale_ref/Debug+Asserts/lib/StaticGCPrinter.so /media/Data/Documents/Studies/MyWork/PhD/VMKit/vmkit_stale_ref/lib/j3/VMCore/Debug+Asserts/JavaThread_gc.bc -o /media/Data/Documents/Studies/MyWork/PhD/VMKit/vmkit_stale_ref/lib/j3/VMCore/Debug+Asserts/JavaThread_gc.s
llvm[3]: Compiling JavaThread.s for Debug+Asserts build
gcc -I/home/koutheir/PhD/VMKit/llvm/include -I/media/Data/Documents/Studies/MyWork/PhD/VMKit/vmkit_stale_ref/include -I/media/Data/Documents/Studies/MyWork/PhD/VMKit/vmkit_stale_ref/lib/j3/VMCore  -D_DEBUG -D_GNU_SOURCE -D__STDC_CONSTANT_MACROS -D__STDC_FORMAT_MACROS -D__STDC_LIMIT_MACROS -g -fPIC -O0   -pedantic -Wno-long-long -Wall -W -Wno-unused-parameter -Wwrite-strings   -c /media/Data/Documents/Studies/MyWork/PhD/VMKit/vmkit_stale_ref/lib/j3/VMCore/Debug+Asserts/JavaThread_gc.s -o /media/Data/Documents/Studies/MyWork/PhD/VMKit/vmkit_stale_ref/lib/j3/VMCore/Debug+Asserts/JavaThread_gc.o
llvm[3]: Compiling JavaTypes.cpp for Debug+Asserts build (bytecode)
if /home/koutheir/PhD/VMKit/llvm/Debug+Asserts/bin/clang++ -I/home/koutheir/PhD/VMKit/llvm/include -I/media/Data/Documents/Studies/MyWork/PhD/VMKit/vmkit_stale_ref/include -I/media/Data/Documents/Studies/MyWork/PhD/VMKit/vmkit_stale_ref/lib/j3/VMCore  -D_DEBUG -D_GNU_SOURCE -D__STDC_CONSTANT_MACROS -D__STDC_FORMAT_MACROS -D__STDC_LIMIT_MACROS -g -fvisibility-inlines-hidden -fno-exceptions -fno-rtti -fPIC -Woverloaded-virtual -Wcast-qual -I/media/Data/Documents/Studies/MyWork/PhD/VMKit/vmkit_stale_ref/lib/vmkit/MMTk -fno-exceptions -Wno-variadic-macros -fno-omit-frame-pointer -fno-strict-aliasing -Wno-deprecated -ansi -fno-rtti -I/media/Data/Documents/Studies/MyWork/PhD/VMKit/vmkit_stale_ref/lib/j3/VMCore/../ClassLib -I/media/Data/Documents/Studies/MyWork/PhD/VMKit/vmkit_stale_ref/lib/j3/VMCore/../LLVMRuntime -I/media/Data/Documents/Studies/MyWork/PhD/VMKit/vmkit_stale_ref/lib/j3/VMCore/../ClassLib/GNUClasspath -I/media/Data/Documents/Studies/MyWork/PhD/VMKit/vmkit_stale_ref/lib/j3/VMCore/../../../include/j3 -I/media/Data/Documents/Studies/MyWork/PhD/VMKit/vmkit_stale_ref/lib/j3/VMCore/../ClassLib -O0   -pedantic -Wno-long-long -Wall -W -Wno-unused-parameter -Wwrite-strings   -MMD -MP -MF "/media/Data/Documents/Studies/MyWork/PhD/VMKit/vmkit_stale_ref/lib/j3/VMCore/Debug+Asserts/JavaTypes.bc.d.tmp" -MT "/media/Data/Documents/Studies/MyWork/PhD/VMKit/vmkit_stale_ref/lib/j3/VMCore/Debug+Asserts/JavaTypes.ll" -MT "/media/Data/Documents/Studies/MyWork/PhD/VMKit/vmkit_stale_ref/lib/j3/VMCore/Debug+Asserts/JavaTypes.bc.d" \
			JavaTypes.cpp -o /media/Data/Documents/Studies/MyWork/PhD/VMKit/vmkit_stale_ref/lib/j3/VMCore/Debug+Asserts/JavaTypes.ll -S "-emit-llvm" ; \
	        then /bin/mv -f "/media/Data/Documents/Studies/MyWork/PhD/VMKit/vmkit_stale_ref/lib/j3/VMCore/Debug+Asserts/JavaTypes.bc.d.tmp" "/media/Data/Documents/Studies/MyWork/PhD/VMKit/vmkit_stale_ref/lib/j3/VMCore/Debug+Asserts/JavaTypes.bc.d"; else /bin/rm "/media/Data/Documents/Studies/MyWork/PhD/VMKit/vmkit_stale_ref/lib/j3/VMCore/Debug+Asserts/JavaTypes.bc.d.tmp"; exit 1; fi
llvm[3]: Compiling JavaTypes.ll to JavaTypes.bc for Debug+Asserts build (bytecode)
/home/koutheir/PhD/VMKit/llvm/Debug+Asserts/bin/opt /media/Data/Documents/Studies/MyWork/PhD/VMKit/vmkit_stale_ref/lib/j3/VMCore/Debug+Asserts/JavaTypes.ll -load=/media/Data/Documents/Studies/MyWork/PhD/VMKit/vmkit_stale_ref/Debug+Asserts/lib/StaticGCPass.so -inline -StaticGCPass -o /media/Data/Documents/Studies/MyWork/PhD/VMKit/vmkit_stale_ref/lib/j3/VMCore/Debug+Asserts/JavaTypes_gc.bc
llvm[3]: Compiling JavaTypes.bc to JavaTypes.s for Debug+Asserts build
/home/koutheir/PhD/VMKit/llvm/Debug+Asserts/bin/llc -O=0 -asm-verbose -disable-cfi -disable-fp-elim -load=/media/Data/Documents/Studies/MyWork/PhD/VMKit/vmkit_stale_ref/Debug+Asserts/lib/StaticGCPrinter.so /media/Data/Documents/Studies/MyWork/PhD/VMKit/vmkit_stale_ref/lib/j3/VMCore/Debug+Asserts/JavaTypes_gc.bc -o /media/Data/Documents/Studies/MyWork/PhD/VMKit/vmkit_stale_ref/lib/j3/VMCore/Debug+Asserts/JavaTypes_gc.s
llvm[3]: Compiling JavaTypes.s for Debug+Asserts build
gcc -I/home/koutheir/PhD/VMKit/llvm/include -I/media/Data/Documents/Studies/MyWork/PhD/VMKit/vmkit_stale_ref/include -I/media/Data/Documents/Studies/MyWork/PhD/VMKit/vmkit_stale_ref/lib/j3/VMCore  -D_DEBUG -D_GNU_SOURCE -D__STDC_CONSTANT_MACROS -D__STDC_FORMAT_MACROS -D__STDC_LIMIT_MACROS -g -fPIC -O0   -pedantic -Wno-long-long -Wall -W -Wno-unused-parameter -Wwrite-strings   -c /media/Data/Documents/Studies/MyWork/PhD/VMKit/vmkit_stale_ref/lib/j3/VMCore/Debug+Asserts/JavaTypes_gc.s -o /media/Data/Documents/Studies/MyWork/PhD/VMKit/vmkit_stale_ref/lib/j3/VMCore/Debug+Asserts/JavaTypes_gc.o
llvm[3]: Compiling Jni.cpp for Debug+Asserts build (bytecode)
if /home/koutheir/PhD/VMKit/llvm/Debug+Asserts/bin/clang++ -I/home/koutheir/PhD/VMKit/llvm/include -I/media/Data/Documents/Studies/MyWork/PhD/VMKit/vmkit_stale_ref/include -I/media/Data/Documents/Studies/MyWork/PhD/VMKit/vmkit_stale_ref/lib/j3/VMCore  -D_DEBUG -D_GNU_SOURCE -D__STDC_CONSTANT_MACROS -D__STDC_FORMAT_MACROS -D__STDC_LIMIT_MACROS -g -fvisibility-inlines-hidden -fno-exceptions -fno-rtti -fPIC -Woverloaded-virtual -Wcast-qual -I/media/Data/Documents/Studies/MyWork/PhD/VMKit/vmkit_stale_ref/lib/vmkit/MMTk -fno-exceptions -Wno-variadic-macros -fno-omit-frame-pointer -fno-strict-aliasing -Wno-deprecated -ansi -fno-rtti -I/media/Data/Documents/Studies/MyWork/PhD/VMKit/vmkit_stale_ref/lib/j3/VMCore/../ClassLib -I/media/Data/Documents/Studies/MyWork/PhD/VMKit/vmkit_stale_ref/lib/j3/VMCore/../LLVMRuntime -I/media/Data/Documents/Studies/MyWork/PhD/VMKit/vmkit_stale_ref/lib/j3/VMCore/../ClassLib/GNUClasspath -I/media/Data/Documents/Studies/MyWork/PhD/VMKit/vmkit_stale_ref/lib/j3/VMCore/../../../include/j3 -I/media/Data/Documents/Studies/MyWork/PhD/VMKit/vmkit_stale_ref/lib/j3/VMCore/../ClassLib -O0   -pedantic -Wno-long-long -Wall -W -Wno-unused-parameter -Wwrite-strings   -MMD -MP -MF "/media/Data/Documents/Studies/MyWork/PhD/VMKit/vmkit_stale_ref/lib/j3/VMCore/Debug+Asserts/Jni.bc.d.tmp" -MT "/media/Data/Documents/Studies/MyWork/PhD/VMKit/vmkit_stale_ref/lib/j3/VMCore/Debug+Asserts/Jni.ll" -MT "/media/Data/Documents/Studies/MyWork/PhD/VMKit/vmkit_stale_ref/lib/j3/VMCore/Debug+Asserts/Jni.bc.d" \
			Jni.cpp -o /media/Data/Documents/Studies/MyWork/PhD/VMKit/vmkit_stale_ref/lib/j3/VMCore/Debug+Asserts/Jni.ll -S "-emit-llvm" ; \
	        then /bin/mv -f "/media/Data/Documents/Studies/MyWork/PhD/VMKit/vmkit_stale_ref/lib/j3/VMCore/Debug+Asserts/Jni.bc.d.tmp" "/media/Data/Documents/Studies/MyWork/PhD/VMKit/vmkit_stale_ref/lib/j3/VMCore/Debug+Asserts/Jni.bc.d"; else /bin/rm "/media/Data/Documents/Studies/MyWork/PhD/VMKit/vmkit_stale_ref/lib/j3/VMCore/Debug+Asserts/Jni.bc.d.tmp"; exit 1; fi
In file included from Jni.cpp:14:
/media/Data/Documents/Studies/MyWork/PhD/VMKit/vmkit_stale_ref/lib/j3/VMCore/../ClassLib/GNUClasspath/ClasspathReflect.h:206:15: warning: private field 'nextOnQueue' is not used [-Wunused-private-field]
  JavaObject* nextOnQueue;
              ^
1 warning generated.
llvm[3]: Compiling Jni.ll to Jni.bc for Debug+Asserts build (bytecode)
/home/koutheir/PhD/VMKit/llvm/Debug+Asserts/bin/opt /media/Data/Documents/Studies/MyWork/PhD/VMKit/vmkit_stale_ref/lib/j3/VMCore/Debug+Asserts/Jni.ll -load=/media/Data/Documents/Studies/MyWork/PhD/VMKit/vmkit_stale_ref/Debug+Asserts/lib/StaticGCPass.so -inline -StaticGCPass -o /media/Data/Documents/Studies/MyWork/PhD/VMKit/vmkit_stale_ref/lib/j3/VMCore/Debug+Asserts/Jni_gc.bc
llvm[3]: Compiling Jni.bc to Jni.s for Debug+Asserts build
/home/koutheir/PhD/VMKit/llvm/Debug+Asserts/bin/llc -O=0 -asm-verbose -disable-cfi -disable-fp-elim -load=/media/Data/Documents/Studies/MyWork/PhD/VMKit/vmkit_stale_ref/Debug+Asserts/lib/StaticGCPrinter.so /media/Data/Documents/Studies/MyWork/PhD/VMKit/vmkit_stale_ref/lib/j3/VMCore/Debug+Asserts/Jni_gc.bc -o /media/Data/Documents/Studies/MyWork/PhD/VMKit/vmkit_stale_ref/lib/j3/VMCore/Debug+Asserts/Jni_gc.s
llvm[3]: Compiling Jni.s for Debug+Asserts build
gcc -I/home/koutheir/PhD/VMKit/llvm/include -I/media/Data/Documents/Studies/MyWork/PhD/VMKit/vmkit_stale_ref/include -I/media/Data/Documents/Studies/MyWork/PhD/VMKit/vmkit_stale_ref/lib/j3/VMCore  -D_DEBUG -D_GNU_SOURCE -D__STDC_CONSTANT_MACROS -D__STDC_FORMAT_MACROS -D__STDC_LIMIT_MACROS -g -fPIC -O0   -pedantic -Wno-long-long -Wall -W -Wno-unused-parameter -Wwrite-strings   -c /media/Data/Documents/Studies/MyWork/PhD/VMKit/vmkit_stale_ref/lib/j3/VMCore/Debug+Asserts/Jni_gc.s -o /media/Data/Documents/Studies/MyWork/PhD/VMKit/vmkit_stale_ref/lib/j3/VMCore/Debug+Asserts/Jni_gc.o
llvm[3]: Compiling Jnjvm.cpp for Debug+Asserts build (bytecode)
if /home/koutheir/PhD/VMKit/llvm/Debug+Asserts/bin/clang++ -I/home/koutheir/PhD/VMKit/llvm/include -I/media/Data/Documents/Studies/MyWork/PhD/VMKit/vmkit_stale_ref/include -I/media/Data/Documents/Studies/MyWork/PhD/VMKit/vmkit_stale_ref/lib/j3/VMCore  -D_DEBUG -D_GNU_SOURCE -D__STDC_CONSTANT_MACROS -D__STDC_FORMAT_MACROS -D__STDC_LIMIT_MACROS -g -fvisibility-inlines-hidden -fno-exceptions -fno-rtti -fPIC -Woverloaded-virtual -Wcast-qual -I/media/Data/Documents/Studies/MyWork/PhD/VMKit/vmkit_stale_ref/lib/vmkit/MMTk -fno-exceptions -Wno-variadic-macros -fno-omit-frame-pointer -fno-strict-aliasing -Wno-deprecated -ansi -fno-rtti -I/media/Data/Documents/Studies/MyWork/PhD/VMKit/vmkit_stale_ref/lib/j3/VMCore/../ClassLib -I/media/Data/Documents/Studies/MyWork/PhD/VMKit/vmkit_stale_ref/lib/j3/VMCore/../LLVMRuntime -I/media/Data/Documents/Studies/MyWork/PhD/VMKit/vmkit_stale_ref/lib/j3/VMCore/../ClassLib/GNUClasspath -I/media/Data/Documents/Studies/MyWork/PhD/VMKit/vmkit_stale_ref/lib/j3/VMCore/../../../include/j3 -I/media/Data/Documents/Studies/MyWork/PhD/VMKit/vmkit_stale_ref/lib/j3/VMCore/../ClassLib -O0   -pedantic -Wno-long-long -Wall -W -Wno-unused-parameter -Wwrite-strings   -MMD -MP -MF "/media/Data/Documents/Studies/MyWork/PhD/VMKit/vmkit_stale_ref/lib/j3/VMCore/Debug+Asserts/Jnjvm.bc.d.tmp" -MT "/media/Data/Documents/Studies/MyWork/PhD/VMKit/vmkit_stale_ref/lib/j3/VMCore/Debug+Asserts/Jnjvm.ll" -MT "/media/Data/Documents/Studies/MyWork/PhD/VMKit/vmkit_stale_ref/lib/j3/VMCore/Debug+Asserts/Jnjvm.bc.d" \
			Jnjvm.cpp -o /media/Data/Documents/Studies/MyWork/PhD/VMKit/vmkit_stale_ref/lib/j3/VMCore/Debug+Asserts/Jnjvm.ll -S "-emit-llvm" ; \
	        then /bin/mv -f "/media/Data/Documents/Studies/MyWork/PhD/VMKit/vmkit_stale_ref/lib/j3/VMCore/Debug+Asserts/Jnjvm.bc.d.tmp" "/media/Data/Documents/Studies/MyWork/PhD/VMKit/vmkit_stale_ref/lib/j3/VMCore/Debug+Asserts/Jnjvm.bc.d"; else /bin/rm "/media/Data/Documents/Studies/MyWork/PhD/VMKit/vmkit_stale_ref/lib/j3/VMCore/Debug+Asserts/Jnjvm.bc.d.tmp"; exit 1; fi
In file included from Jnjvm.cpp:24:
/media/Data/Documents/Studies/MyWork/PhD/VMKit/vmkit_stale_ref/lib/j3/VMCore/../ClassLib/GNUClasspath/ClasspathReflect.h:206:15: warning: private field 'nextOnQueue' is not used [-Wunused-private-field]
  JavaObject* nextOnQueue;
              ^
1 warning generated.
llvm[3]: Compiling Jnjvm.ll to Jnjvm.bc for Debug+Asserts build (bytecode)
/home/koutheir/PhD/VMKit/llvm/Debug+Asserts/bin/opt /media/Data/Documents/Studies/MyWork/PhD/VMKit/vmkit_stale_ref/lib/j3/VMCore/Debug+Asserts/Jnjvm.ll -load=/media/Data/Documents/Studies/MyWork/PhD/VMKit/vmkit_stale_ref/Debug+Asserts/lib/StaticGCPass.so -inline -StaticGCPass -o /media/Data/Documents/Studies/MyWork/PhD/VMKit/vmkit_stale_ref/lib/j3/VMCore/Debug+Asserts/Jnjvm_gc.bc
llvm[3]: Compiling Jnjvm.bc to Jnjvm.s for Debug+Asserts build
/home/koutheir/PhD/VMKit/llvm/Debug+Asserts/bin/llc -O=0 -asm-verbose -disable-cfi -disable-fp-elim -load=/media/Data/Documents/Studies/MyWork/PhD/VMKit/vmkit_stale_ref/Debug+Asserts/lib/StaticGCPrinter.so /media/Data/Documents/Studies/MyWork/PhD/VMKit/vmkit_stale_ref/lib/j3/VMCore/Debug+Asserts/Jnjvm_gc.bc -o /media/Data/Documents/Studies/MyWork/PhD/VMKit/vmkit_stale_ref/lib/j3/VMCore/Debug+Asserts/Jnjvm_gc.s
llvm[3]: Compiling Jnjvm.s for Debug+Asserts build
gcc -I/home/koutheir/PhD/VMKit/llvm/include -I/media/Data/Documents/Studies/MyWork/PhD/VMKit/vmkit_stale_ref/include -I/media/Data/Documents/Studies/MyWork/PhD/VMKit/vmkit_stale_ref/lib/j3/VMCore  -D_DEBUG -D_GNU_SOURCE -D__STDC_CONSTANT_MACROS -D__STDC_FORMAT_MACROS -D__STDC_LIMIT_MACROS -g -fPIC -O0   -pedantic -Wno-long-long -Wall -W -Wno-unused-parameter -Wwrite-strings   -c /media/Data/Documents/Studies/MyWork/PhD/VMKit/vmkit_stale_ref/lib/j3/VMCore/Debug+Asserts/Jnjvm_gc.s -o /media/Data/Documents/Studies/MyWork/PhD/VMKit/vmkit_stale_ref/lib/j3/VMCore/Debug+Asserts/Jnjvm_gc.o
llvm[3]: Compiling JnjvmClassLoader.cpp for Debug+Asserts build (bytecode)
if /home/koutheir/PhD/VMKit/llvm/Debug+Asserts/bin/clang++ -I/home/koutheir/PhD/VMKit/llvm/include -I/media/Data/Documents/Studies/MyWork/PhD/VMKit/vmkit_stale_ref/include -I/media/Data/Documents/Studies/MyWork/PhD/VMKit/vmkit_stale_ref/lib/j3/VMCore  -D_DEBUG -D_GNU_SOURCE -D__STDC_CONSTANT_MACROS -D__STDC_FORMAT_MACROS -D__STDC_LIMIT_MACROS -g -fvisibility-inlines-hidden -fno-exceptions -fno-rtti -fPIC -Woverloaded-virtual -Wcast-qual -I/media/Data/Documents/Studies/MyWork/PhD/VMKit/vmkit_stale_ref/lib/vmkit/MMTk -fno-exceptions -Wno-variadic-macros -fno-omit-frame-pointer -fno-strict-aliasing -Wno-deprecated -ansi -fno-rtti -I/media/Data/Documents/Studies/MyWork/PhD/VMKit/vmkit_stale_ref/lib/j3/VMCore/../ClassLib -I/media/Data/Documents/Studies/MyWork/PhD/VMKit/vmkit_stale_ref/lib/j3/VMCore/../LLVMRuntime -I/media/Data/Documents/Studies/MyWork/PhD/VMKit/vmkit_stale_ref/lib/j3/VMCore/../ClassLib/GNUClasspath -I/media/Data/Documents/Studies/MyWork/PhD/VMKit/vmkit_stale_ref/lib/j3/VMCore/../../../include/j3 -I/media/Data/Documents/Studies/MyWork/PhD/VMKit/vmkit_stale_ref/lib/j3/VMCore/../ClassLib -O0   -pedantic -Wno-long-long -Wall -W -Wno-unused-parameter -Wwrite-strings   -MMD -MP -MF "/media/Data/Documents/Studies/MyWork/PhD/VMKit/vmkit_stale_ref/lib/j3/VMCore/Debug+Asserts/JnjvmClassLoader.bc.d.tmp" -MT "/media/Data/Documents/Studies/MyWork/PhD/VMKit/vmkit_stale_ref/lib/j3/VMCore/Debug+Asserts/JnjvmClassLoader.ll" -MT "/media/Data/Documents/Studies/MyWork/PhD/VMKit/vmkit_stale_ref/lib/j3/VMCore/Debug+Asserts/JnjvmClassLoader.bc.d" \
			JnjvmClassLoader.cpp -o /media/Data/Documents/Studies/MyWork/PhD/VMKit/vmkit_stale_ref/lib/j3/VMCore/Debug+Asserts/JnjvmClassLoader.ll -S "-emit-llvm" ; \
	        then /bin/mv -f "/media/Data/Documents/Studies/MyWork/PhD/VMKit/vmkit_stale_ref/lib/j3/VMCore/Debug+Asserts/JnjvmClassLoader.bc.d.tmp" "/media/Data/Documents/Studies/MyWork/PhD/VMKit/vmkit_stale_ref/lib/j3/VMCore/Debug+Asserts/JnjvmClassLoader.bc.d"; else /bin/rm "/media/Data/Documents/Studies/MyWork/PhD/VMKit/vmkit_stale_ref/lib/j3/VMCore/Debug+Asserts/JnjvmClassLoader.bc.d.tmp"; exit 1; fi
In file included from JnjvmClassLoader.cpp:30:
/media/Data/Documents/Studies/MyWork/PhD/VMKit/vmkit_stale_ref/lib/j3/VMCore/../ClassLib/GNUClasspath/ClasspathReflect.h:206:15: warning: private field 'nextOnQueue' is not used [-Wunused-private-field]
  JavaObject* nextOnQueue;
              ^
1 warning generated.
llvm[3]: Compiling JnjvmClassLoader.ll to JnjvmClassLoader.bc for Debug+Asserts build (bytecode)
/home/koutheir/PhD/VMKit/llvm/Debug+Asserts/bin/opt /media/Data/Documents/Studies/MyWork/PhD/VMKit/vmkit_stale_ref/lib/j3/VMCore/Debug+Asserts/JnjvmClassLoader.ll -load=/media/Data/Documents/Studies/MyWork/PhD/VMKit/vmkit_stale_ref/Debug+Asserts/lib/StaticGCPass.so -inline -StaticGCPass -o /media/Data/Documents/Studies/MyWork/PhD/VMKit/vmkit_stale_ref/lib/j3/VMCore/Debug+Asserts/JnjvmClassLoader_gc.bc
llvm[3]: Compiling JnjvmClassLoader.bc to JnjvmClassLoader.s for Debug+Asserts build
/home/koutheir/PhD/VMKit/llvm/Debug+Asserts/bin/llc -O=0 -asm-verbose -disable-cfi -disable-fp-elim -load=/media/Data/Documents/Studies/MyWork/PhD/VMKit/vmkit_stale_ref/Debug+Asserts/lib/StaticGCPrinter.so /media/Data/Documents/Studies/MyWork/PhD/VMKit/vmkit_stale_ref/lib/j3/VMCore/Debug+Asserts/JnjvmClassLoader_gc.bc -o /media/Data/Documents/Studies/MyWork/PhD/VMKit/vmkit_stale_ref/lib/j3/VMCore/Debug+Asserts/JnjvmClassLoader_gc.s
llvm[3]: Compiling JnjvmClassLoader.s for Debug+Asserts build
gcc -I/home/koutheir/PhD/VMKit/llvm/include -I/media/Data/Documents/Studies/MyWork/PhD/VMKit/vmkit_stale_ref/include -I/media/Data/Documents/Studies/MyWork/PhD/VMKit/vmkit_stale_ref/lib/j3/VMCore  -D_DEBUG -D_GNU_SOURCE -D__STDC_CONSTANT_MACROS -D__STDC_FORMAT_MACROS -D__STDC_LIMIT_MACROS -g -fPIC -O0   -pedantic -Wno-long-long -Wall -W -Wno-unused-parameter -Wwrite-strings   -c /media/Data/Documents/Studies/MyWork/PhD/VMKit/vmkit_stale_ref/lib/j3/VMCore/Debug+Asserts/JnjvmClassLoader_gc.s -o /media/Data/Documents/Studies/MyWork/PhD/VMKit/vmkit_stale_ref/lib/j3/VMCore/Debug+Asserts/JnjvmClassLoader_gc.o
llvm[3]: Compiling JnjvmIntOSGi.cpp for Debug+Asserts build (bytecode)
if /home/koutheir/PhD/VMKit/llvm/Debug+Asserts/bin/clang++ -I/home/koutheir/PhD/VMKit/llvm/include -I/media/Data/Documents/Studies/MyWork/PhD/VMKit/vmkit_stale_ref/include -I/media/Data/Documents/Studies/MyWork/PhD/VMKit/vmkit_stale_ref/lib/j3/VMCore  -D_DEBUG -D_GNU_SOURCE -D__STDC_CONSTANT_MACROS -D__STDC_FORMAT_MACROS -D__STDC_LIMIT_MACROS -g -fvisibility-inlines-hidden -fno-exceptions -fno-rtti -fPIC -Woverloaded-virtual -Wcast-qual -I/media/Data/Documents/Studies/MyWork/PhD/VMKit/vmkit_stale_ref/lib/vmkit/MMTk -fno-exceptions -Wno-variadic-macros -fno-omit-frame-pointer -fno-strict-aliasing -Wno-deprecated -ansi -fno-rtti -I/media/Data/Documents/Studies/MyWork/PhD/VMKit/vmkit_stale_ref/lib/j3/VMCore/../ClassLib -I/media/Data/Documents/Studies/MyWork/PhD/VMKit/vmkit_stale_ref/lib/j3/VMCore/../LLVMRuntime -I/media/Data/Documents/Studies/MyWork/PhD/VMKit/vmkit_stale_ref/lib/j3/VMCore/../ClassLib/GNUClasspath -I/media/Data/Documents/Studies/MyWork/PhD/VMKit/vmkit_stale_ref/lib/j3/VMCore/../../../include/j3 -I/media/Data/Documents/Studies/MyWork/PhD/VMKit/vmkit_stale_ref/lib/j3/VMCore/../ClassLib -O0   -pedantic -Wno-long-long -Wall -W -Wno-unused-parameter -Wwrite-strings   -MMD -MP -MF "/media/Data/Documents/Studies/MyWork/PhD/VMKit/vmkit_stale_ref/lib/j3/VMCore/Debug+Asserts/JnjvmIntOSGi.bc.d.tmp" -MT "/media/Data/Documents/Studies/MyWork/PhD/VMKit/vmkit_stale_ref/lib/j3/VMCore/Debug+Asserts/JnjvmIntOSGi.ll" -MT "/media/Data/Documents/Studies/MyWork/PhD/VMKit/vmkit_stale_ref/lib/j3/VMCore/Debug+Asserts/JnjvmIntOSGi.bc.d" \
			JnjvmIntOSGi.cpp -o /media/Data/Documents/Studies/MyWork/PhD/VMKit/vmkit_stale_ref/lib/j3/VMCore/Debug+Asserts/JnjvmIntOSGi.ll -S "-emit-llvm" ; \
	        then /bin/mv -f "/media/Data/Documents/Studies/MyWork/PhD/VMKit/vmkit_stale_ref/lib/j3/VMCore/Debug+Asserts/JnjvmIntOSGi.bc.d.tmp" "/media/Data/Documents/Studies/MyWork/PhD/VMKit/vmkit_stale_ref/lib/j3/VMCore/Debug+Asserts/JnjvmIntOSGi.bc.d"; else /bin/rm "/media/Data/Documents/Studies/MyWork/PhD/VMKit/vmkit_stale_ref/lib/j3/VMCore/Debug+Asserts/JnjvmIntOSGi.bc.d.tmp"; exit 1; fi
In file included from JnjvmIntOSGi.cpp:6:
/media/Data/Documents/Studies/MyWork/PhD/VMKit/vmkit_stale_ref/lib/j3/VMCore/../ClassLib/GNUClasspath/ClasspathReflect.h:206:15: warning: private field 'nextOnQueue' is not used [-Wunused-private-field]
  JavaObject* nextOnQueue;
              ^
1 warning generated.
llvm[3]: Compiling JnjvmIntOSGi.ll to JnjvmIntOSGi.bc for Debug+Asserts build (bytecode)
/home/koutheir/PhD/VMKit/llvm/Debug+Asserts/bin/opt /media/Data/Documents/Studies/MyWork/PhD/VMKit/vmkit_stale_ref/lib/j3/VMCore/Debug+Asserts/JnjvmIntOSGi.ll -load=/media/Data/Documents/Studies/MyWork/PhD/VMKit/vmkit_stale_ref/Debug+Asserts/lib/StaticGCPass.so -inline -StaticGCPass -o /media/Data/Documents/Studies/MyWork/PhD/VMKit/vmkit_stale_ref/lib/j3/VMCore/Debug+Asserts/JnjvmIntOSGi_gc.bc
llvm[3]: Compiling JnjvmIntOSGi.bc to JnjvmIntOSGi.s for Debug+Asserts build
/home/koutheir/PhD/VMKit/llvm/Debug+Asserts/bin/llc -O=0 -asm-verbose -disable-cfi -disable-fp-elim -load=/media/Data/Documents/Studies/MyWork/PhD/VMKit/vmkit_stale_ref/Debug+Asserts/lib/StaticGCPrinter.so /media/Data/Documents/Studies/MyWork/PhD/VMKit/vmkit_stale_ref/lib/j3/VMCore/Debug+Asserts/JnjvmIntOSGi_gc.bc -o /media/Data/Documents/Studies/MyWork/PhD/VMKit/vmkit_stale_ref/lib/j3/VMCore/Debug+Asserts/JnjvmIntOSGi_gc.s
llvm[3]: Compiling JnjvmIntOSGi.s for Debug+Asserts build
gcc -I/home/koutheir/PhD/VMKit/llvm/include -I/media/Data/Documents/Studies/MyWork/PhD/VMKit/vmkit_stale_ref/include -I/media/Data/Documents/Studies/MyWork/PhD/VMKit/vmkit_stale_ref/lib/j3/VMCore  -D_DEBUG -D_GNU_SOURCE -D__STDC_CONSTANT_MACROS -D__STDC_FORMAT_MACROS -D__STDC_LIMIT_MACROS -g -fPIC -O0   -pedantic -Wno-long-long -Wall -W -Wno-unused-parameter -Wwrite-strings   -c /media/Data/Documents/Studies/MyWork/PhD/VMKit/vmkit_stale_ref/lib/j3/VMCore/Debug+Asserts/JnjvmIntOSGi_gc.s -o /media/Data/Documents/Studies/MyWork/PhD/VMKit/vmkit_stale_ref/lib/j3/VMCore/Debug+Asserts/JnjvmIntOSGi_gc.o
llvm[3]: Compiling JnjvmStaleRef.cpp for Debug+Asserts build (bytecode)
if /home/koutheir/PhD/VMKit/llvm/Debug+Asserts/bin/clang++ -I/home/koutheir/PhD/VMKit/llvm/include -I/media/Data/Documents/Studies/MyWork/PhD/VMKit/vmkit_stale_ref/include -I/media/Data/Documents/Studies/MyWork/PhD/VMKit/vmkit_stale_ref/lib/j3/VMCore  -D_DEBUG -D_GNU_SOURCE -D__STDC_CONSTANT_MACROS -D__STDC_FORMAT_MACROS -D__STDC_LIMIT_MACROS -g -fvisibility-inlines-hidden -fno-exceptions -fno-rtti -fPIC -Woverloaded-virtual -Wcast-qual -I/media/Data/Documents/Studies/MyWork/PhD/VMKit/vmkit_stale_ref/lib/vmkit/MMTk -fno-exceptions -Wno-variadic-macros -fno-omit-frame-pointer -fno-strict-aliasing -Wno-deprecated -ansi -fno-rtti -I/media/Data/Documents/Studies/MyWork/PhD/VMKit/vmkit_stale_ref/lib/j3/VMCore/../ClassLib -I/media/Data/Documents/Studies/MyWork/PhD/VMKit/vmkit_stale_ref/lib/j3/VMCore/../LLVMRuntime -I/media/Data/Documents/Studies/MyWork/PhD/VMKit/vmkit_stale_ref/lib/j3/VMCore/../ClassLib/GNUClasspath -I/media/Data/Documents/Studies/MyWork/PhD/VMKit/vmkit_stale_ref/lib/j3/VMCore/../../../include/j3 -I/media/Data/Documents/Studies/MyWork/PhD/VMKit/vmkit_stale_ref/lib/j3/VMCore/../ClassLib -O0   -pedantic -Wno-long-long -Wall -W -Wno-unused-parameter -Wwrite-strings   -MMD -MP -MF "/media/Data/Documents/Studies/MyWork/PhD/VMKit/vmkit_stale_ref/lib/j3/VMCore/Debug+Asserts/JnjvmStaleRef.bc.d.tmp" -MT "/media/Data/Documents/Studies/MyWork/PhD/VMKit/vmkit_stale_ref/lib/j3/VMCore/Debug+Asserts/JnjvmStaleRef.ll" -MT "/media/Data/Documents/Studies/MyWork/PhD/VMKit/vmkit_stale_ref/lib/j3/VMCore/Debug+Asserts/JnjvmStaleRef.bc.d" \
			JnjvmStaleRef.cpp -o /media/Data/Documents/Studies/MyWork/PhD/VMKit/vmkit_stale_ref/lib/j3/VMCore/Debug+Asserts/JnjvmStaleRef.ll -S "-emit-llvm" ; \
	        then /bin/mv -f "/media/Data/Documents/Studies/MyWork/PhD/VMKit/vmkit_stale_ref/lib/j3/VMCore/Debug+Asserts/JnjvmStaleRef.bc.d.tmp" "/media/Data/Documents/Studies/MyWork/PhD/VMKit/vmkit_stale_ref/lib/j3/VMCore/Debug+Asserts/JnjvmStaleRef.bc.d"; else /bin/rm "/media/Data/Documents/Studies/MyWork/PhD/VMKit/vmkit_stale_ref/lib/j3/VMCore/Debug+Asserts/JnjvmStaleRef.bc.d.tmp"; exit 1; fi
In file included from JnjvmStaleRef.cpp:4:
In file included from /media/Data/Documents/Studies/MyWork/PhD/VMKit/vmkit_stale_ref/lib/j3/VMCore/../ClassLib/VMStaticInstance.h:13:
/media/Data/Documents/Studies/MyWork/PhD/VMKit/vmkit_stale_ref/lib/j3/VMCore/../ClassLib/GNUClasspath/ClasspathReflect.h:206:15: warning: private field 'nextOnQueue' is not used [-Wunused-private-field]
  JavaObject* nextOnQueue;
              ^
1 warning generated.
llvm[3]: Compiling JnjvmStaleRef.ll to JnjvmStaleRef.bc for Debug+Asserts build (bytecode)
/home/koutheir/PhD/VMKit/llvm/Debug+Asserts/bin/opt /media/Data/Documents/Studies/MyWork/PhD/VMKit/vmkit_stale_ref/lib/j3/VMCore/Debug+Asserts/JnjvmStaleRef.ll -load=/media/Data/Documents/Studies/MyWork/PhD/VMKit/vmkit_stale_ref/Debug+Asserts/lib/StaticGCPass.so -inline -StaticGCPass -o /media/Data/Documents/Studies/MyWork/PhD/VMKit/vmkit_stale_ref/lib/j3/VMCore/Debug+Asserts/JnjvmStaleRef_gc.bc
llvm[3]: Compiling JnjvmStaleRef.bc to JnjvmStaleRef.s for Debug+Asserts build
/home/koutheir/PhD/VMKit/llvm/Debug+Asserts/bin/llc -O=0 -asm-verbose -disable-cfi -disable-fp-elim -load=/media/Data/Documents/Studies/MyWork/PhD/VMKit/vmkit_stale_ref/Debug+Asserts/lib/StaticGCPrinter.so /media/Data/Documents/Studies/MyWork/PhD/VMKit/vmkit_stale_ref/lib/j3/VMCore/Debug+Asserts/JnjvmStaleRef_gc.bc -o /media/Data/Documents/Studies/MyWork/PhD/VMKit/vmkit_stale_ref/lib/j3/VMCore/Debug+Asserts/JnjvmStaleRef_gc.s
llvm[3]: Compiling JnjvmStaleRef.s for Debug+Asserts build
gcc -I/home/koutheir/PhD/VMKit/llvm/include -I/media/Data/Documents/Studies/MyWork/PhD/VMKit/vmkit_stale_ref/include -I/media/Data/Documents/Studies/MyWork/PhD/VMKit/vmkit_stale_ref/lib/j3/VMCore  -D_DEBUG -D_GNU_SOURCE -D__STDC_CONSTANT_MACROS -D__STDC_FORMAT_MACROS -D__STDC_LIMIT_MACROS -g -fPIC -O0   -pedantic -Wno-long-long -Wall -W -Wno-unused-parameter -Wwrite-strings   -c /media/Data/Documents/Studies/MyWork/PhD/VMKit/vmkit_stale_ref/lib/j3/VMCore/Debug+Asserts/JnjvmStaleRef_gc.s -o /media/Data/Documents/Studies/MyWork/PhD/VMKit/vmkit_stale_ref/lib/j3/VMCore/Debug+Asserts/JnjvmStaleRef_gc.o
llvm[3]: Compiling Precompiled.cpp for Debug+Asserts build (bytecode)
if /home/koutheir/PhD/VMKit/llvm/Debug+Asserts/bin/clang++ -I/home/koutheir/PhD/VMKit/llvm/include -I/media/Data/Documents/Studies/MyWork/PhD/VMKit/vmkit_stale_ref/include -I/media/Data/Documents/Studies/MyWork/PhD/VMKit/vmkit_stale_ref/lib/j3/VMCore  -D_DEBUG -D_GNU_SOURCE -D__STDC_CONSTANT_MACROS -D__STDC_FORMAT_MACROS -D__STDC_LIMIT_MACROS -g -fvisibility-inlines-hidden -fno-exceptions -fno-rtti -fPIC -Woverloaded-virtual -Wcast-qual -I/media/Data/Documents/Studies/MyWork/PhD/VMKit/vmkit_stale_ref/lib/vmkit/MMTk -fno-exceptions -Wno-variadic-macros -fno-omit-frame-pointer -fno-strict-aliasing -Wno-deprecated -ansi -fno-rtti -I/media/Data/Documents/Studies/MyWork/PhD/VMKit/vmkit_stale_ref/lib/j3/VMCore/../ClassLib -I/media/Data/Documents/Studies/MyWork/PhD/VMKit/vmkit_stale_ref/lib/j3/VMCore/../LLVMRuntime -I/media/Data/Documents/Studies/MyWork/PhD/VMKit/vmkit_stale_ref/lib/j3/VMCore/../ClassLib/GNUClasspath -I/media/Data/Documents/Studies/MyWork/PhD/VMKit/vmkit_stale_ref/lib/j3/VMCore/../../../include/j3 -I/media/Data/Documents/Studies/MyWork/PhD/VMKit/vmkit_stale_ref/lib/j3/VMCore/../ClassLib -O0   -pedantic -Wno-long-long -Wall -W -Wno-unused-parameter -Wwrite-strings   -MMD -MP -MF "/media/Data/Documents/Studies/MyWork/PhD/VMKit/vmkit_stale_ref/lib/j3/VMCore/Debug+Asserts/Precompiled.bc.d.tmp" -MT "/media/Data/Documents/Studies/MyWork/PhD/VMKit/vmkit_stale_ref/lib/j3/VMCore/Debug+Asserts/Precompiled.ll" -MT "/media/Data/Documents/Studies/MyWork/PhD/VMKit/vmkit_stale_ref/lib/j3/VMCore/Debug+Asserts/Precompiled.bc.d" \
			Precompiled.cpp -o /media/Data/Documents/Studies/MyWork/PhD/VMKit/vmkit_stale_ref/lib/j3/VMCore/Debug+Asserts/Precompiled.ll -S "-emit-llvm" ; \
	        then /bin/mv -f "/media/Data/Documents/Studies/MyWork/PhD/VMKit/vmkit_stale_ref/lib/j3/VMCore/Debug+Asserts/Precompiled.bc.d.tmp" "/media/Data/Documents/Studies/MyWork/PhD/VMKit/vmkit_stale_ref/lib/j3/VMCore/Debug+Asserts/Precompiled.bc.d"; else /bin/rm "/media/Data/Documents/Studies/MyWork/PhD/VMKit/vmkit_stale_ref/lib/j3/VMCore/Debug+Asserts/Precompiled.bc.d.tmp"; exit 1; fi
llvm[3]: Compiling Precompiled.ll to Precompiled.bc for Debug+Asserts build (bytecode)
/home/koutheir/PhD/VMKit/llvm/Debug+Asserts/bin/opt /media/Data/Documents/Studies/MyWork/PhD/VMKit/vmkit_stale_ref/lib/j3/VMCore/Debug+Asserts/Precompiled.ll -load=/media/Data/Documents/Studies/MyWork/PhD/VMKit/vmkit_stale_ref/Debug+Asserts/lib/StaticGCPass.so -inline -StaticGCPass -o /media/Data/Documents/Studies/MyWork/PhD/VMKit/vmkit_stale_ref/lib/j3/VMCore/Debug+Asserts/Precompiled_gc.bc
llvm[3]: Compiling Precompiled.bc to Precompiled.s for Debug+Asserts build
/home/koutheir/PhD/VMKit/llvm/Debug+Asserts/bin/llc -O=0 -asm-verbose -disable-cfi -disable-fp-elim -load=/media/Data/Documents/Studies/MyWork/PhD/VMKit/vmkit_stale_ref/Debug+Asserts/lib/StaticGCPrinter.so /media/Data/Documents/Studies/MyWork/PhD/VMKit/vmkit_stale_ref/lib/j3/VMCore/Debug+Asserts/Precompiled_gc.bc -o /media/Data/Documents/Studies/MyWork/PhD/VMKit/vmkit_stale_ref/lib/j3/VMCore/Debug+Asserts/Precompiled_gc.s
llvm[3]: Compiling Precompiled.s for Debug+Asserts build
gcc -I/home/koutheir/PhD/VMKit/llvm/include -I/media/Data/Documents/Studies/MyWork/PhD/VMKit/vmkit_stale_ref/include -I/media/Data/Documents/Studies/MyWork/PhD/VMKit/vmkit_stale_ref/lib/j3/VMCore  -D_DEBUG -D_GNU_SOURCE -D__STDC_CONSTANT_MACROS -D__STDC_FORMAT_MACROS -D__STDC_LIMIT_MACROS -g -fPIC -O0   -pedantic -Wno-long-long -Wall -W -Wno-unused-parameter -Wwrite-strings   -c /media/Data/Documents/Studies/MyWork/PhD/VMKit/vmkit_stale_ref/lib/j3/VMCore/Debug+Asserts/Precompiled_gc.s -o /media/Data/Documents/Studies/MyWork/PhD/VMKit/vmkit_stale_ref/lib/j3/VMCore/Debug+Asserts/Precompiled_gc.o
llvm[3]: Compiling Reader.cpp for Debug+Asserts build (bytecode)
if /home/koutheir/PhD/VMKit/llvm/Debug+Asserts/bin/clang++ -I/home/koutheir/PhD/VMKit/llvm/include -I/media/Data/Documents/Studies/MyWork/PhD/VMKit/vmkit_stale_ref/include -I/media/Data/Documents/Studies/MyWork/PhD/VMKit/vmkit_stale_ref/lib/j3/VMCore  -D_DEBUG -D_GNU_SOURCE -D__STDC_CONSTANT_MACROS -D__STDC_FORMAT_MACROS -D__STDC_LIMIT_MACROS -g -fvisibility-inlines-hidden -fno-exceptions -fno-rtti -fPIC -Woverloaded-virtual -Wcast-qual -I/media/Data/Documents/Studies/MyWork/PhD/VMKit/vmkit_stale_ref/lib/vmkit/MMTk -fno-exceptions -Wno-variadic-macros -fno-omit-frame-pointer -fno-strict-aliasing -Wno-deprecated -ansi -fno-rtti -I/media/Data/Documents/Studies/MyWork/PhD/VMKit/vmkit_stale_ref/lib/j3/VMCore/../ClassLib -I/media/Data/Documents/Studies/MyWork/PhD/VMKit/vmkit_stale_ref/lib/j3/VMCore/../LLVMRuntime -I/media/Data/Documents/Studies/MyWork/PhD/VMKit/vmkit_stale_ref/lib/j3/VMCore/../ClassLib/GNUClasspath -I/media/Data/Documents/Studies/MyWork/PhD/VMKit/vmkit_stale_ref/lib/j3/VMCore/../../../include/j3 -I/media/Data/Documents/Studies/MyWork/PhD/VMKit/vmkit_stale_ref/lib/j3/VMCore/../ClassLib -O0   -pedantic -Wno-long-long -Wall -W -Wno-unused-parameter -Wwrite-strings   -MMD -MP -MF "/media/Data/Documents/Studies/MyWork/PhD/VMKit/vmkit_stale_ref/lib/j3/VMCore/Debug+Asserts/Reader.bc.d.tmp" -MT "/media/Data/Documents/Studies/MyWork/PhD/VMKit/vmkit_stale_ref/lib/j3/VMCore/Debug+Asserts/Reader.ll" -MT "/media/Data/Documents/Studies/MyWork/PhD/VMKit/vmkit_stale_ref/lib/j3/VMCore/Debug+Asserts/Reader.bc.d" \
			Reader.cpp -o /media/Data/Documents/Studies/MyWork/PhD/VMKit/vmkit_stale_ref/lib/j3/VMCore/Debug+Asserts/Reader.ll -S "-emit-llvm" ; \
	        then /bin/mv -f "/media/Data/Documents/Studies/MyWork/PhD/VMKit/vmkit_stale_ref/lib/j3/VMCore/Debug+Asserts/Reader.bc.d.tmp" "/media/Data/Documents/Studies/MyWork/PhD/VMKit/vmkit_stale_ref/lib/j3/VMCore/Debug+Asserts/Reader.bc.d"; else /bin/rm "/media/Data/Documents/Studies/MyWork/PhD/VMKit/vmkit_stale_ref/lib/j3/VMCore/Debug+Asserts/Reader.bc.d.tmp"; exit 1; fi
llvm[3]: Compiling Reader.ll to Reader.bc for Debug+Asserts build (bytecode)
/home/koutheir/PhD/VMKit/llvm/Debug+Asserts/bin/opt /media/Data/Documents/Studies/MyWork/PhD/VMKit/vmkit_stale_ref/lib/j3/VMCore/Debug+Asserts/Reader.ll -load=/media/Data/Documents/Studies/MyWork/PhD/VMKit/vmkit_stale_ref/Debug+Asserts/lib/StaticGCPass.so -inline -StaticGCPass -o /media/Data/Documents/Studies/MyWork/PhD/VMKit/vmkit_stale_ref/lib/j3/VMCore/Debug+Asserts/Reader_gc.bc
llvm[3]: Compiling Reader.bc to Reader.s for Debug+Asserts build
/home/koutheir/PhD/VMKit/llvm/Debug+Asserts/bin/llc -O=0 -asm-verbose -disable-cfi -disable-fp-elim -load=/media/Data/Documents/Studies/MyWork/PhD/VMKit/vmkit_stale_ref/Debug+Asserts/lib/StaticGCPrinter.so /media/Data/Documents/Studies/MyWork/PhD/VMKit/vmkit_stale_ref/lib/j3/VMCore/Debug+Asserts/Reader_gc.bc -o /media/Data/Documents/Studies/MyWork/PhD/VMKit/vmkit_stale_ref/lib/j3/VMCore/Debug+Asserts/Reader_gc.s
llvm[3]: Compiling Reader.s for Debug+Asserts build
gcc -I/home/koutheir/PhD/VMKit/llvm/include -I/media/Data/Documents/Studies/MyWork/PhD/VMKit/vmkit_stale_ref/include -I/media/Data/Documents/Studies/MyWork/PhD/VMKit/vmkit_stale_ref/lib/j3/VMCore  -D_DEBUG -D_GNU_SOURCE -D__STDC_CONSTANT_MACROS -D__STDC_FORMAT_MACROS -D__STDC_LIMIT_MACROS -g -fPIC -O0   -pedantic -Wno-long-long -Wall -W -Wno-unused-parameter -Wwrite-strings   -c /media/Data/Documents/Studies/MyWork/PhD/VMKit/vmkit_stale_ref/lib/j3/VMCore/Debug+Asserts/Reader_gc.s -o /media/Data/Documents/Studies/MyWork/PhD/VMKit/vmkit_stale_ref/lib/j3/VMCore/Debug+Asserts/Reader_gc.o
llvm[3]: Compiling ReferenceQueue.cpp for Debug+Asserts build (bytecode)
if /home/koutheir/PhD/VMKit/llvm/Debug+Asserts/bin/clang++ -I/home/koutheir/PhD/VMKit/llvm/include -I/media/Data/Documents/Studies/MyWork/PhD/VMKit/vmkit_stale_ref/include -I/media/Data/Documents/Studies/MyWork/PhD/VMKit/vmkit_stale_ref/lib/j3/VMCore  -D_DEBUG -D_GNU_SOURCE -D__STDC_CONSTANT_MACROS -D__STDC_FORMAT_MACROS -D__STDC_LIMIT_MACROS -g -fvisibility-inlines-hidden -fno-exceptions -fno-rtti -fPIC -Woverloaded-virtual -Wcast-qual -I/media/Data/Documents/Studies/MyWork/PhD/VMKit/vmkit_stale_ref/lib/vmkit/MMTk -fno-exceptions -Wno-variadic-macros -fno-omit-frame-pointer -fno-strict-aliasing -Wno-deprecated -ansi -fno-rtti -I/media/Data/Documents/Studies/MyWork/PhD/VMKit/vmkit_stale_ref/lib/j3/VMCore/../ClassLib -I/media/Data/Documents/Studies/MyWork/PhD/VMKit/vmkit_stale_ref/lib/j3/VMCore/../LLVMRuntime -I/media/Data/Documents/Studies/MyWork/PhD/VMKit/vmkit_stale_ref/lib/j3/VMCore/../ClassLib/GNUClasspath -I/media/Data/Documents/Studies/MyWork/PhD/VMKit/vmkit_stale_ref/lib/j3/VMCore/../../../include/j3 -I/media/Data/Documents/Studies/MyWork/PhD/VMKit/vmkit_stale_ref/lib/j3/VMCore/../ClassLib -O0   -pedantic -Wno-long-long -Wall -W -Wno-unused-parameter -Wwrite-strings   -MMD -MP -MF "/media/Data/Documents/Studies/MyWork/PhD/VMKit/vmkit_stale_ref/lib/j3/VMCore/Debug+Asserts/ReferenceQueue.bc.d.tmp" -MT "/media/Data/Documents/Studies/MyWork/PhD/VMKit/vmkit_stale_ref/lib/j3/VMCore/Debug+Asserts/ReferenceQueue.ll" -MT "/media/Data/Documents/Studies/MyWork/PhD/VMKit/vmkit_stale_ref/lib/j3/VMCore/Debug+Asserts/ReferenceQueue.bc.d" \
			ReferenceQueue.cpp -o /media/Data/Documents/Studies/MyWork/PhD/VMKit/vmkit_stale_ref/lib/j3/VMCore/Debug+Asserts/ReferenceQueue.ll -S "-emit-llvm" ; \
	        then /bin/mv -f "/media/Data/Documents/Studies/MyWork/PhD/VMKit/vmkit_stale_ref/lib/j3/VMCore/Debug+Asserts/ReferenceQueue.bc.d.tmp" "/media/Data/Documents/Studies/MyWork/PhD/VMKit/vmkit_stale_ref/lib/j3/VMCore/Debug+Asserts/ReferenceQueue.bc.d"; else /bin/rm "/media/Data/Documents/Studies/MyWork/PhD/VMKit/vmkit_stale_ref/lib/j3/VMCore/Debug+Asserts/ReferenceQueue.bc.d.tmp"; exit 1; fi
In file included from ReferenceQueue.cpp:10:
/media/Data/Documents/Studies/MyWork/PhD/VMKit/vmkit_stale_ref/lib/j3/VMCore/../ClassLib/GNUClasspath/ClasspathReflect.h:206:15: warning: private field 'nextOnQueue' is not used [-Wunused-private-field]
  JavaObject* nextOnQueue;
              ^
1 warning generated.
llvm[3]: Compiling ReferenceQueue.ll to ReferenceQueue.bc for Debug+Asserts build (bytecode)
/home/koutheir/PhD/VMKit/llvm/Debug+Asserts/bin/opt /media/Data/Documents/Studies/MyWork/PhD/VMKit/vmkit_stale_ref/lib/j3/VMCore/Debug+Asserts/ReferenceQueue.ll -load=/media/Data/Documents/Studies/MyWork/PhD/VMKit/vmkit_stale_ref/Debug+Asserts/lib/StaticGCPass.so -inline -StaticGCPass -o /media/Data/Documents/Studies/MyWork/PhD/VMKit/vmkit_stale_ref/lib/j3/VMCore/Debug+Asserts/ReferenceQueue_gc.bc
llvm[3]: Compiling ReferenceQueue.bc to ReferenceQueue.s for Debug+Asserts build
/home/koutheir/PhD/VMKit/llvm/Debug+Asserts/bin/llc -O=0 -asm-verbose -disable-cfi -disable-fp-elim -load=/media/Data/Documents/Studies/MyWork/PhD/VMKit/vmkit_stale_ref/Debug+Asserts/lib/StaticGCPrinter.so /media/Data/Documents/Studies/MyWork/PhD/VMKit/vmkit_stale_ref/lib/j3/VMCore/Debug+Asserts/ReferenceQueue_gc.bc -o /media/Data/Documents/Studies/MyWork/PhD/VMKit/vmkit_stale_ref/lib/j3/VMCore/Debug+Asserts/ReferenceQueue_gc.s
llvm[3]: Compiling ReferenceQueue.s for Debug+Asserts build
gcc -I/home/koutheir/PhD/VMKit/llvm/include -I/media/Data/Documents/Studies/MyWork/PhD/VMKit/vmkit_stale_ref/include -I/media/Data/Documents/Studies/MyWork/PhD/VMKit/vmkit_stale_ref/lib/j3/VMCore  -D_DEBUG -D_GNU_SOURCE -D__STDC_CONSTANT_MACROS -D__STDC_FORMAT_MACROS -D__STDC_LIMIT_MACROS -g -fPIC -O0   -pedantic -Wno-long-long -Wall -W -Wno-unused-parameter -Wwrite-strings   -c /media/Data/Documents/Studies/MyWork/PhD/VMKit/vmkit_stale_ref/lib/j3/VMCore/Debug+Asserts/ReferenceQueue_gc.s -o /media/Data/Documents/Studies/MyWork/PhD/VMKit/vmkit_stale_ref/lib/j3/VMCore/Debug+Asserts/ReferenceQueue_gc.o
llvm[3]: Compiling VirtualTables.cpp for Debug+Asserts build (bytecode)
if /home/koutheir/PhD/VMKit/llvm/Debug+Asserts/bin/clang++ -I/home/koutheir/PhD/VMKit/llvm/include -I/media/Data/Documents/Studies/MyWork/PhD/VMKit/vmkit_stale_ref/include -I/media/Data/Documents/Studies/MyWork/PhD/VMKit/vmkit_stale_ref/lib/j3/VMCore  -D_DEBUG -D_GNU_SOURCE -D__STDC_CONSTANT_MACROS -D__STDC_FORMAT_MACROS -D__STDC_LIMIT_MACROS -g -fvisibility-inlines-hidden -fno-exceptions -fno-rtti -fPIC -Woverloaded-virtual -Wcast-qual -I/media/Data/Documents/Studies/MyWork/PhD/VMKit/vmkit_stale_ref/lib/vmkit/MMTk -fno-exceptions -Wno-variadic-macros -fno-omit-frame-pointer -fno-strict-aliasing -Wno-deprecated -ansi -fno-rtti -I/media/Data/Documents/Studies/MyWork/PhD/VMKit/vmkit_stale_ref/lib/j3/VMCore/../ClassLib -I/media/Data/Documents/Studies/MyWork/PhD/VMKit/vmkit_stale_ref/lib/j3/VMCore/../LLVMRuntime -I/media/Data/Documents/Studies/MyWork/PhD/VMKit/vmkit_stale_ref/lib/j3/VMCore/../ClassLib/GNUClasspath -I/media/Data/Documents/Studies/MyWork/PhD/VMKit/vmkit_stale_ref/lib/j3/VMCore/../../../include/j3 -I/media/Data/Documents/Studies/MyWork/PhD/VMKit/vmkit_stale_ref/lib/j3/VMCore/../ClassLib -O0   -pedantic -Wno-long-long -Wall -W -Wno-unused-parameter -Wwrite-strings   -MMD -MP -MF "/media/Data/Documents/Studies/MyWork/PhD/VMKit/vmkit_stale_ref/lib/j3/VMCore/Debug+Asserts/VirtualTables.bc.d.tmp" -MT "/media/Data/Documents/Studies/MyWork/PhD/VMKit/vmkit_stale_ref/lib/j3/VMCore/Debug+Asserts/VirtualTables.ll" -MT "/media/Data/Documents/Studies/MyWork/PhD/VMKit/vmkit_stale_ref/lib/j3/VMCore/Debug+Asserts/VirtualTables.bc.d" \
			VirtualTables.cpp -o /media/Data/Documents/Studies/MyWork/PhD/VMKit/vmkit_stale_ref/lib/j3/VMCore/Debug+Asserts/VirtualTables.ll -S "-emit-llvm" ; \
	        then /bin/mv -f "/media/Data/Documents/Studies/MyWork/PhD/VMKit/vmkit_stale_ref/lib/j3/VMCore/Debug+Asserts/VirtualTables.bc.d.tmp" "/media/Data/Documents/Studies/MyWork/PhD/VMKit/vmkit_stale_ref/lib/j3/VMCore/Debug+Asserts/VirtualTables.bc.d"; else /bin/rm "/media/Data/Documents/Studies/MyWork/PhD/VMKit/vmkit_stale_ref/lib/j3/VMCore/Debug+Asserts/VirtualTables.bc.d.tmp"; exit 1; fi
In file included from VirtualTables.cpp:24:
/media/Data/Documents/Studies/MyWork/PhD/VMKit/vmkit_stale_ref/lib/j3/VMCore/../ClassLib/GNUClasspath/ClasspathReflect.h:206:15: warning: private field 'nextOnQueue' is not used [-Wunused-private-field]
  JavaObject* nextOnQueue;
              ^
1 warning generated.
llvm[3]: Compiling VirtualTables.ll to VirtualTables.bc for Debug+Asserts build (bytecode)
/home/koutheir/PhD/VMKit/llvm/Debug+Asserts/bin/opt /media/Data/Documents/Studies/MyWork/PhD/VMKit/vmkit_stale_ref/lib/j3/VMCore/Debug+Asserts/VirtualTables.ll -load=/media/Data/Documents/Studies/MyWork/PhD/VMKit/vmkit_stale_ref/Debug+Asserts/lib/StaticGCPass.so -inline -StaticGCPass -o /media/Data/Documents/Studies/MyWork/PhD/VMKit/vmkit_stale_ref/lib/j3/VMCore/Debug+Asserts/VirtualTables_gc.bc
llvm[3]: Compiling VirtualTables.bc to VirtualTables.s for Debug+Asserts build
/home/koutheir/PhD/VMKit/llvm/Debug+Asserts/bin/llc -O=0 -asm-verbose -disable-cfi -disable-fp-elim -load=/media/Data/Documents/Studies/MyWork/PhD/VMKit/vmkit_stale_ref/Debug+Asserts/lib/StaticGCPrinter.so /media/Data/Documents/Studies/MyWork/PhD/VMKit/vmkit_stale_ref/lib/j3/VMCore/Debug+Asserts/VirtualTables_gc.bc -o /media/Data/Documents/Studies/MyWork/PhD/VMKit/vmkit_stale_ref/lib/j3/VMCore/Debug+Asserts/VirtualTables_gc.s
llvm[3]: Compiling VirtualTables.s for Debug+Asserts build
gcc -I/home/koutheir/PhD/VMKit/llvm/include -I/media/Data/Documents/Studies/MyWork/PhD/VMKit/vmkit_stale_ref/include -I/media/Data/Documents/Studies/MyWork/PhD/VMKit/vmkit_stale_ref/lib/j3/VMCore  -D_DEBUG -D_GNU_SOURCE -D__STDC_CONSTANT_MACROS -D__STDC_FORMAT_MACROS -D__STDC_LIMIT_MACROS -g -fPIC -O0   -pedantic -Wno-long-long -Wall -W -Wno-unused-parameter -Wwrite-strings   -c /media/Data/Documents/Studies/MyWork/PhD/VMKit/vmkit_stale_ref/lib/j3/VMCore/Debug+Asserts/VirtualTables_gc.s -o /media/Data/Documents/Studies/MyWork/PhD/VMKit/vmkit_stale_ref/lib/j3/VMCore/Debug+Asserts/VirtualTables_gc.o
llvm[3]: Compiling Zip.cpp for Debug+Asserts build (bytecode)
if /home/koutheir/PhD/VMKit/llvm/Debug+Asserts/bin/clang++ -I/home/koutheir/PhD/VMKit/llvm/include -I/media/Data/Documents/Studies/MyWork/PhD/VMKit/vmkit_stale_ref/include -I/media/Data/Documents/Studies/MyWork/PhD/VMKit/vmkit_stale_ref/lib/j3/VMCore  -D_DEBUG -D_GNU_SOURCE -D__STDC_CONSTANT_MACROS -D__STDC_FORMAT_MACROS -D__STDC_LIMIT_MACROS -g -fvisibility-inlines-hidden -fno-exceptions -fno-rtti -fPIC -Woverloaded-virtual -Wcast-qual -I/media/Data/Documents/Studies/MyWork/PhD/VMKit/vmkit_stale_ref/lib/vmkit/MMTk -fno-exceptions -Wno-variadic-macros -fno-omit-frame-pointer -fno-strict-aliasing -Wno-deprecated -ansi -fno-rtti -I/media/Data/Documents/Studies/MyWork/PhD/VMKit/vmkit_stale_ref/lib/j3/VMCore/../ClassLib -I/media/Data/Documents/Studies/MyWork/PhD/VMKit/vmkit_stale_ref/lib/j3/VMCore/../LLVMRuntime -I/media/Data/Documents/Studies/MyWork/PhD/VMKit/vmkit_stale_ref/lib/j3/VMCore/../ClassLib/GNUClasspath -I/media/Data/Documents/Studies/MyWork/PhD/VMKit/vmkit_stale_ref/lib/j3/VMCore/../../../include/j3 -I/media/Data/Documents/Studies/MyWork/PhD/VMKit/vmkit_stale_ref/lib/j3/VMCore/../ClassLib -O0   -pedantic -Wno-long-long -Wall -W -Wno-unused-parameter -Wwrite-strings   -MMD -MP -MF "/media/Data/Documents/Studies/MyWork/PhD/VMKit/vmkit_stale_ref/lib/j3/VMCore/Debug+Asserts/Zip.bc.d.tmp" -MT "/media/Data/Documents/Studies/MyWork/PhD/VMKit/vmkit_stale_ref/lib/j3/VMCore/Debug+Asserts/Zip.ll" -MT "/media/Data/Documents/Studies/MyWork/PhD/VMKit/vmkit_stale_ref/lib/j3/VMCore/Debug+Asserts/Zip.bc.d" \
			Zip.cpp -o /media/Data/Documents/Studies/MyWork/PhD/VMKit/vmkit_stale_ref/lib/j3/VMCore/Debug+Asserts/Zip.ll -S "-emit-llvm" ; \
	        then /bin/mv -f "/media/Data/Documents/Studies/MyWork/PhD/VMKit/vmkit_stale_ref/lib/j3/VMCore/Debug+Asserts/Zip.bc.d.tmp" "/media/Data/Documents/Studies/MyWork/PhD/VMKit/vmkit_stale_ref/lib/j3/VMCore/Debug+Asserts/Zip.bc.d"; else /bin/rm "/media/Data/Documents/Studies/MyWork/PhD/VMKit/vmkit_stale_ref/lib/j3/VMCore/Debug+Asserts/Zip.bc.d.tmp"; exit 1; fi
llvm[3]: Compiling Zip.ll to Zip.bc for Debug+Asserts build (bytecode)
/home/koutheir/PhD/VMKit/llvm/Debug+Asserts/bin/opt /media/Data/Documents/Studies/MyWork/PhD/VMKit/vmkit_stale_ref/lib/j3/VMCore/Debug+Asserts/Zip.ll -load=/media/Data/Documents/Studies/MyWork/PhD/VMKit/vmkit_stale_ref/Debug+Asserts/lib/StaticGCPass.so -inline -StaticGCPass -o /media/Data/Documents/Studies/MyWork/PhD/VMKit/vmkit_stale_ref/lib/j3/VMCore/Debug+Asserts/Zip_gc.bc
llvm[3]: Compiling Zip.bc to Zip.s for Debug+Asserts build
/home/koutheir/PhD/VMKit/llvm/Debug+Asserts/bin/llc -O=0 -asm-verbose -disable-cfi -disable-fp-elim -load=/media/Data/Documents/Studies/MyWork/PhD/VMKit/vmkit_stale_ref/Debug+Asserts/lib/StaticGCPrinter.so /media/Data/Documents/Studies/MyWork/PhD/VMKit/vmkit_stale_ref/lib/j3/VMCore/Debug+Asserts/Zip_gc.bc -o /media/Data/Documents/Studies/MyWork/PhD/VMKit/vmkit_stale_ref/lib/j3/VMCore/Debug+Asserts/Zip_gc.s
llvm[3]: Compiling Zip.s for Debug+Asserts build
gcc -I/home/koutheir/PhD/VMKit/llvm/include -I/media/Data/Documents/Studies/MyWork/PhD/VMKit/vmkit_stale_ref/include -I/media/Data/Documents/Studies/MyWork/PhD/VMKit/vmkit_stale_ref/lib/j3/VMCore  -D_DEBUG -D_GNU_SOURCE -D__STDC_CONSTANT_MACROS -D__STDC_FORMAT_MACROS -D__STDC_LIMIT_MACROS -g -fPIC -O0   -pedantic -Wno-long-long -Wall -W -Wno-unused-parameter -Wwrite-strings   -c /media/Data/Documents/Studies/MyWork/PhD/VMKit/vmkit_stale_ref/lib/j3/VMCore/Debug+Asserts/Zip_gc.s -o /media/Data/Documents/Studies/MyWork/PhD/VMKit/vmkit_stale_ref/lib/j3/VMCore/Debug+Asserts/Zip_gc.o
llvm[3]: Building Debug+Asserts Archive Library libJ3.a
/bin/rm -f /media/Data/Documents/Studies/MyWork/PhD/VMKit/vmkit_stale_ref/Debug+Asserts/lib/libJ3.a
ar cru >/dev/null 2>/dev/null /media/Data/Documents/Studies/MyWork/PhD/VMKit/vmkit_stale_ref/Debug+Asserts/lib/libJ3.a /media/Data/Documents/Studies/MyWork/PhD/VMKit/vmkit_stale_ref/lib/j3/VMCore/Debug+Asserts/JavaArray_gc.o /media/Data/Documents/Studies/MyWork/PhD/VMKit/vmkit_stale_ref/lib/j3/VMCore/Debug+Asserts/JavaClass_gc.o /media/Data/Documents/Studies/MyWork/PhD/VMKit/vmkit_stale_ref/lib/j3/VMCore/Debug+Asserts/JavaConstantPool_gc.o /media/Data/Documents/Studies/MyWork/PhD/VMKit/vmkit_stale_ref/lib/j3/VMCore/Debug+Asserts/JavaMetaJIT_gc.o /media/Data/Documents/Studies/MyWork/PhD/VMKit/vmkit_stale_ref/lib/j3/VMCore/Debug+Asserts/JavaObject_gc.o /media/Data/Documents/Studies/MyWork/PhD/VMKit/vmkit_stale_ref/lib/j3/VMCore/Debug+Asserts/JavaRuntimeJIT_gc.o /media/Data/Documents/Studies/MyWork/PhD/VMKit/vmkit_stale_ref/lib/j3/VMCore/Debug+Asserts/JavaString_gc.o /media/Data/Documents/Studies/MyWork/PhD/VMKit/vmkit_stale_ref/lib/j3/VMCore/Debug+Asserts/JavaThread_gc.o /media/Data/Documents/Studies/MyWork/PhD/VMKit/vmkit_stale_ref/lib/j3/VMCore/Debug+Asserts/JavaTypes_gc.o /media/Data/Documents/Studies/MyWork/PhD/VMKit/vmkit_stale_ref/lib/j3/VMCore/Debug+Asserts/Jni_gc.o /media/Data/Documents/Studies/MyWork/PhD/VMKit/vmkit_stale_ref/lib/j3/VMCore/Debug+Asserts/Jnjvm_gc.o /media/Data/Documents/Studies/MyWork/PhD/VMKit/vmkit_stale_ref/lib/j3/VMCore/Debug+Asserts/JnjvmClassLoader_gc.o /media/Data/Documents/Studies/MyWork/PhD/VMKit/vmkit_stale_ref/lib/j3/VMCore/Debug+Asserts/JnjvmIntOSGi_gc.o /media/Data/Documents/Studies/MyWork/PhD/VMKit/vmkit_stale_ref/lib/j3/VMCore/Debug+Asserts/JnjvmStaleRef_gc.o /media/Data/Documents/Studies/MyWork/PhD/VMKit/vmkit_stale_ref/lib/j3/VMCore/Debug+Asserts/Precompiled_gc.o /media/Data/Documents/Studies/MyWork/PhD/VMKit/vmkit_stale_ref/lib/j3/VMCore/Debug+Asserts/Reader_gc.o /media/Data/Documents/Studies/MyWork/PhD/VMKit/vmkit_stale_ref/lib/j3/VMCore/Debug+Asserts/ReferenceQueue_gc.o /media/Data/Documents/Studies/MyWork/PhD/VMKit/vmkit_stale_ref/lib/j3/VMCore/Debug+Asserts/VirtualTables_gc.o /media/Data/Documents/Studies/MyWork/PhD/VMKit/vmkit_stale_ref/lib/j3/VMCore/Debug+Asserts/Zip_gc.o
ranlib /media/Data/Documents/Studies/MyWork/PhD/VMKit/vmkit_stale_ref/Debug+Asserts/lib/libJ3.a
make[3]: Leaving directory `/media/Data/Documents/Studies/MyWork/PhD/VMKit/vmkit_stale_ref/lib/j3/VMCore'
make[3]: Entering directory `/media/Data/Documents/Studies/MyWork/PhD/VMKit/vmkit_stale_ref/lib/j3/ClassLib'
for dir in GNUClasspath; do \
	  (make -C $dir all ) || exit 1; \
	done
make[4]: Entering directory `/media/Data/Documents/Studies/MyWork/PhD/VMKit/vmkit_stale_ref/lib/j3/ClassLib/GNUClasspath'
/home/koutheir/PhD/VMKit/llvm/autoconf/mkinstalldirs /media/Data/Documents/Studies/MyWork/PhD/VMKit/vmkit_stale_ref/lib/j3/ClassLib/GNUClasspath/Debug+Asserts > /dev/null
/bin/date > /media/Data/Documents/Studies/MyWork/PhD/VMKit/vmkit_stale_ref/lib/j3/ClassLib/GNUClasspath/Debug+Asserts/.dir
llvm[4]: Compiling ClasspathReflect.cpp for Debug+Asserts build (bytecode)
if /home/koutheir/PhD/VMKit/llvm/Debug+Asserts/bin/clang++ -I/home/koutheir/PhD/VMKit/llvm/include -I/media/Data/Documents/Studies/MyWork/PhD/VMKit/vmkit_stale_ref/include -I/media/Data/Documents/Studies/MyWork/PhD/VMKit/vmkit_stale_ref/lib/j3/ClassLib/GNUClasspath  -D_DEBUG -D_GNU_SOURCE -D__STDC_CONSTANT_MACROS -D__STDC_FORMAT_MACROS -D__STDC_LIMIT_MACROS -g -fvisibility-inlines-hidden -fno-exceptions -fno-rtti -fPIC -Woverloaded-virtual -Wcast-qual -I/media/Data/Documents/Studies/MyWork/PhD/VMKit/vmkit_stale_ref/lib/vmkit/MMTk -fno-exceptions -Wno-variadic-macros -fno-omit-frame-pointer -fno-strict-aliasing -Wno-deprecated -ansi -fno-rtti -I/media/Data/Documents/Studies/MyWork/PhD/VMKit/vmkit_stale_ref/lib/j3/ClassLib/GNUClasspath/../../VMCore -I/media/Data/Documents/Studies/MyWork/PhD/VMKit/vmkit_stale_ref/include/j3 -I/media/Data/Documents/Studies/MyWork/PhD/VMKit/vmkit_stale_ref/lib/j3/ClassLib/GNUClasspath/.. -I/media/Data/Documents/Studies/MyWork/PhD/VMKit/vmkit_stale_ref/lib/j3/ClassLib/GNUClasspath/.. -O0   -pedantic -Wno-long-long -Wall -W -Wno-unused-parameter -Wwrite-strings   -MMD -MP -MF "/media/Data/Documents/Studies/MyWork/PhD/VMKit/vmkit_stale_ref/lib/j3/ClassLib/GNUClasspath/Debug+Asserts/ClasspathReflect.bc.d.tmp" -MT "/media/Data/Documents/Studies/MyWork/PhD/VMKit/vmkit_stale_ref/lib/j3/ClassLib/GNUClasspath/Debug+Asserts/ClasspathReflect.ll" -MT "/media/Data/Documents/Studies/MyWork/PhD/VMKit/vmkit_stale_ref/lib/j3/ClassLib/GNUClasspath/Debug+Asserts/ClasspathReflect.bc.d" \
			ClasspathReflect.cpp -o /media/Data/Documents/Studies/MyWork/PhD/VMKit/vmkit_stale_ref/lib/j3/ClassLib/GNUClasspath/Debug+Asserts/ClasspathReflect.ll -S "-emit-llvm" ; \
	        then /bin/mv -f "/media/Data/Documents/Studies/MyWork/PhD/VMKit/vmkit_stale_ref/lib/j3/ClassLib/GNUClasspath/Debug+Asserts/ClasspathReflect.bc.d.tmp" "/media/Data/Documents/Studies/MyWork/PhD/VMKit/vmkit_stale_ref/lib/j3/ClassLib/GNUClasspath/Debug+Asserts/ClasspathReflect.bc.d"; else /bin/rm "/media/Data/Documents/Studies/MyWork/PhD/VMKit/vmkit_stale_ref/lib/j3/ClassLib/GNUClasspath/Debug+Asserts/ClasspathReflect.bc.d.tmp"; exit 1; fi
In file included from ClasspathReflect.cpp:10:
/media/Data/Documents/Studies/MyWork/PhD/VMKit/vmkit_stale_ref/lib/j3/ClassLib/GNUClasspath/ClasspathReflect.h:76:9: warning: private field 'flag' is not used [-Wunused-private-field]
  uint8 flag;
        ^
/media/Data/Documents/Studies/MyWork/PhD/VMKit/vmkit_stale_ref/lib/j3/ClassLib/GNUClasspath/ClasspathReflect.h:105:9: warning: private field 'flag' is not used [-Wunused-private-field]
  uint8 flag;
        ^
/media/Data/Documents/Studies/MyWork/PhD/VMKit/vmkit_stale_ref/lib/j3/ClassLib/GNUClasspath/ClasspathReflect.h:130:9: warning: private field 'flag' is not used [-Wunused-private-field]
  uint8 flag;
        ^
/media/Data/Documents/Studies/MyWork/PhD/VMKit/vmkit_stale_ref/lib/j3/ClassLib/GNUClasspath/ClasspathReflect.h:206:15: warning: private field 'nextOnQueue' is not used [-Wunused-private-field]
  JavaObject* nextOnQueue;
              ^
4 warnings generated.
llvm[4]: Compiling ClasspathReflect.ll to ClasspathReflect.bc for Debug+Asserts build (bytecode)
/home/koutheir/PhD/VMKit/llvm/Debug+Asserts/bin/opt /media/Data/Documents/Studies/MyWork/PhD/VMKit/vmkit_stale_ref/lib/j3/ClassLib/GNUClasspath/Debug+Asserts/ClasspathReflect.ll -load=/media/Data/Documents/Studies/MyWork/PhD/VMKit/vmkit_stale_ref/Debug+Asserts/lib/StaticGCPass.so -inline -StaticGCPass -o /media/Data/Documents/Studies/MyWork/PhD/VMKit/vmkit_stale_ref/lib/j3/ClassLib/GNUClasspath/Debug+Asserts/ClasspathReflect_gc.bc
llvm[4]: Compiling ClasspathReflect.bc to ClasspathReflect.s for Debug+Asserts build
/home/koutheir/PhD/VMKit/llvm/Debug+Asserts/bin/llc -O=0 -asm-verbose -disable-cfi -disable-fp-elim -load=/media/Data/Documents/Studies/MyWork/PhD/VMKit/vmkit_stale_ref/Debug+Asserts/lib/StaticGCPrinter.so /media/Data/Documents/Studies/MyWork/PhD/VMKit/vmkit_stale_ref/lib/j3/ClassLib/GNUClasspath/Debug+Asserts/ClasspathReflect_gc.bc -o /media/Data/Documents/Studies/MyWork/PhD/VMKit/vmkit_stale_ref/lib/j3/ClassLib/GNUClasspath/Debug+Asserts/ClasspathReflect_gc.s
llvm[4]: Compiling ClasspathReflect.s for Debug+Asserts build
gcc -I/home/koutheir/PhD/VMKit/llvm/include -I/media/Data/Documents/Studies/MyWork/PhD/VMKit/vmkit_stale_ref/include -I/media/Data/Documents/Studies/MyWork/PhD/VMKit/vmkit_stale_ref/lib/j3/ClassLib/GNUClasspath  -D_DEBUG -D_GNU_SOURCE -D__STDC_CONSTANT_MACROS -D__STDC_FORMAT_MACROS -D__STDC_LIMIT_MACROS -g -fPIC -O0   -pedantic -Wno-long-long -Wall -W -Wno-unused-parameter -Wwrite-strings   -c /media/Data/Documents/Studies/MyWork/PhD/VMKit/vmkit_stale_ref/lib/j3/ClassLib/GNUClasspath/Debug+Asserts/ClasspathReflect_gc.s -o /media/Data/Documents/Studies/MyWork/PhD/VMKit/vmkit_stale_ref/lib/j3/ClassLib/GNUClasspath/Debug+Asserts/ClasspathReflect_gc.o
llvm[4]: Compiling JavaUpcalls.cpp for Debug+Asserts build (bytecode)
if /home/koutheir/PhD/VMKit/llvm/Debug+Asserts/bin/clang++ -I/home/koutheir/PhD/VMKit/llvm/include -I/media/Data/Documents/Studies/MyWork/PhD/VMKit/vmkit_stale_ref/include -I/media/Data/Documents/Studies/MyWork/PhD/VMKit/vmkit_stale_ref/lib/j3/ClassLib/GNUClasspath  -D_DEBUG -D_GNU_SOURCE -D__STDC_CONSTANT_MACROS -D__STDC_FORMAT_MACROS -D__STDC_LIMIT_MACROS -g -fvisibility-inlines-hidden -fno-exceptions -fno-rtti -fPIC -Woverloaded-virtual -Wcast-qual -I/media/Data/Documents/Studies/MyWork/PhD/VMKit/vmkit_stale_ref/lib/vmkit/MMTk -fno-exceptions -Wno-variadic-macros -fno-omit-frame-pointer -fno-strict-aliasing -Wno-deprecated -ansi -fno-rtti -I/media/Data/Documents/Studies/MyWork/PhD/VMKit/vmkit_stale_ref/lib/j3/ClassLib/GNUClasspath/../../VMCore -I/media/Data/Documents/Studies/MyWork/PhD/VMKit/vmkit_stale_ref/include/j3 -I/media/Data/Documents/Studies/MyWork/PhD/VMKit/vmkit_stale_ref/lib/j3/ClassLib/GNUClasspath/.. -I/media/Data/Documents/Studies/MyWork/PhD/VMKit/vmkit_stale_ref/lib/j3/ClassLib/GNUClasspath/.. -O0   -pedantic -Wno-long-long -Wall -W -Wno-unused-parameter -Wwrite-strings   -MMD -MP -MF "/media/Data/Documents/Studies/MyWork/PhD/VMKit/vmkit_stale_ref/lib/j3/ClassLib/GNUClasspath/Debug+Asserts/JavaUpcalls.bc.d.tmp" -MT "/media/Data/Documents/Studies/MyWork/PhD/VMKit/vmkit_stale_ref/lib/j3/ClassLib/GNUClasspath/Debug+Asserts/JavaUpcalls.ll" -MT "/media/Data/Documents/Studies/MyWork/PhD/VMKit/vmkit_stale_ref/lib/j3/ClassLib/GNUClasspath/Debug+Asserts/JavaUpcalls.bc.d" \
			JavaUpcalls.cpp -o /media/Data/Documents/Studies/MyWork/PhD/VMKit/vmkit_stale_ref/lib/j3/ClassLib/GNUClasspath/Debug+Asserts/JavaUpcalls.ll -S "-emit-llvm" ; \
	        then /bin/mv -f "/media/Data/Documents/Studies/MyWork/PhD/VMKit/vmkit_stale_ref/lib/j3/ClassLib/GNUClasspath/Debug+Asserts/JavaUpcalls.bc.d.tmp" "/media/Data/Documents/Studies/MyWork/PhD/VMKit/vmkit_stale_ref/lib/j3/ClassLib/GNUClasspath/Debug+Asserts/JavaUpcalls.bc.d"; else /bin/rm "/media/Data/Documents/Studies/MyWork/PhD/VMKit/vmkit_stale_ref/lib/j3/ClassLib/GNUClasspath/Debug+Asserts/JavaUpcalls.bc.d.tmp"; exit 1; fi
In file included from JavaUpcalls.cpp:10:
/media/Data/Documents/Studies/MyWork/PhD/VMKit/vmkit_stale_ref/lib/j3/ClassLib/GNUClasspath/ClasspathReflect.h:206:15: warning: private field 'nextOnQueue' is not used [-Wunused-private-field]
  JavaObject* nextOnQueue;
              ^
1 warning generated.
llvm[4]: Compiling JavaUpcalls.ll to JavaUpcalls.bc for Debug+Asserts build (bytecode)
/home/koutheir/PhD/VMKit/llvm/Debug+Asserts/bin/opt /media/Data/Documents/Studies/MyWork/PhD/VMKit/vmkit_stale_ref/lib/j3/ClassLib/GNUClasspath/Debug+Asserts/JavaUpcalls.ll -load=/media/Data/Documents/Studies/MyWork/PhD/VMKit/vmkit_stale_ref/Debug+Asserts/lib/StaticGCPass.so -inline -StaticGCPass -o /media/Data/Documents/Studies/MyWork/PhD/VMKit/vmkit_stale_ref/lib/j3/ClassLib/GNUClasspath/Debug+Asserts/JavaUpcalls_gc.bc
llvm[4]: Compiling JavaUpcalls.bc to JavaUpcalls.s for Debug+Asserts build
/home/koutheir/PhD/VMKit/llvm/Debug+Asserts/bin/llc -O=0 -asm-verbose -disable-cfi -disable-fp-elim -load=/media/Data/Documents/Studies/MyWork/PhD/VMKit/vmkit_stale_ref/Debug+Asserts/lib/StaticGCPrinter.so /media/Data/Documents/Studies/MyWork/PhD/VMKit/vmkit_stale_ref/lib/j3/ClassLib/GNUClasspath/Debug+Asserts/JavaUpcalls_gc.bc -o /media/Data/Documents/Studies/MyWork/PhD/VMKit/vmkit_stale_ref/lib/j3/ClassLib/GNUClasspath/Debug+Asserts/JavaUpcalls_gc.s
llvm[4]: Compiling JavaUpcalls.s for Debug+Asserts build
gcc -I/home/koutheir/PhD/VMKit/llvm/include -I/media/Data/Documents/Studies/MyWork/PhD/VMKit/vmkit_stale_ref/include -I/media/Data/Documents/Studies/MyWork/PhD/VMKit/vmkit_stale_ref/lib/j3/ClassLib/GNUClasspath  -D_DEBUG -D_GNU_SOURCE -D__STDC_CONSTANT_MACROS -D__STDC_FORMAT_MACROS -D__STDC_LIMIT_MACROS -g -fPIC -O0   -pedantic -Wno-long-long -Wall -W -Wno-unused-parameter -Wwrite-strings   -c /media/Data/Documents/Studies/MyWork/PhD/VMKit/vmkit_stale_ref/lib/j3/ClassLib/GNUClasspath/Debug+Asserts/JavaUpcalls_gc.s -o /media/Data/Documents/Studies/MyWork/PhD/VMKit/vmkit_stale_ref/lib/j3/ClassLib/GNUClasspath/Debug+Asserts/JavaUpcalls_gc.o
llvm[4]: Building Debug+Asserts Archive Library libClasspath.a
/bin/rm -f /media/Data/Documents/Studies/MyWork/PhD/VMKit/vmkit_stale_ref/Debug+Asserts/lib/libClasspath.a
ar cru >/dev/null 2>/dev/null /media/Data/Documents/Studies/MyWork/PhD/VMKit/vmkit_stale_ref/Debug+Asserts/lib/libClasspath.a /media/Data/Documents/Studies/MyWork/PhD/VMKit/vmkit_stale_ref/lib/j3/ClassLib/GNUClasspath/Debug+Asserts/ClasspathReflect_gc.o /media/Data/Documents/Studies/MyWork/PhD/VMKit/vmkit_stale_ref/lib/j3/ClassLib/GNUClasspath/Debug+Asserts/JavaUpcalls_gc.o
ranlib /media/Data/Documents/Studies/MyWork/PhD/VMKit/vmkit_stale_ref/Debug+Asserts/lib/libClasspath.a
make[4]: Leaving directory `/media/Data/Documents/Studies/MyWork/PhD/VMKit/vmkit_stale_ref/lib/j3/ClassLib/GNUClasspath'
make[3]: Leaving directory `/media/Data/Documents/Studies/MyWork/PhD/VMKit/vmkit_stale_ref/lib/j3/ClassLib'
make[3]: Entering directory `/media/Data/Documents/Studies/MyWork/PhD/VMKit/vmkit_stale_ref/lib/j3/Compiler'
/home/koutheir/PhD/VMKit/llvm/autoconf/mkinstalldirs /media/Data/Documents/Studies/MyWork/PhD/VMKit/vmkit_stale_ref/lib/j3/Compiler/Debug+Asserts > /dev/null
/bin/date > /media/Data/Documents/Studies/MyWork/PhD/VMKit/vmkit_stale_ref/lib/j3/Compiler/Debug+Asserts/.dir
llvm[3]: Compiling J3Intrinsics.cpp for Debug+Asserts build (bytecode)
if /home/koutheir/PhD/VMKit/llvm/Debug+Asserts/bin/clang++ -I/home/koutheir/PhD/VMKit/llvm/include -I/media/Data/Documents/Studies/MyWork/PhD/VMKit/vmkit_stale_ref/include -I/media/Data/Documents/Studies/MyWork/PhD/VMKit/vmkit_stale_ref/lib/j3/Compiler  -D_DEBUG -D_GNU_SOURCE -D__STDC_CONSTANT_MACROS -D__STDC_FORMAT_MACROS -D__STDC_LIMIT_MACROS -g -fvisibility-inlines-hidden -fno-exceptions -fno-rtti -fPIC -Woverloaded-virtual -Wcast-qual -I/media/Data/Documents/Studies/MyWork/PhD/VMKit/vmkit_stale_ref/lib/vmkit/MMTk -fno-exceptions -Wno-variadic-macros -fno-omit-frame-pointer -fno-strict-aliasing -Wno-deprecated -ansi -fno-rtti -I/media/Data/Documents/Studies/MyWork/PhD/VMKit/vmkit_stale_ref/lib/j3/Compiler/../LLVMRuntime -I/media/Data/Documents/Studies/MyWork/PhD/VMKit/vmkit_stale_ref/lib/j3/Compiler/../ClassLib/GNUClasspath -I/media/Data/Documents/Studies/MyWork/PhD/VMKit/vmkit_stale_ref/lib/j3/Compiler/../ClassLib/ -I/media/Data/Documents/Studies/MyWork/PhD/VMKit/vmkit_stale_ref/lib/j3/Compiler/../VMCore -O0   -pedantic -Wno-long-long -Wall -W -Wno-unused-parameter -Wwrite-strings   -MMD -MP -MF "/media/Data/Documents/Studies/MyWork/PhD/VMKit/vmkit_stale_ref/lib/j3/Compiler/Debug+Asserts/J3Intrinsics.bc.d.tmp" -MT "/media/Data/Documents/Studies/MyWork/PhD/VMKit/vmkit_stale_ref/lib/j3/Compiler/Debug+Asserts/J3Intrinsics.ll" -MT "/media/Data/Documents/Studies/MyWork/PhD/VMKit/vmkit_stale_ref/lib/j3/Compiler/Debug+Asserts/J3Intrinsics.bc.d" \
			J3Intrinsics.cpp -o /media/Data/Documents/Studies/MyWork/PhD/VMKit/vmkit_stale_ref/lib/j3/Compiler/Debug+Asserts/J3Intrinsics.ll -S "-emit-llvm" ; \
	        then /bin/mv -f "/media/Data/Documents/Studies/MyWork/PhD/VMKit/vmkit_stale_ref/lib/j3/Compiler/Debug+Asserts/J3Intrinsics.bc.d.tmp" "/media/Data/Documents/Studies/MyWork/PhD/VMKit/vmkit_stale_ref/lib/j3/Compiler/Debug+Asserts/J3Intrinsics.bc.d"; else /bin/rm "/media/Data/Documents/Studies/MyWork/PhD/VMKit/vmkit_stale_ref/lib/j3/Compiler/Debug+Asserts/J3Intrinsics.bc.d.tmp"; exit 1; fi
llvm[3]: Compiling J3Intrinsics.ll to J3Intrinsics.bc for Debug+Asserts build (bytecode)
/home/koutheir/PhD/VMKit/llvm/Debug+Asserts/bin/opt /media/Data/Documents/Studies/MyWork/PhD/VMKit/vmkit_stale_ref/lib/j3/Compiler/Debug+Asserts/J3Intrinsics.ll -load=/media/Data/Documents/Studies/MyWork/PhD/VMKit/vmkit_stale_ref/Debug+Asserts/lib/StaticGCPass.so -inline -StaticGCPass -o /media/Data/Documents/Studies/MyWork/PhD/VMKit/vmkit_stale_ref/lib/j3/Compiler/Debug+Asserts/J3Intrinsics_gc.bc
llvm[3]: Compiling J3Intrinsics.bc to J3Intrinsics.s for Debug+Asserts build
/home/koutheir/PhD/VMKit/llvm/Debug+Asserts/bin/llc -O=0 -asm-verbose -disable-cfi -disable-fp-elim -load=/media/Data/Documents/Studies/MyWork/PhD/VMKit/vmkit_stale_ref/Debug+Asserts/lib/StaticGCPrinter.so /media/Data/Documents/Studies/MyWork/PhD/VMKit/vmkit_stale_ref/lib/j3/Compiler/Debug+Asserts/J3Intrinsics_gc.bc -o /media/Data/Documents/Studies/MyWork/PhD/VMKit/vmkit_stale_ref/lib/j3/Compiler/Debug+Asserts/J3Intrinsics_gc.s
llvm[3]: Compiling J3Intrinsics.s for Debug+Asserts build
gcc -I/home/koutheir/PhD/VMKit/llvm/include -I/media/Data/Documents/Studies/MyWork/PhD/VMKit/vmkit_stale_ref/include -I/media/Data/Documents/Studies/MyWork/PhD/VMKit/vmkit_stale_ref/lib/j3/Compiler  -D_DEBUG -D_GNU_SOURCE -D__STDC_CONSTANT_MACROS -D__STDC_FORMAT_MACROS -D__STDC_LIMIT_MACROS -g -fPIC -O0   -pedantic -Wno-long-long -Wall -W -Wno-unused-parameter -Wwrite-strings   -c /media/Data/Documents/Studies/MyWork/PhD/VMKit/vmkit_stale_ref/lib/j3/Compiler/Debug+Asserts/J3Intrinsics_gc.s -o /media/Data/Documents/Studies/MyWork/PhD/VMKit/vmkit_stale_ref/lib/j3/Compiler/Debug+Asserts/J3Intrinsics_gc.o
llvm[3]: Compiling JavaAOTCompiler.cpp for Debug+Asserts build (bytecode)
if /home/koutheir/PhD/VMKit/llvm/Debug+Asserts/bin/clang++ -I/home/koutheir/PhD/VMKit/llvm/include -I/media/Data/Documents/Studies/MyWork/PhD/VMKit/vmkit_stale_ref/include -I/media/Data/Documents/Studies/MyWork/PhD/VMKit/vmkit_stale_ref/lib/j3/Compiler  -D_DEBUG -D_GNU_SOURCE -D__STDC_CONSTANT_MACROS -D__STDC_FORMAT_MACROS -D__STDC_LIMIT_MACROS -g -fvisibility-inlines-hidden -fno-exceptions -fno-rtti -fPIC -Woverloaded-virtual -Wcast-qual -I/media/Data/Documents/Studies/MyWork/PhD/VMKit/vmkit_stale_ref/lib/vmkit/MMTk -fno-exceptions -Wno-variadic-macros -fno-omit-frame-pointer -fno-strict-aliasing -Wno-deprecated -ansi -fno-rtti -I/media/Data/Documents/Studies/MyWork/PhD/VMKit/vmkit_stale_ref/lib/j3/Compiler/../LLVMRuntime -I/media/Data/Documents/Studies/MyWork/PhD/VMKit/vmkit_stale_ref/lib/j3/Compiler/../ClassLib/GNUClasspath -I/media/Data/Documents/Studies/MyWork/PhD/VMKit/vmkit_stale_ref/lib/j3/Compiler/../ClassLib/ -I/media/Data/Documents/Studies/MyWork/PhD/VMKit/vmkit_stale_ref/lib/j3/Compiler/../VMCore -O0   -pedantic -Wno-long-long -Wall -W -Wno-unused-parameter -Wwrite-strings   -MMD -MP -MF "/media/Data/Documents/Studies/MyWork/PhD/VMKit/vmkit_stale_ref/lib/j3/Compiler/Debug+Asserts/JavaAOTCompiler.bc.d.tmp" -MT "/media/Data/Documents/Studies/MyWork/PhD/VMKit/vmkit_stale_ref/lib/j3/Compiler/Debug+Asserts/JavaAOTCompiler.ll" -MT "/media/Data/Documents/Studies/MyWork/PhD/VMKit/vmkit_stale_ref/lib/j3/Compiler/Debug+Asserts/JavaAOTCompiler.bc.d" \
			JavaAOTCompiler.cpp -o /media/Data/Documents/Studies/MyWork/PhD/VMKit/vmkit_stale_ref/lib/j3/Compiler/Debug+Asserts/JavaAOTCompiler.ll -S "-emit-llvm" ; \
	        then /bin/mv -f "/media/Data/Documents/Studies/MyWork/PhD/VMKit/vmkit_stale_ref/lib/j3/Compiler/Debug+Asserts/JavaAOTCompiler.bc.d.tmp" "/media/Data/Documents/Studies/MyWork/PhD/VMKit/vmkit_stale_ref/lib/j3/Compiler/Debug+Asserts/JavaAOTCompiler.bc.d"; else /bin/rm "/media/Data/Documents/Studies/MyWork/PhD/VMKit/vmkit_stale_ref/lib/j3/Compiler/Debug+Asserts/JavaAOTCompiler.bc.d.tmp"; exit 1; fi
In file included from JavaAOTCompiler.cpp:35:
In file included from /media/Data/Documents/Studies/MyWork/PhD/VMKit/vmkit_stale_ref/lib/j3/Compiler/../ClassLib/VMStaticInstance.h:13:
/media/Data/Documents/Studies/MyWork/PhD/VMKit/vmkit_stale_ref/lib/j3/Compiler/../ClassLib/GNUClasspath/ClasspathReflect.h:206:15: warning: private field 'nextOnQueue' is not used [-Wunused-private-field]
  JavaObject* nextOnQueue;
              ^
1 warning generated.
llvm[3]: Compiling JavaAOTCompiler.ll to JavaAOTCompiler.bc for Debug+Asserts build (bytecode)
/home/koutheir/PhD/VMKit/llvm/Debug+Asserts/bin/opt /media/Data/Documents/Studies/MyWork/PhD/VMKit/vmkit_stale_ref/lib/j3/Compiler/Debug+Asserts/JavaAOTCompiler.ll -load=/media/Data/Documents/Studies/MyWork/PhD/VMKit/vmkit_stale_ref/Debug+Asserts/lib/StaticGCPass.so -inline -StaticGCPass -o /media/Data/Documents/Studies/MyWork/PhD/VMKit/vmkit_stale_ref/lib/j3/Compiler/Debug+Asserts/JavaAOTCompiler_gc.bc
llvm[3]: Compiling JavaAOTCompiler.bc to JavaAOTCompiler.s for Debug+Asserts build
/home/koutheir/PhD/VMKit/llvm/Debug+Asserts/bin/llc -O=0 -asm-verbose -disable-cfi -disable-fp-elim -load=/media/Data/Documents/Studies/MyWork/PhD/VMKit/vmkit_stale_ref/Debug+Asserts/lib/StaticGCPrinter.so /media/Data/Documents/Studies/MyWork/PhD/VMKit/vmkit_stale_ref/lib/j3/Compiler/Debug+Asserts/JavaAOTCompiler_gc.bc -o /media/Data/Documents/Studies/MyWork/PhD/VMKit/vmkit_stale_ref/lib/j3/Compiler/Debug+Asserts/JavaAOTCompiler_gc.s
llvm[3]: Compiling JavaAOTCompiler.s for Debug+Asserts build
gcc -I/home/koutheir/PhD/VMKit/llvm/include -I/media/Data/Documents/Studies/MyWork/PhD/VMKit/vmkit_stale_ref/include -I/media/Data/Documents/Studies/MyWork/PhD/VMKit/vmkit_stale_ref/lib/j3/Compiler  -D_DEBUG -D_GNU_SOURCE -D__STDC_CONSTANT_MACROS -D__STDC_FORMAT_MACROS -D__STDC_LIMIT_MACROS -g -fPIC -O0   -pedantic -Wno-long-long -Wall -W -Wno-unused-parameter -Wwrite-strings   -c /media/Data/Documents/Studies/MyWork/PhD/VMKit/vmkit_stale_ref/lib/j3/Compiler/Debug+Asserts/JavaAOTCompiler_gc.s -o /media/Data/Documents/Studies/MyWork/PhD/VMKit/vmkit_stale_ref/lib/j3/Compiler/Debug+Asserts/JavaAOTCompiler_gc.o
llvm[3]: Compiling JavaJIT.cpp for Debug+Asserts build (bytecode)
if /home/koutheir/PhD/VMKit/llvm/Debug+Asserts/bin/clang++ -I/home/koutheir/PhD/VMKit/llvm/include -I/media/Data/Documents/Studies/MyWork/PhD/VMKit/vmkit_stale_ref/include -I/media/Data/Documents/Studies/MyWork/PhD/VMKit/vmkit_stale_ref/lib/j3/Compiler  -D_DEBUG -D_GNU_SOURCE -D__STDC_CONSTANT_MACROS -D__STDC_FORMAT_MACROS -D__STDC_LIMIT_MACROS -g -fvisibility-inlines-hidden -fno-exceptions -fno-rtti -fPIC -Woverloaded-virtual -Wcast-qual -I/media/Data/Documents/Studies/MyWork/PhD/VMKit/vmkit_stale_ref/lib/vmkit/MMTk -fno-exceptions -Wno-variadic-macros -fno-omit-frame-pointer -fno-strict-aliasing -Wno-deprecated -ansi -fno-rtti -I/media/Data/Documents/Studies/MyWork/PhD/VMKit/vmkit_stale_ref/lib/j3/Compiler/../LLVMRuntime -I/media/Data/Documents/Studies/MyWork/PhD/VMKit/vmkit_stale_ref/lib/j3/Compiler/../ClassLib/GNUClasspath -I/media/Data/Documents/Studies/MyWork/PhD/VMKit/vmkit_stale_ref/lib/j3/Compiler/../ClassLib/ -I/media/Data/Documents/Studies/MyWork/PhD/VMKit/vmkit_stale_ref/lib/j3/Compiler/../VMCore -O0   -pedantic -Wno-long-long -Wall -W -Wno-unused-parameter -Wwrite-strings   -MMD -MP -MF "/media/Data/Documents/Studies/MyWork/PhD/VMKit/vmkit_stale_ref/lib/j3/Compiler/Debug+Asserts/JavaJIT.bc.d.tmp" -MT "/media/Data/Documents/Studies/MyWork/PhD/VMKit/vmkit_stale_ref/lib/j3/Compiler/Debug+Asserts/JavaJIT.ll" -MT "/media/Data/Documents/Studies/MyWork/PhD/VMKit/vmkit_stale_ref/lib/j3/Compiler/Debug+Asserts/JavaJIT.bc.d" \
			JavaJIT.cpp -o /media/Data/Documents/Studies/MyWork/PhD/VMKit/vmkit_stale_ref/lib/j3/Compiler/Debug+Asserts/JavaJIT.ll -S "-emit-llvm" ; \
	        then /bin/mv -f "/media/Data/Documents/Studies/MyWork/PhD/VMKit/vmkit_stale_ref/lib/j3/Compiler/Debug+Asserts/JavaJIT.bc.d.tmp" "/media/Data/Documents/Studies/MyWork/PhD/VMKit/vmkit_stale_ref/lib/j3/Compiler/Debug+Asserts/JavaJIT.bc.d"; else /bin/rm "/media/Data/Documents/Studies/MyWork/PhD/VMKit/vmkit_stale_ref/lib/j3/Compiler/Debug+Asserts/JavaJIT.bc.d.tmp"; exit 1; fi
llvm[3]: Compiling JavaJIT.ll to JavaJIT.bc for Debug+Asserts build (bytecode)
/home/koutheir/PhD/VMKit/llvm/Debug+Asserts/bin/opt /media/Data/Documents/Studies/MyWork/PhD/VMKit/vmkit_stale_ref/lib/j3/Compiler/Debug+Asserts/JavaJIT.ll -load=/media/Data/Documents/Studies/MyWork/PhD/VMKit/vmkit_stale_ref/Debug+Asserts/lib/StaticGCPass.so -inline -StaticGCPass -o /media/Data/Documents/Studies/MyWork/PhD/VMKit/vmkit_stale_ref/lib/j3/Compiler/Debug+Asserts/JavaJIT_gc.bc
llvm[3]: Compiling JavaJIT.bc to JavaJIT.s for Debug+Asserts build
/home/koutheir/PhD/VMKit/llvm/Debug+Asserts/bin/llc -O=0 -asm-verbose -disable-cfi -disable-fp-elim -load=/media/Data/Documents/Studies/MyWork/PhD/VMKit/vmkit_stale_ref/Debug+Asserts/lib/StaticGCPrinter.so /media/Data/Documents/Studies/MyWork/PhD/VMKit/vmkit_stale_ref/lib/j3/Compiler/Debug+Asserts/JavaJIT_gc.bc -o /media/Data/Documents/Studies/MyWork/PhD/VMKit/vmkit_stale_ref/lib/j3/Compiler/Debug+Asserts/JavaJIT_gc.s
llvm[3]: Compiling JavaJIT.s for Debug+Asserts build
gcc -I/home/koutheir/PhD/VMKit/llvm/include -I/media/Data/Documents/Studies/MyWork/PhD/VMKit/vmkit_stale_ref/include -I/media/Data/Documents/Studies/MyWork/PhD/VMKit/vmkit_stale_ref/lib/j3/Compiler  -D_DEBUG -D_GNU_SOURCE -D__STDC_CONSTANT_MACROS -D__STDC_FORMAT_MACROS -D__STDC_LIMIT_MACROS -g -fPIC -O0   -pedantic -Wno-long-long -Wall -W -Wno-unused-parameter -Wwrite-strings   -c /media/Data/Documents/Studies/MyWork/PhD/VMKit/vmkit_stale_ref/lib/j3/Compiler/Debug+Asserts/JavaJIT_gc.s -o /media/Data/Documents/Studies/MyWork/PhD/VMKit/vmkit_stale_ref/lib/j3/Compiler/Debug+Asserts/JavaJIT_gc.o
llvm[3]: Compiling JavaJITCompiler.cpp for Debug+Asserts build (bytecode)
if /home/koutheir/PhD/VMKit/llvm/Debug+Asserts/bin/clang++ -I/home/koutheir/PhD/VMKit/llvm/include -I/media/Data/Documents/Studies/MyWork/PhD/VMKit/vmkit_stale_ref/include -I/media/Data/Documents/Studies/MyWork/PhD/VMKit/vmkit_stale_ref/lib/j3/Compiler  -D_DEBUG -D_GNU_SOURCE -D__STDC_CONSTANT_MACROS -D__STDC_FORMAT_MACROS -D__STDC_LIMIT_MACROS -g -fvisibility-inlines-hidden -fno-exceptions -fno-rtti -fPIC -Woverloaded-virtual -Wcast-qual -I/media/Data/Documents/Studies/MyWork/PhD/VMKit/vmkit_stale_ref/lib/vmkit/MMTk -fno-exceptions -Wno-variadic-macros -fno-omit-frame-pointer -fno-strict-aliasing -Wno-deprecated -ansi -fno-rtti -I/media/Data/Documents/Studies/MyWork/PhD/VMKit/vmkit_stale_ref/lib/j3/Compiler/../LLVMRuntime -I/media/Data/Documents/Studies/MyWork/PhD/VMKit/vmkit_stale_ref/lib/j3/Compiler/../ClassLib/GNUClasspath -I/media/Data/Documents/Studies/MyWork/PhD/VMKit/vmkit_stale_ref/lib/j3/Compiler/../ClassLib/ -I/media/Data/Documents/Studies/MyWork/PhD/VMKit/vmkit_stale_ref/lib/j3/Compiler/../VMCore -O0   -pedantic -Wno-long-long -Wall -W -Wno-unused-parameter -Wwrite-strings   -MMD -MP -MF "/media/Data/Documents/Studies/MyWork/PhD/VMKit/vmkit_stale_ref/lib/j3/Compiler/Debug+Asserts/JavaJITCompiler.bc.d.tmp" -MT "/media/Data/Documents/Studies/MyWork/PhD/VMKit/vmkit_stale_ref/lib/j3/Compiler/Debug+Asserts/JavaJITCompiler.ll" -MT "/media/Data/Documents/Studies/MyWork/PhD/VMKit/vmkit_stale_ref/lib/j3/Compiler/Debug+Asserts/JavaJITCompiler.bc.d" \
			JavaJITCompiler.cpp -o /media/Data/Documents/Studies/MyWork/PhD/VMKit/vmkit_stale_ref/lib/j3/Compiler/Debug+Asserts/JavaJITCompiler.ll -S "-emit-llvm" ; \
	        then /bin/mv -f "/media/Data/Documents/Studies/MyWork/PhD/VMKit/vmkit_stale_ref/lib/j3/Compiler/Debug+Asserts/JavaJITCompiler.bc.d.tmp" "/media/Data/Documents/Studies/MyWork/PhD/VMKit/vmkit_stale_ref/lib/j3/Compiler/Debug+Asserts/JavaJITCompiler.bc.d"; else /bin/rm "/media/Data/Documents/Studies/MyWork/PhD/VMKit/vmkit_stale_ref/lib/j3/Compiler/Debug+Asserts/JavaJITCompiler.bc.d.tmp"; exit 1; fi
llvm[3]: Compiling JavaJITCompiler.ll to JavaJITCompiler.bc for Debug+Asserts build (bytecode)
/home/koutheir/PhD/VMKit/llvm/Debug+Asserts/bin/opt /media/Data/Documents/Studies/MyWork/PhD/VMKit/vmkit_stale_ref/lib/j3/Compiler/Debug+Asserts/JavaJITCompiler.ll -load=/media/Data/Documents/Studies/MyWork/PhD/VMKit/vmkit_stale_ref/Debug+Asserts/lib/StaticGCPass.so -inline -StaticGCPass -o /media/Data/Documents/Studies/MyWork/PhD/VMKit/vmkit_stale_ref/lib/j3/Compiler/Debug+Asserts/JavaJITCompiler_gc.bc
llvm[3]: Compiling JavaJITCompiler.bc to JavaJITCompiler.s for Debug+Asserts build
/home/koutheir/PhD/VMKit/llvm/Debug+Asserts/bin/llc -O=0 -asm-verbose -disable-cfi -disable-fp-elim -load=/media/Data/Documents/Studies/MyWork/PhD/VMKit/vmkit_stale_ref/Debug+Asserts/lib/StaticGCPrinter.so /media/Data/Documents/Studies/MyWork/PhD/VMKit/vmkit_stale_ref/lib/j3/Compiler/Debug+Asserts/JavaJITCompiler_gc.bc -o /media/Data/Documents/Studies/MyWork/PhD/VMKit/vmkit_stale_ref/lib/j3/Compiler/Debug+Asserts/JavaJITCompiler_gc.s
llvm[3]: Compiling JavaJITCompiler.s for Debug+Asserts build
gcc -I/home/koutheir/PhD/VMKit/llvm/include -I/media/Data/Documents/Studies/MyWork/PhD/VMKit/vmkit_stale_ref/include -I/media/Data/Documents/Studies/MyWork/PhD/VMKit/vmkit_stale_ref/lib/j3/Compiler  -D_DEBUG -D_GNU_SOURCE -D__STDC_CONSTANT_MACROS -D__STDC_FORMAT_MACROS -D__STDC_LIMIT_MACROS -g -fPIC -O0   -pedantic -Wno-long-long -Wall -W -Wno-unused-parameter -Wwrite-strings   -c /media/Data/Documents/Studies/MyWork/PhD/VMKit/vmkit_stale_ref/lib/j3/Compiler/Debug+Asserts/JavaJITCompiler_gc.s -o /media/Data/Documents/Studies/MyWork/PhD/VMKit/vmkit_stale_ref/lib/j3/Compiler/Debug+Asserts/JavaJITCompiler_gc.o
llvm[3]: Compiling JavaJITOpcodes.cpp for Debug+Asserts build (bytecode)
if /home/koutheir/PhD/VMKit/llvm/Debug+Asserts/bin/clang++ -I/home/koutheir/PhD/VMKit/llvm/include -I/media/Data/Documents/Studies/MyWork/PhD/VMKit/vmkit_stale_ref/include -I/media/Data/Documents/Studies/MyWork/PhD/VMKit/vmkit_stale_ref/lib/j3/Compiler  -D_DEBUG -D_GNU_SOURCE -D__STDC_CONSTANT_MACROS -D__STDC_FORMAT_MACROS -D__STDC_LIMIT_MACROS -g -fvisibility-inlines-hidden -fno-exceptions -fno-rtti -fPIC -Woverloaded-virtual -Wcast-qual -I/media/Data/Documents/Studies/MyWork/PhD/VMKit/vmkit_stale_ref/lib/vmkit/MMTk -fno-exceptions -Wno-variadic-macros -fno-omit-frame-pointer -fno-strict-aliasing -Wno-deprecated -ansi -fno-rtti -I/media/Data/Documents/Studies/MyWork/PhD/VMKit/vmkit_stale_ref/lib/j3/Compiler/../LLVMRuntime -I/media/Data/Documents/Studies/MyWork/PhD/VMKit/vmkit_stale_ref/lib/j3/Compiler/../ClassLib/GNUClasspath -I/media/Data/Documents/Studies/MyWork/PhD/VMKit/vmkit_stale_ref/lib/j3/Compiler/../ClassLib/ -I/media/Data/Documents/Studies/MyWork/PhD/VMKit/vmkit_stale_ref/lib/j3/Compiler/../VMCore -O0   -pedantic -Wno-long-long -Wall -W -Wno-unused-parameter -Wwrite-strings   -MMD -MP -MF "/media/Data/Documents/Studies/MyWork/PhD/VMKit/vmkit_stale_ref/lib/j3/Compiler/Debug+Asserts/JavaJITOpcodes.bc.d.tmp" -MT "/media/Data/Documents/Studies/MyWork/PhD/VMKit/vmkit_stale_ref/lib/j3/Compiler/Debug+Asserts/JavaJITOpcodes.ll" -MT "/media/Data/Documents/Studies/MyWork/PhD/VMKit/vmkit_stale_ref/lib/j3/Compiler/Debug+Asserts/JavaJITOpcodes.bc.d" \
			JavaJITOpcodes.cpp -o /media/Data/Documents/Studies/MyWork/PhD/VMKit/vmkit_stale_ref/lib/j3/Compiler/Debug+Asserts/JavaJITOpcodes.ll -S "-emit-llvm" ; \
	        then /bin/mv -f "/media/Data/Documents/Studies/MyWork/PhD/VMKit/vmkit_stale_ref/lib/j3/Compiler/Debug+Asserts/JavaJITOpcodes.bc.d.tmp" "/media/Data/Documents/Studies/MyWork/PhD/VMKit/vmkit_stale_ref/lib/j3/Compiler/Debug+Asserts/JavaJITOpcodes.bc.d"; else /bin/rm "/media/Data/Documents/Studies/MyWork/PhD/VMKit/vmkit_stale_ref/lib/j3/Compiler/Debug+Asserts/JavaJITOpcodes.bc.d.tmp"; exit 1; fi
JavaJITOpcodes.cpp:2304:14: warning: unused variable 'thisReference' [-Wunused-variable]
        bool thisReference = isThisReference(currentStackIndex - 1);
             ^
In file included from JavaJITOpcodes.cpp:39:
/media/Data/Documents/Studies/MyWork/PhD/VMKit/vmkit_stale_ref/include/j3/OpcodeNames.def:13:20: warning: unused variable 'OpcodeNames' [-Wunused-variable]
static const char* OpcodeNames[256] = {
                   ^
2 warnings generated.
llvm[3]: Compiling JavaJITOpcodes.ll to JavaJITOpcodes.bc for Debug+Asserts build (bytecode)
/home/koutheir/PhD/VMKit/llvm/Debug+Asserts/bin/opt /media/Data/Documents/Studies/MyWork/PhD/VMKit/vmkit_stale_ref/lib/j3/Compiler/Debug+Asserts/JavaJITOpcodes.ll -load=/media/Data/Documents/Studies/MyWork/PhD/VMKit/vmkit_stale_ref/Debug+Asserts/lib/StaticGCPass.so -inline -StaticGCPass -o /media/Data/Documents/Studies/MyWork/PhD/VMKit/vmkit_stale_ref/lib/j3/Compiler/Debug+Asserts/JavaJITOpcodes_gc.bc
llvm[3]: Compiling JavaJITOpcodes.bc to JavaJITOpcodes.s for Debug+Asserts build
/home/koutheir/PhD/VMKit/llvm/Debug+Asserts/bin/llc -O=0 -asm-verbose -disable-cfi -disable-fp-elim -load=/media/Data/Documents/Studies/MyWork/PhD/VMKit/vmkit_stale_ref/Debug+Asserts/lib/StaticGCPrinter.so /media/Data/Documents/Studies/MyWork/PhD/VMKit/vmkit_stale_ref/lib/j3/Compiler/Debug+Asserts/JavaJITOpcodes_gc.bc -o /media/Data/Documents/Studies/MyWork/PhD/VMKit/vmkit_stale_ref/lib/j3/Compiler/Debug+Asserts/JavaJITOpcodes_gc.s
llvm[3]: Compiling JavaJITOpcodes.s for Debug+Asserts build
gcc -I/home/koutheir/PhD/VMKit/llvm/include -I/media/Data/Documents/Studies/MyWork/PhD/VMKit/vmkit_stale_ref/include -I/media/Data/Documents/Studies/MyWork/PhD/VMKit/vmkit_stale_ref/lib/j3/Compiler  -D_DEBUG -D_GNU_SOURCE -D__STDC_CONSTANT_MACROS -D__STDC_FORMAT_MACROS -D__STDC_LIMIT_MACROS -g -fPIC -O0   -pedantic -Wno-long-long -Wall -W -Wno-unused-parameter -Wwrite-strings   -c /media/Data/Documents/Studies/MyWork/PhD/VMKit/vmkit_stale_ref/lib/j3/Compiler/Debug+Asserts/JavaJITOpcodes_gc.s -o /media/Data/Documents/Studies/MyWork/PhD/VMKit/vmkit_stale_ref/lib/j3/Compiler/Debug+Asserts/JavaJITOpcodes_gc.o
llvm[3]: Compiling JavaLLVMCompiler.cpp for Debug+Asserts build (bytecode)
if /home/koutheir/PhD/VMKit/llvm/Debug+Asserts/bin/clang++ -I/home/koutheir/PhD/VMKit/llvm/include -I/media/Data/Documents/Studies/MyWork/PhD/VMKit/vmkit_stale_ref/include -I/media/Data/Documents/Studies/MyWork/PhD/VMKit/vmkit_stale_ref/lib/j3/Compiler  -D_DEBUG -D_GNU_SOURCE -D__STDC_CONSTANT_MACROS -D__STDC_FORMAT_MACROS -D__STDC_LIMIT_MACROS -g -fvisibility-inlines-hidden -fno-exceptions -fno-rtti -fPIC -Woverloaded-virtual -Wcast-qual -I/media/Data/Documents/Studies/MyWork/PhD/VMKit/vmkit_stale_ref/lib/vmkit/MMTk -fno-exceptions -Wno-variadic-macros -fno-omit-frame-pointer -fno-strict-aliasing -Wno-deprecated -ansi -fno-rtti -I/media/Data/Documents/Studies/MyWork/PhD/VMKit/vmkit_stale_ref/lib/j3/Compiler/../LLVMRuntime -I/media/Data/Documents/Studies/MyWork/PhD/VMKit/vmkit_stale_ref/lib/j3/Compiler/../ClassLib/GNUClasspath -I/media/Data/Documents/Studies/MyWork/PhD/VMKit/vmkit_stale_ref/lib/j3/Compiler/../ClassLib/ -I/media/Data/Documents/Studies/MyWork/PhD/VMKit/vmkit_stale_ref/lib/j3/Compiler/../VMCore -O0   -pedantic -Wno-long-long -Wall -W -Wno-unused-parameter -Wwrite-strings   -MMD -MP -MF "/media/Data/Documents/Studies/MyWork/PhD/VMKit/vmkit_stale_ref/lib/j3/Compiler/Debug+Asserts/JavaLLVMCompiler.bc.d.tmp" -MT "/media/Data/Documents/Studies/MyWork/PhD/VMKit/vmkit_stale_ref/lib/j3/Compiler/Debug+Asserts/JavaLLVMCompiler.ll" -MT "/media/Data/Documents/Studies/MyWork/PhD/VMKit/vmkit_stale_ref/lib/j3/Compiler/Debug+Asserts/JavaLLVMCompiler.bc.d" \
			JavaLLVMCompiler.cpp -o /media/Data/Documents/Studies/MyWork/PhD/VMKit/vmkit_stale_ref/lib/j3/Compiler/Debug+Asserts/JavaLLVMCompiler.ll -S "-emit-llvm" ; \
	        then /bin/mv -f "/media/Data/Documents/Studies/MyWork/PhD/VMKit/vmkit_stale_ref/lib/j3/Compiler/Debug+Asserts/JavaLLVMCompiler.bc.d.tmp" "/media/Data/Documents/Studies/MyWork/PhD/VMKit/vmkit_stale_ref/lib/j3/Compiler/Debug+Asserts/JavaLLVMCompiler.bc.d"; else /bin/rm "/media/Data/Documents/Studies/MyWork/PhD/VMKit/vmkit_stale_ref/lib/j3/Compiler/Debug+Asserts/JavaLLVMCompiler.bc.d.tmp"; exit 1; fi
llvm[3]: Compiling JavaLLVMCompiler.ll to JavaLLVMCompiler.bc for Debug+Asserts build (bytecode)
/home/koutheir/PhD/VMKit/llvm/Debug+Asserts/bin/opt /media/Data/Documents/Studies/MyWork/PhD/VMKit/vmkit_stale_ref/lib/j3/Compiler/Debug+Asserts/JavaLLVMCompiler.ll -load=/media/Data/Documents/Studies/MyWork/PhD/VMKit/vmkit_stale_ref/Debug+Asserts/lib/StaticGCPass.so -inline -StaticGCPass -o /media/Data/Documents/Studies/MyWork/PhD/VMKit/vmkit_stale_ref/lib/j3/Compiler/Debug+Asserts/JavaLLVMCompiler_gc.bc
llvm[3]: Compiling JavaLLVMCompiler.bc to JavaLLVMCompiler.s for Debug+Asserts build
/home/koutheir/PhD/VMKit/llvm/Debug+Asserts/bin/llc -O=0 -asm-verbose -disable-cfi -disable-fp-elim -load=/media/Data/Documents/Studies/MyWork/PhD/VMKit/vmkit_stale_ref/Debug+Asserts/lib/StaticGCPrinter.so /media/Data/Documents/Studies/MyWork/PhD/VMKit/vmkit_stale_ref/lib/j3/Compiler/Debug+Asserts/JavaLLVMCompiler_gc.bc -o /media/Data/Documents/Studies/MyWork/PhD/VMKit/vmkit_stale_ref/lib/j3/Compiler/Debug+Asserts/JavaLLVMCompiler_gc.s
llvm[3]: Compiling JavaLLVMCompiler.s for Debug+Asserts build
gcc -I/home/koutheir/PhD/VMKit/llvm/include -I/media/Data/Documents/Studies/MyWork/PhD/VMKit/vmkit_stale_ref/include -I/media/Data/Documents/Studies/MyWork/PhD/VMKit/vmkit_stale_ref/lib/j3/Compiler  -D_DEBUG -D_GNU_SOURCE -D__STDC_CONSTANT_MACROS -D__STDC_FORMAT_MACROS -D__STDC_LIMIT_MACROS -g -fPIC -O0   -pedantic -Wno-long-long -Wall -W -Wno-unused-parameter -Wwrite-strings   -c /media/Data/Documents/Studies/MyWork/PhD/VMKit/vmkit_stale_ref/lib/j3/Compiler/Debug+Asserts/JavaLLVMCompiler_gc.s -o /media/Data/Documents/Studies/MyWork/PhD/VMKit/vmkit_stale_ref/lib/j3/Compiler/Debug+Asserts/JavaLLVMCompiler_gc.o
llvm[3]: Compiling LLVMInfo.cpp for Debug+Asserts build (bytecode)
if /home/koutheir/PhD/VMKit/llvm/Debug+Asserts/bin/clang++ -I/home/koutheir/PhD/VMKit/llvm/include -I/media/Data/Documents/Studies/MyWork/PhD/VMKit/vmkit_stale_ref/include -I/media/Data/Documents/Studies/MyWork/PhD/VMKit/vmkit_stale_ref/lib/j3/Compiler  -D_DEBUG -D_GNU_SOURCE -D__STDC_CONSTANT_MACROS -D__STDC_FORMAT_MACROS -D__STDC_LIMIT_MACROS -g -fvisibility-inlines-hidden -fno-exceptions -fno-rtti -fPIC -Woverloaded-virtual -Wcast-qual -I/media/Data/Documents/Studies/MyWork/PhD/VMKit/vmkit_stale_ref/lib/vmkit/MMTk -fno-exceptions -Wno-variadic-macros -fno-omit-frame-pointer -fno-strict-aliasing -Wno-deprecated -ansi -fno-rtti -I/media/Data/Documents/Studies/MyWork/PhD/VMKit/vmkit_stale_ref/lib/j3/Compiler/../LLVMRuntime -I/media/Data/Documents/Studies/MyWork/PhD/VMKit/vmkit_stale_ref/lib/j3/Compiler/../ClassLib/GNUClasspath -I/media/Data/Documents/Studies/MyWork/PhD/VMKit/vmkit_stale_ref/lib/j3/Compiler/../ClassLib/ -I/media/Data/Documents/Studies/MyWork/PhD/VMKit/vmkit_stale_ref/lib/j3/Compiler/../VMCore -O0   -pedantic -Wno-long-long -Wall -W -Wno-unused-parameter -Wwrite-strings   -MMD -MP -MF "/media/Data/Documents/Studies/MyWork/PhD/VMKit/vmkit_stale_ref/lib/j3/Compiler/Debug+Asserts/LLVMInfo.bc.d.tmp" -MT "/media/Data/Documents/Studies/MyWork/PhD/VMKit/vmkit_stale_ref/lib/j3/Compiler/Debug+Asserts/LLVMInfo.ll" -MT "/media/Data/Documents/Studies/MyWork/PhD/VMKit/vmkit_stale_ref/lib/j3/Compiler/Debug+Asserts/LLVMInfo.bc.d" \
			LLVMInfo.cpp -o /media/Data/Documents/Studies/MyWork/PhD/VMKit/vmkit_stale_ref/lib/j3/Compiler/Debug+Asserts/LLVMInfo.ll -S "-emit-llvm" ; \
	        then /bin/mv -f "/media/Data/Documents/Studies/MyWork/PhD/VMKit/vmkit_stale_ref/lib/j3/Compiler/Debug+Asserts/LLVMInfo.bc.d.tmp" "/media/Data/Documents/Studies/MyWork/PhD/VMKit/vmkit_stale_ref/lib/j3/Compiler/Debug+Asserts/LLVMInfo.bc.d"; else /bin/rm "/media/Data/Documents/Studies/MyWork/PhD/VMKit/vmkit_stale_ref/lib/j3/Compiler/Debug+Asserts/LLVMInfo.bc.d.tmp"; exit 1; fi
llvm[3]: Compiling LLVMInfo.ll to LLVMInfo.bc for Debug+Asserts build (bytecode)
/home/koutheir/PhD/VMKit/llvm/Debug+Asserts/bin/opt /media/Data/Documents/Studies/MyWork/PhD/VMKit/vmkit_stale_ref/lib/j3/Compiler/Debug+Asserts/LLVMInfo.ll -load=/media/Data/Documents/Studies/MyWork/PhD/VMKit/vmkit_stale_ref/Debug+Asserts/lib/StaticGCPass.so -inline -StaticGCPass -o /media/Data/Documents/Studies/MyWork/PhD/VMKit/vmkit_stale_ref/lib/j3/Compiler/Debug+Asserts/LLVMInfo_gc.bc
llvm[3]: Compiling LLVMInfo.bc to LLVMInfo.s for Debug+Asserts build
/home/koutheir/PhD/VMKit/llvm/Debug+Asserts/bin/llc -O=0 -asm-verbose -disable-cfi -disable-fp-elim -load=/media/Data/Documents/Studies/MyWork/PhD/VMKit/vmkit_stale_ref/Debug+Asserts/lib/StaticGCPrinter.so /media/Data/Documents/Studies/MyWork/PhD/VMKit/vmkit_stale_ref/lib/j3/Compiler/Debug+Asserts/LLVMInfo_gc.bc -o /media/Data/Documents/Studies/MyWork/PhD/VMKit/vmkit_stale_ref/lib/j3/Compiler/Debug+Asserts/LLVMInfo_gc.s
llvm[3]: Compiling LLVMInfo.s for Debug+Asserts build
gcc -I/home/koutheir/PhD/VMKit/llvm/include -I/media/Data/Documents/Studies/MyWork/PhD/VMKit/vmkit_stale_ref/include -I/media/Data/Documents/Studies/MyWork/PhD/VMKit/vmkit_stale_ref/lib/j3/Compiler  -D_DEBUG -D_GNU_SOURCE -D__STDC_CONSTANT_MACROS -D__STDC_FORMAT_MACROS -D__STDC_LIMIT_MACROS -g -fPIC -O0   -pedantic -Wno-long-long -Wall -W -Wno-unused-parameter -Wwrite-strings   -c /media/Data/Documents/Studies/MyWork/PhD/VMKit/vmkit_stale_ref/lib/j3/Compiler/Debug+Asserts/LLVMInfo_gc.s -o /media/Data/Documents/Studies/MyWork/PhD/VMKit/vmkit_stale_ref/lib/j3/Compiler/Debug+Asserts/LLVMInfo_gc.o
llvm[3]: Compiling LowerConstantCalls.cpp for Debug+Asserts build (bytecode)
if /home/koutheir/PhD/VMKit/llvm/Debug+Asserts/bin/clang++ -I/home/koutheir/PhD/VMKit/llvm/include -I/media/Data/Documents/Studies/MyWork/PhD/VMKit/vmkit_stale_ref/include -I/media/Data/Documents/Studies/MyWork/PhD/VMKit/vmkit_stale_ref/lib/j3/Compiler  -D_DEBUG -D_GNU_SOURCE -D__STDC_CONSTANT_MACROS -D__STDC_FORMAT_MACROS -D__STDC_LIMIT_MACROS -g -fvisibility-inlines-hidden -fno-exceptions -fno-rtti -fPIC -Woverloaded-virtual -Wcast-qual -I/media/Data/Documents/Studies/MyWork/PhD/VMKit/vmkit_stale_ref/lib/vmkit/MMTk -fno-exceptions -Wno-variadic-macros -fno-omit-frame-pointer -fno-strict-aliasing -Wno-deprecated -ansi -fno-rtti -I/media/Data/Documents/Studies/MyWork/PhD/VMKit/vmkit_stale_ref/lib/j3/Compiler/../LLVMRuntime -I/media/Data/Documents/Studies/MyWork/PhD/VMKit/vmkit_stale_ref/lib/j3/Compiler/../ClassLib/GNUClasspath -I/media/Data/Documents/Studies/MyWork/PhD/VMKit/vmkit_stale_ref/lib/j3/Compiler/../ClassLib/ -I/media/Data/Documents/Studies/MyWork/PhD/VMKit/vmkit_stale_ref/lib/j3/Compiler/../VMCore -O0   -pedantic -Wno-long-long -Wall -W -Wno-unused-parameter -Wwrite-strings   -MMD -MP -MF "/media/Data/Documents/Studies/MyWork/PhD/VMKit/vmkit_stale_ref/lib/j3/Compiler/Debug+Asserts/LowerConstantCalls.bc.d.tmp" -MT "/media/Data/Documents/Studies/MyWork/PhD/VMKit/vmkit_stale_ref/lib/j3/Compiler/Debug+Asserts/LowerConstantCalls.ll" -MT "/media/Data/Documents/Studies/MyWork/PhD/VMKit/vmkit_stale_ref/lib/j3/Compiler/Debug+Asserts/LowerConstantCalls.bc.d" \
			LowerConstantCalls.cpp -o /media/Data/Documents/Studies/MyWork/PhD/VMKit/vmkit_stale_ref/lib/j3/Compiler/Debug+Asserts/LowerConstantCalls.ll -S "-emit-llvm" ; \
	        then /bin/mv -f "/media/Data/Documents/Studies/MyWork/PhD/VMKit/vmkit_stale_ref/lib/j3/Compiler/Debug+Asserts/LowerConstantCalls.bc.d.tmp" "/media/Data/Documents/Studies/MyWork/PhD/VMKit/vmkit_stale_ref/lib/j3/Compiler/Debug+Asserts/LowerConstantCalls.bc.d"; else /bin/rm "/media/Data/Documents/Studies/MyWork/PhD/VMKit/vmkit_stale_ref/lib/j3/Compiler/Debug+Asserts/LowerConstantCalls.bc.d.tmp"; exit 1; fi
llvm[3]: Compiling LowerConstantCalls.ll to LowerConstantCalls.bc for Debug+Asserts build (bytecode)
/home/koutheir/PhD/VMKit/llvm/Debug+Asserts/bin/opt /media/Data/Documents/Studies/MyWork/PhD/VMKit/vmkit_stale_ref/lib/j3/Compiler/Debug+Asserts/LowerConstantCalls.ll -load=/media/Data/Documents/Studies/MyWork/PhD/VMKit/vmkit_stale_ref/Debug+Asserts/lib/StaticGCPass.so -inline -StaticGCPass -o /media/Data/Documents/Studies/MyWork/PhD/VMKit/vmkit_stale_ref/lib/j3/Compiler/Debug+Asserts/LowerConstantCalls_gc.bc
llvm[3]: Compiling LowerConstantCalls.bc to LowerConstantCalls.s for Debug+Asserts build
/home/koutheir/PhD/VMKit/llvm/Debug+Asserts/bin/llc -O=0 -asm-verbose -disable-cfi -disable-fp-elim -load=/media/Data/Documents/Studies/MyWork/PhD/VMKit/vmkit_stale_ref/Debug+Asserts/lib/StaticGCPrinter.so /media/Data/Documents/Studies/MyWork/PhD/VMKit/vmkit_stale_ref/lib/j3/Compiler/Debug+Asserts/LowerConstantCalls_gc.bc -o /media/Data/Documents/Studies/MyWork/PhD/VMKit/vmkit_stale_ref/lib/j3/Compiler/Debug+Asserts/LowerConstantCalls_gc.s
llvm[3]: Compiling LowerConstantCalls.s for Debug+Asserts build
gcc -I/home/koutheir/PhD/VMKit/llvm/include -I/media/Data/Documents/Studies/MyWork/PhD/VMKit/vmkit_stale_ref/include -I/media/Data/Documents/Studies/MyWork/PhD/VMKit/vmkit_stale_ref/lib/j3/Compiler  -D_DEBUG -D_GNU_SOURCE -D__STDC_CONSTANT_MACROS -D__STDC_FORMAT_MACROS -D__STDC_LIMIT_MACROS -g -fPIC -O0   -pedantic -Wno-long-long -Wall -W -Wno-unused-parameter -Wwrite-strings   -c /media/Data/Documents/Studies/MyWork/PhD/VMKit/vmkit_stale_ref/lib/j3/Compiler/Debug+Asserts/LowerConstantCalls_gc.s -o /media/Data/Documents/Studies/MyWork/PhD/VMKit/vmkit_stale_ref/lib/j3/Compiler/Debug+Asserts/LowerConstantCalls_gc.o
llvm[3]: Building Debug+Asserts Archive Library libJ3Compiler.a
/bin/rm -f /media/Data/Documents/Studies/MyWork/PhD/VMKit/vmkit_stale_ref/Debug+Asserts/lib/libJ3Compiler.a
ar cru >/dev/null 2>/dev/null /media/Data/Documents/Studies/MyWork/PhD/VMKit/vmkit_stale_ref/Debug+Asserts/lib/libJ3Compiler.a /media/Data/Documents/Studies/MyWork/PhD/VMKit/vmkit_stale_ref/lib/j3/Compiler/Debug+Asserts/J3Intrinsics_gc.o /media/Data/Documents/Studies/MyWork/PhD/VMKit/vmkit_stale_ref/lib/j3/Compiler/Debug+Asserts/JavaAOTCompiler_gc.o /media/Data/Documents/Studies/MyWork/PhD/VMKit/vmkit_stale_ref/lib/j3/Compiler/Debug+Asserts/JavaJIT_gc.o /media/Data/Documents/Studies/MyWork/PhD/VMKit/vmkit_stale_ref/lib/j3/Compiler/Debug+Asserts/JavaJITCompiler_gc.o /media/Data/Documents/Studies/MyWork/PhD/VMKit/vmkit_stale_ref/lib/j3/Compiler/Debug+Asserts/JavaJITOpcodes_gc.o /media/Data/Documents/Studies/MyWork/PhD/VMKit/vmkit_stale_ref/lib/j3/Compiler/Debug+Asserts/JavaLLVMCompiler_gc.o /media/Data/Documents/Studies/MyWork/PhD/VMKit/vmkit_stale_ref/lib/j3/Compiler/Debug+Asserts/LLVMInfo_gc.o /media/Data/Documents/Studies/MyWork/PhD/VMKit/vmkit_stale_ref/lib/j3/Compiler/Debug+Asserts/LowerConstantCalls_gc.o
ranlib /media/Data/Documents/Studies/MyWork/PhD/VMKit/vmkit_stale_ref/Debug+Asserts/lib/libJ3Compiler.a
make[3]: Leaving directory `/media/Data/Documents/Studies/MyWork/PhD/VMKit/vmkit_stale_ref/lib/j3/Compiler'
make[2]: Leaving directory `/media/Data/Documents/Studies/MyWork/PhD/VMKit/vmkit_stale_ref/lib/j3'
make[1]: Leaving directory `/media/Data/Documents/Studies/MyWork/PhD/VMKit/vmkit_stale_ref/lib'
make[1]: Entering directory `/media/Data/Documents/Studies/MyWork/PhD/VMKit/vmkit_stale_ref/tools/vmjc'
/home/koutheir/PhD/VMKit/llvm/autoconf/mkinstalldirs /media/Data/Documents/Studies/MyWork/PhD/VMKit/vmkit_stale_ref/tools/vmjc/Debug+Asserts > /dev/null
/bin/date > /media/Data/Documents/Studies/MyWork/PhD/VMKit/vmkit_stale_ref/tools/vmjc/Debug+Asserts/.dir
llvm[1]: Compiling vmjc.cpp for Debug+Asserts build
if  g++ -I/home/koutheir/PhD/VMKit/llvm/include -I/media/Data/Documents/Studies/MyWork/PhD/VMKit/vmkit_stale_ref/include -I/media/Data/Documents/Studies/MyWork/PhD/VMKit/vmkit_stale_ref/tools/vmjc  -D_DEBUG -D_GNU_SOURCE -D__STDC_CONSTANT_MACROS -D__STDC_FORMAT_MACROS -D__STDC_LIMIT_MACROS -g -fvisibility-inlines-hidden -fno-exceptions -fno-rtti -fPIC -Woverloaded-virtual -Wcast-qual -I/media/Data/Documents/Studies/MyWork/PhD/VMKit/vmkit_stale_ref/lib/vmkit/MMTk -fno-exceptions -Wno-variadic-macros -fno-omit-frame-pointer -fno-strict-aliasing -Wno-deprecated -ansi -fno-rtti -O0   -pedantic -Wno-long-long -Wall -W -Wno-unused-parameter -Wwrite-strings   -c -MMD -MP -MF "/media/Data/Documents/Studies/MyWork/PhD/VMKit/vmkit_stale_ref/tools/vmjc/Debug+Asserts/vmjc.d.tmp" -MT "/media/Data/Documents/Studies/MyWork/PhD/VMKit/vmkit_stale_ref/tools/vmjc/Debug+Asserts/vmjc.o" -MT "/media/Data/Documents/Studies/MyWork/PhD/VMKit/vmkit_stale_ref/tools/vmjc/Debug+Asserts/vmjc.d" vmjc.cpp -o /media/Data/Documents/Studies/MyWork/PhD/VMKit/vmkit_stale_ref/tools/vmjc/Debug+Asserts/vmjc.o ; \
	        then /bin/mv -f "/media/Data/Documents/Studies/MyWork/PhD/VMKit/vmkit_stale_ref/tools/vmjc/Debug+Asserts/vmjc.d.tmp" "/media/Data/Documents/Studies/MyWork/PhD/VMKit/vmkit_stale_ref/tools/vmjc/Debug+Asserts/vmjc.d"; else /bin/rm "/media/Data/Documents/Studies/MyWork/PhD/VMKit/vmkit_stale_ref/tools/vmjc/Debug+Asserts/vmjc.d.tmp"; exit 1; fi
/home/koutheir/PhD/VMKit/llvm/autoconf/mkinstalldirs /media/Data/Documents/Studies/MyWork/PhD/VMKit/vmkit_stale_ref/Debug+Asserts/bin > /dev/null
/bin/date > /media/Data/Documents/Studies/MyWork/PhD/VMKit/vmkit_stale_ref/Debug+Asserts/bin/.dir
llvm[1]: Linking Debug+Asserts executable vmjc
g++ -I/home/koutheir/PhD/VMKit/llvm/include -I/media/Data/Documents/Studies/MyWork/PhD/VMKit/vmkit_stale_ref/include -I/media/Data/Documents/Studies/MyWork/PhD/VMKit/vmkit_stale_ref/tools/vmjc  -D_DEBUG -D_GNU_SOURCE -D__STDC_CONSTANT_MACROS -D__STDC_FORMAT_MACROS -D__STDC_LIMIT_MACROS -g -fvisibility-inlines-hidden -fno-exceptions -fno-rtti -fPIC -Woverloaded-virtual -Wcast-qual -I/media/Data/Documents/Studies/MyWork/PhD/VMKit/vmkit_stale_ref/lib/vmkit/MMTk -fno-exceptions -Wno-variadic-macros -fno-omit-frame-pointer -fno-strict-aliasing -Wno-deprecated -ansi -fno-rtti -O0 -g -Wl,-R -Wl,'$ORIGIN/../lib' -Wl,-R -Wl,/media/Data/Documents/Studies/MyWork/PhD/VMKit/vmkit_stale_ref/Debug+Asserts/bin -Wl,-export-dynamic -L/media/Data/Documents/Studies/MyWork/PhD/VMKit/vmkit_stale_ref/Debug+Asserts/lib -L/home/koutheir/PhD/VMKit/llvm/Debug+Asserts/lib    -pedantic -Wno-long-long -Wall -W -Wno-unused-parameter -Wwrite-strings    -o /media/Data/Documents/Studies/MyWork/PhD/VMKit/vmkit_stale_ref/Debug+Asserts/bin/vmjc  /media/Data/Documents/Studies/MyWork/PhD/VMKit/vmkit_stale_ref/tools/vmjc/Debug+Asserts/vmjc.o -lJ3 -lClasspath -lJ3 -lJ3Compiler -lVmkit -lVmkitCompiler -lMMTk -lCommonThread \
	-lLLVMBitWriter -lLLVMipo -lLLVMVectorize -lLLVMInstrumentation -lLLVMX86CodeGen -lLLVMX86Desc -lLLVMX86Info -lLLVMX86AsmPrinter -lLLVMX86Utils -lLLVMSelectionDAG -lLLVMAsmPrinter -lLLVMMCParser -lLLVMJIT -lLLVMRuntimeDyld -lLLVMExecutionEngine -lLLVMCodeGen -lLLVMScalarOpts -lLLVMInstCombine -lLLVMTransformUtils -lLLVMipa -lLLVMAnalysis -lLLVMTarget -lLLVMMC -lLLVMObject -lLLVMCore -lLLVMSupport   -lpthread -ldl -lm  -lz
llvm[1]: ======= Finished Linking Debug+Asserts Executable vmjc
make[1]: Leaving directory `/media/Data/Documents/Studies/MyWork/PhD/VMKit/vmkit_stale_ref/tools/vmjc'
make[1]: Entering directory `/media/Data/Documents/Studies/MyWork/PhD/VMKit/vmkit_stale_ref/mmtk'
for dir in magic mmtk-j3 mmtk-alloc java inline; do \
	  (make -C $dir all ) || exit 1; \
	done
make[2]: Entering directory `/media/Data/Documents/Studies/MyWork/PhD/VMKit/vmkit_stale_ref/mmtk/magic'
/home/koutheir/PhD/VMKit/llvm/autoconf/mkinstalldirs /media/Data/Documents/Studies/MyWork/PhD/VMKit/vmkit_stale_ref/mmtk/magic/Debug+Asserts > /dev/null
/bin/date > /media/Data/Documents/Studies/MyWork/PhD/VMKit/vmkit_stale_ref/mmtk/magic/Debug+Asserts/.dir
llvm[2]: Compiling LowerJavaRT.cpp for Debug+Asserts build (PIC)
if  g++ -I/home/koutheir/PhD/VMKit/llvm/include -I/media/Data/Documents/Studies/MyWork/PhD/VMKit/vmkit_stale_ref/include -I/media/Data/Documents/Studies/MyWork/PhD/VMKit/vmkit_stale_ref/mmtk/magic  -D_DEBUG -D_GNU_SOURCE -D__STDC_CONSTANT_MACROS -D__STDC_FORMAT_MACROS -D__STDC_LIMIT_MACROS -g -fvisibility-inlines-hidden -fno-exceptions -fno-rtti -fPIC -Woverloaded-virtual -Wcast-qual -I/media/Data/Documents/Studies/MyWork/PhD/VMKit/vmkit_stale_ref/lib/vmkit/MMTk -fno-exceptions -Wno-variadic-macros -fno-omit-frame-pointer -fno-strict-aliasing -Wno-deprecated -ansi -fno-rtti -O0   -pedantic -Wno-long-long -Wall -W -Wno-unused-parameter -Wwrite-strings   -c -MMD -MP -MF "/media/Data/Documents/Studies/MyWork/PhD/VMKit/vmkit_stale_ref/mmtk/magic/Debug+Asserts/LowerJavaRT.d.tmp" -MT "/media/Data/Documents/Studies/MyWork/PhD/VMKit/vmkit_stale_ref/mmtk/magic/Debug+Asserts/LowerJavaRT.o" -MT "/media/Data/Documents/Studies/MyWork/PhD/VMKit/vmkit_stale_ref/mmtk/magic/Debug+Asserts/LowerJavaRT.d" LowerJavaRT.cpp -o /media/Data/Documents/Studies/MyWork/PhD/VMKit/vmkit_stale_ref/mmtk/magic/Debug+Asserts/LowerJavaRT.o ; \
	        then /bin/mv -f "/media/Data/Documents/Studies/MyWork/PhD/VMKit/vmkit_stale_ref/mmtk/magic/Debug+Asserts/LowerJavaRT.d.tmp" "/media/Data/Documents/Studies/MyWork/PhD/VMKit/vmkit_stale_ref/mmtk/magic/Debug+Asserts/LowerJavaRT.d"; else /bin/rm "/media/Data/Documents/Studies/MyWork/PhD/VMKit/vmkit_stale_ref/mmtk/magic/Debug+Asserts/LowerJavaRT.d.tmp"; exit 1; fi
llvm[2]: Compiling LowerMagic.cpp for Debug+Asserts build (PIC)
if  g++ -I/home/koutheir/PhD/VMKit/llvm/include -I/media/Data/Documents/Studies/MyWork/PhD/VMKit/vmkit_stale_ref/include -I/media/Data/Documents/Studies/MyWork/PhD/VMKit/vmkit_stale_ref/mmtk/magic  -D_DEBUG -D_GNU_SOURCE -D__STDC_CONSTANT_MACROS -D__STDC_FORMAT_MACROS -D__STDC_LIMIT_MACROS -g -fvisibility-inlines-hidden -fno-exceptions -fno-rtti -fPIC -Woverloaded-virtual -Wcast-qual -I/media/Data/Documents/Studies/MyWork/PhD/VMKit/vmkit_stale_ref/lib/vmkit/MMTk -fno-exceptions -Wno-variadic-macros -fno-omit-frame-pointer -fno-strict-aliasing -Wno-deprecated -ansi -fno-rtti -O0   -pedantic -Wno-long-long -Wall -W -Wno-unused-parameter -Wwrite-strings   -c -MMD -MP -MF "/media/Data/Documents/Studies/MyWork/PhD/VMKit/vmkit_stale_ref/mmtk/magic/Debug+Asserts/LowerMagic.d.tmp" -MT "/media/Data/Documents/Studies/MyWork/PhD/VMKit/vmkit_stale_ref/mmtk/magic/Debug+Asserts/LowerMagic.o" -MT "/media/Data/Documents/Studies/MyWork/PhD/VMKit/vmkit_stale_ref/mmtk/magic/Debug+Asserts/LowerMagic.d" LowerMagic.cpp -o /media/Data/Documents/Studies/MyWork/PhD/VMKit/vmkit_stale_ref/mmtk/magic/Debug+Asserts/LowerMagic.o ; \
	        then /bin/mv -f "/media/Data/Documents/Studies/MyWork/PhD/VMKit/vmkit_stale_ref/mmtk/magic/Debug+Asserts/LowerMagic.d.tmp" "/media/Data/Documents/Studies/MyWork/PhD/VMKit/vmkit_stale_ref/mmtk/magic/Debug+Asserts/LowerMagic.d"; else /bin/rm "/media/Data/Documents/Studies/MyWork/PhD/VMKit/vmkit_stale_ref/mmtk/magic/Debug+Asserts/LowerMagic.d.tmp"; exit 1; fi
llvm[2]: Linking Debug+Asserts Loadable Module MMTKMagic.so
g++ -I/home/koutheir/PhD/VMKit/llvm/include -I/media/Data/Documents/Studies/MyWork/PhD/VMKit/vmkit_stale_ref/include -I/media/Data/Documents/Studies/MyWork/PhD/VMKit/vmkit_stale_ref/mmtk/magic  -D_DEBUG -D_GNU_SOURCE -D__STDC_CONSTANT_MACROS -D__STDC_FORMAT_MACROS -D__STDC_LIMIT_MACROS -g -fvisibility-inlines-hidden -fno-exceptions -fno-rtti -fPIC -Woverloaded-virtual -Wcast-qual -I/media/Data/Documents/Studies/MyWork/PhD/VMKit/vmkit_stale_ref/lib/vmkit/MMTk -fno-exceptions -Wno-variadic-macros -fno-omit-frame-pointer -fno-strict-aliasing -Wno-deprecated -ansi -fno-rtti -O0 -g -Wl,-R -Wl,'$ORIGIN' -L/media/Data/Documents/Studies/MyWork/PhD/VMKit/vmkit_stale_ref/Debug+Asserts/lib -L/home/koutheir/PhD/VMKit/llvm/Debug+Asserts/lib    -pedantic -Wno-long-long -Wall -W -Wno-unused-parameter -Wwrite-strings     -shared -o /media/Data/Documents/Studies/MyWork/PhD/VMKit/vmkit_stale_ref/Debug+Asserts/lib/MMTKMagic.so /media/Data/Documents/Studies/MyWork/PhD/VMKit/vmkit_stale_ref/mmtk/magic/Debug+Asserts/LowerJavaRT.o /media/Data/Documents/Studies/MyWork/PhD/VMKit/vmkit_stale_ref/mmtk/magic/Debug+Asserts/LowerMagic.o \
	    -lpthread -ldl -lm  -lz
llvm[2]: Compiling LowerJavaRT.cpp for Debug+Asserts build (bytecode)
if /home/koutheir/PhD/VMKit/llvm/Debug+Asserts/bin/clang++ -I/home/koutheir/PhD/VMKit/llvm/include -I/media/Data/Documents/Studies/MyWork/PhD/VMKit/vmkit_stale_ref/include -I/media/Data/Documents/Studies/MyWork/PhD/VMKit/vmkit_stale_ref/mmtk/magic  -D_DEBUG -D_GNU_SOURCE -D__STDC_CONSTANT_MACROS -D__STDC_FORMAT_MACROS -D__STDC_LIMIT_MACROS -g -fvisibility-inlines-hidden -fno-exceptions -fno-rtti -fPIC -Woverloaded-virtual -Wcast-qual -I/media/Data/Documents/Studies/MyWork/PhD/VMKit/vmkit_stale_ref/lib/vmkit/MMTk -fno-exceptions -Wno-variadic-macros -fno-omit-frame-pointer -fno-strict-aliasing -Wno-deprecated -ansi -fno-rtti -O0   -pedantic -Wno-long-long -Wall -W -Wno-unused-parameter -Wwrite-strings   -MMD -MP -MF "/media/Data/Documents/Studies/MyWork/PhD/VMKit/vmkit_stale_ref/mmtk/magic/Debug+Asserts/LowerJavaRT.bc.d.tmp" -MT "/media/Data/Documents/Studies/MyWork/PhD/VMKit/vmkit_stale_ref/mmtk/magic/Debug+Asserts/LowerJavaRT.ll" -MT "/media/Data/Documents/Studies/MyWork/PhD/VMKit/vmkit_stale_ref/mmtk/magic/Debug+Asserts/LowerJavaRT.bc.d" \
			LowerJavaRT.cpp -o /media/Data/Documents/Studies/MyWork/PhD/VMKit/vmkit_stale_ref/mmtk/magic/Debug+Asserts/LowerJavaRT.ll -S "-emit-llvm" ; \
	        then /bin/mv -f "/media/Data/Documents/Studies/MyWork/PhD/VMKit/vmkit_stale_ref/mmtk/magic/Debug+Asserts/LowerJavaRT.bc.d.tmp" "/media/Data/Documents/Studies/MyWork/PhD/VMKit/vmkit_stale_ref/mmtk/magic/Debug+Asserts/LowerJavaRT.bc.d"; else /bin/rm "/media/Data/Documents/Studies/MyWork/PhD/VMKit/vmkit_stale_ref/mmtk/magic/Debug+Asserts/LowerJavaRT.bc.d.tmp"; exit 1; fi
llvm[2]: Compiling LowerJavaRT.ll to LowerJavaRT.bc for Debug+Asserts build (bytecode)
/home/koutheir/PhD/VMKit/llvm/Debug+Asserts/bin/opt /media/Data/Documents/Studies/MyWork/PhD/VMKit/vmkit_stale_ref/mmtk/magic/Debug+Asserts/LowerJavaRT.ll -std-compile-opts -o /media/Data/Documents/Studies/MyWork/PhD/VMKit/vmkit_stale_ref/mmtk/magic/Debug+Asserts/LowerJavaRT.bc
llvm[2]: Compiling LowerMagic.cpp for Debug+Asserts build (bytecode)
if /home/koutheir/PhD/VMKit/llvm/Debug+Asserts/bin/clang++ -I/home/koutheir/PhD/VMKit/llvm/include -I/media/Data/Documents/Studies/MyWork/PhD/VMKit/vmkit_stale_ref/include -I/media/Data/Documents/Studies/MyWork/PhD/VMKit/vmkit_stale_ref/mmtk/magic  -D_DEBUG -D_GNU_SOURCE -D__STDC_CONSTANT_MACROS -D__STDC_FORMAT_MACROS -D__STDC_LIMIT_MACROS -g -fvisibility-inlines-hidden -fno-exceptions -fno-rtti -fPIC -Woverloaded-virtual -Wcast-qual -I/media/Data/Documents/Studies/MyWork/PhD/VMKit/vmkit_stale_ref/lib/vmkit/MMTk -fno-exceptions -Wno-variadic-macros -fno-omit-frame-pointer -fno-strict-aliasing -Wno-deprecated -ansi -fno-rtti -O0   -pedantic -Wno-long-long -Wall -W -Wno-unused-parameter -Wwrite-strings   -MMD -MP -MF "/media/Data/Documents/Studies/MyWork/PhD/VMKit/vmkit_stale_ref/mmtk/magic/Debug+Asserts/LowerMagic.bc.d.tmp" -MT "/media/Data/Documents/Studies/MyWork/PhD/VMKit/vmkit_stale_ref/mmtk/magic/Debug+Asserts/LowerMagic.ll" -MT "/media/Data/Documents/Studies/MyWork/PhD/VMKit/vmkit_stale_ref/mmtk/magic/Debug+Asserts/LowerMagic.bc.d" \
			LowerMagic.cpp -o /media/Data/Documents/Studies/MyWork/PhD/VMKit/vmkit_stale_ref/mmtk/magic/Debug+Asserts/LowerMagic.ll -S "-emit-llvm" ; \
	        then /bin/mv -f "/media/Data/Documents/Studies/MyWork/PhD/VMKit/vmkit_stale_ref/mmtk/magic/Debug+Asserts/LowerMagic.bc.d.tmp" "/media/Data/Documents/Studies/MyWork/PhD/VMKit/vmkit_stale_ref/mmtk/magic/Debug+Asserts/LowerMagic.bc.d"; else /bin/rm "/media/Data/Documents/Studies/MyWork/PhD/VMKit/vmkit_stale_ref/mmtk/magic/Debug+Asserts/LowerMagic.bc.d.tmp"; exit 1; fi
llvm[2]: Compiling LowerMagic.ll to LowerMagic.bc for Debug+Asserts build (bytecode)
/home/koutheir/PhD/VMKit/llvm/Debug+Asserts/bin/opt /media/Data/Documents/Studies/MyWork/PhD/VMKit/vmkit_stale_ref/mmtk/magic/Debug+Asserts/LowerMagic.ll -std-compile-opts -o /media/Data/Documents/Studies/MyWork/PhD/VMKit/vmkit_stale_ref/mmtk/magic/Debug+Asserts/LowerMagic.bc
llvm[2]: Building Debug+Asserts Bytecode Archive libMMTKMagic.bca
/bin/rm -f /media/Data/Documents/Studies/MyWork/PhD/VMKit/vmkit_stale_ref/Debug+Asserts/lib/libMMTKMagic.bca
/home/koutheir/PhD/VMKit/llvm/Debug+Asserts/bin/llvm-ar rcsf /media/Data/Documents/Studies/MyWork/PhD/VMKit/vmkit_stale_ref/Debug+Asserts/lib/libMMTKMagic.bca /media/Data/Documents/Studies/MyWork/PhD/VMKit/vmkit_stale_ref/mmtk/magic/Debug+Asserts/LowerJavaRT.bc /media/Data/Documents/Studies/MyWork/PhD/VMKit/vmkit_stale_ref/mmtk/magic/Debug+Asserts/LowerMagic.bc
make[2]: Leaving directory `/media/Data/Documents/Studies/MyWork/PhD/VMKit/vmkit_stale_ref/mmtk/magic'
make[2]: Entering directory `/media/Data/Documents/Studies/MyWork/PhD/VMKit/vmkit_stale_ref/mmtk/mmtk-j3'
/home/koutheir/PhD/VMKit/llvm/autoconf/mkinstalldirs /media/Data/Documents/Studies/MyWork/PhD/VMKit/vmkit_stale_ref/mmtk/mmtk-j3/Debug+Asserts > /dev/null
/bin/date > /media/Data/Documents/Studies/MyWork/PhD/VMKit/vmkit_stale_ref/mmtk/mmtk-j3/Debug+Asserts/.dir
llvm[2]: Compiling ActivePlan.cpp for Debug+Asserts build (bytecode)
if /home/koutheir/PhD/VMKit/llvm/Debug+Asserts/bin/clang++ -I/home/koutheir/PhD/VMKit/llvm/include -I/media/Data/Documents/Studies/MyWork/PhD/VMKit/vmkit_stale_ref/include -I/media/Data/Documents/Studies/MyWork/PhD/VMKit/vmkit_stale_ref/mmtk/mmtk-j3  -D_DEBUG -D_GNU_SOURCE -D__STDC_CONSTANT_MACROS -D__STDC_FORMAT_MACROS -D__STDC_LIMIT_MACROS -I/media/Data/Documents/Studies/MyWork/PhD/VMKit/vmkit_stale_ref/mmtk/mmtk-j3/../../lib/j3/VMCore -g -fvisibility-inlines-hidden -fno-exceptions -fno-rtti -fPIC -Woverloaded-virtual -Wcast-qual -I/media/Data/Documents/Studies/MyWork/PhD/VMKit/vmkit_stale_ref/lib/vmkit/MMTk -fno-exceptions -Wno-variadic-macros -fno-omit-frame-pointer -fno-strict-aliasing -Wno-deprecated -ansi -fno-rtti -O0   -pedantic -Wno-long-long -Wall -W -Wno-unused-parameter -Wwrite-strings   -MMD -MP -MF "/media/Data/Documents/Studies/MyWork/PhD/VMKit/vmkit_stale_ref/mmtk/mmtk-j3/Debug+Asserts/ActivePlan.bc.d.tmp" -MT "/media/Data/Documents/Studies/MyWork/PhD/VMKit/vmkit_stale_ref/mmtk/mmtk-j3/Debug+Asserts/ActivePlan.ll" -MT "/media/Data/Documents/Studies/MyWork/PhD/VMKit/vmkit_stale_ref/mmtk/mmtk-j3/Debug+Asserts/ActivePlan.bc.d" \
			ActivePlan.cpp -o /media/Data/Documents/Studies/MyWork/PhD/VMKit/vmkit_stale_ref/mmtk/mmtk-j3/Debug+Asserts/ActivePlan.ll -S "-emit-llvm" ; \
	        then /bin/mv -f "/media/Data/Documents/Studies/MyWork/PhD/VMKit/vmkit_stale_ref/mmtk/mmtk-j3/Debug+Asserts/ActivePlan.bc.d.tmp" "/media/Data/Documents/Studies/MyWork/PhD/VMKit/vmkit_stale_ref/mmtk/mmtk-j3/Debug+Asserts/ActivePlan.bc.d"; else /bin/rm "/media/Data/Documents/Studies/MyWork/PhD/VMKit/vmkit_stale_ref/mmtk/mmtk-j3/Debug+Asserts/ActivePlan.bc.d.tmp"; exit 1; fi
llvm[2]: Compiling ActivePlan.ll to ActivePlan.bc for Debug+Asserts build (bytecode)
/home/koutheir/PhD/VMKit/llvm/Debug+Asserts/bin/opt /media/Data/Documents/Studies/MyWork/PhD/VMKit/vmkit_stale_ref/mmtk/mmtk-j3/Debug+Asserts/ActivePlan.ll -std-compile-opts -o /media/Data/Documents/Studies/MyWork/PhD/VMKit/vmkit_stale_ref/mmtk/mmtk-j3/Debug+Asserts/ActivePlan.bc
llvm[2]: Compiling Assert.cpp for Debug+Asserts build (bytecode)
if /home/koutheir/PhD/VMKit/llvm/Debug+Asserts/bin/clang++ -I/home/koutheir/PhD/VMKit/llvm/include -I/media/Data/Documents/Studies/MyWork/PhD/VMKit/vmkit_stale_ref/include -I/media/Data/Documents/Studies/MyWork/PhD/VMKit/vmkit_stale_ref/mmtk/mmtk-j3  -D_DEBUG -D_GNU_SOURCE -D__STDC_CONSTANT_MACROS -D__STDC_FORMAT_MACROS -D__STDC_LIMIT_MACROS -I/media/Data/Documents/Studies/MyWork/PhD/VMKit/vmkit_stale_ref/mmtk/mmtk-j3/../../lib/j3/VMCore -g -fvisibility-inlines-hidden -fno-exceptions -fno-rtti -fPIC -Woverloaded-virtual -Wcast-qual -I/media/Data/Documents/Studies/MyWork/PhD/VMKit/vmkit_stale_ref/lib/vmkit/MMTk -fno-exceptions -Wno-variadic-macros -fno-omit-frame-pointer -fno-strict-aliasing -Wno-deprecated -ansi -fno-rtti -O0   -pedantic -Wno-long-long -Wall -W -Wno-unused-parameter -Wwrite-strings   -MMD -MP -MF "/media/Data/Documents/Studies/MyWork/PhD/VMKit/vmkit_stale_ref/mmtk/mmtk-j3/Debug+Asserts/Assert.bc.d.tmp" -MT "/media/Data/Documents/Studies/MyWork/PhD/VMKit/vmkit_stale_ref/mmtk/mmtk-j3/Debug+Asserts/Assert.ll" -MT "/media/Data/Documents/Studies/MyWork/PhD/VMKit/vmkit_stale_ref/mmtk/mmtk-j3/Debug+Asserts/Assert.bc.d" \
			Assert.cpp -o /media/Data/Documents/Studies/MyWork/PhD/VMKit/vmkit_stale_ref/mmtk/mmtk-j3/Debug+Asserts/Assert.ll -S "-emit-llvm" ; \
	        then /bin/mv -f "/media/Data/Documents/Studies/MyWork/PhD/VMKit/vmkit_stale_ref/mmtk/mmtk-j3/Debug+Asserts/Assert.bc.d.tmp" "/media/Data/Documents/Studies/MyWork/PhD/VMKit/vmkit_stale_ref/mmtk/mmtk-j3/Debug+Asserts/Assert.bc.d"; else /bin/rm "/media/Data/Documents/Studies/MyWork/PhD/VMKit/vmkit_stale_ref/mmtk/mmtk-j3/Debug+Asserts/Assert.bc.d.tmp"; exit 1; fi
llvm[2]: Compiling Assert.ll to Assert.bc for Debug+Asserts build (bytecode)
/home/koutheir/PhD/VMKit/llvm/Debug+Asserts/bin/opt /media/Data/Documents/Studies/MyWork/PhD/VMKit/vmkit_stale_ref/mmtk/mmtk-j3/Debug+Asserts/Assert.ll -std-compile-opts -o /media/Data/Documents/Studies/MyWork/PhD/VMKit/vmkit_stale_ref/mmtk/mmtk-j3/Debug+Asserts/Assert.bc
llvm[2]: Compiling Collection.cpp for Debug+Asserts build (bytecode)
if /home/koutheir/PhD/VMKit/llvm/Debug+Asserts/bin/clang++ -I/home/koutheir/PhD/VMKit/llvm/include -I/media/Data/Documents/Studies/MyWork/PhD/VMKit/vmkit_stale_ref/include -I/media/Data/Documents/Studies/MyWork/PhD/VMKit/vmkit_stale_ref/mmtk/mmtk-j3  -D_DEBUG -D_GNU_SOURCE -D__STDC_CONSTANT_MACROS -D__STDC_FORMAT_MACROS -D__STDC_LIMIT_MACROS -I/media/Data/Documents/Studies/MyWork/PhD/VMKit/vmkit_stale_ref/mmtk/mmtk-j3/../../lib/j3/VMCore -g -fvisibility-inlines-hidden -fno-exceptions -fno-rtti -fPIC -Woverloaded-virtual -Wcast-qual -I/media/Data/Documents/Studies/MyWork/PhD/VMKit/vmkit_stale_ref/lib/vmkit/MMTk -fno-exceptions -Wno-variadic-macros -fno-omit-frame-pointer -fno-strict-aliasing -Wno-deprecated -ansi -fno-rtti -O0   -pedantic -Wno-long-long -Wall -W -Wno-unused-parameter -Wwrite-strings   -MMD -MP -MF "/media/Data/Documents/Studies/MyWork/PhD/VMKit/vmkit_stale_ref/mmtk/mmtk-j3/Debug+Asserts/Collection.bc.d.tmp" -MT "/media/Data/Documents/Studies/MyWork/PhD/VMKit/vmkit_stale_ref/mmtk/mmtk-j3/Debug+Asserts/Collection.ll" -MT "/media/Data/Documents/Studies/MyWork/PhD/VMKit/vmkit_stale_ref/mmtk/mmtk-j3/Debug+Asserts/Collection.bc.d" \
			Collection.cpp -o /media/Data/Documents/Studies/MyWork/PhD/VMKit/vmkit_stale_ref/mmtk/mmtk-j3/Debug+Asserts/Collection.ll -S "-emit-llvm" ; \
	        then /bin/mv -f "/media/Data/Documents/Studies/MyWork/PhD/VMKit/vmkit_stale_ref/mmtk/mmtk-j3/Debug+Asserts/Collection.bc.d.tmp" "/media/Data/Documents/Studies/MyWork/PhD/VMKit/vmkit_stale_ref/mmtk/mmtk-j3/Debug+Asserts/Collection.bc.d"; else /bin/rm "/media/Data/Documents/Studies/MyWork/PhD/VMKit/vmkit_stale_ref/mmtk/mmtk-j3/Debug+Asserts/Collection.bc.d.tmp"; exit 1; fi
llvm[2]: Compiling Collection.ll to Collection.bc for Debug+Asserts build (bytecode)
/home/koutheir/PhD/VMKit/llvm/Debug+Asserts/bin/opt /media/Data/Documents/Studies/MyWork/PhD/VMKit/vmkit_stale_ref/mmtk/mmtk-j3/Debug+Asserts/Collection.ll -std-compile-opts -o /media/Data/Documents/Studies/MyWork/PhD/VMKit/vmkit_stale_ref/mmtk/mmtk-j3/Debug+Asserts/Collection.bc
llvm[2]: Compiling FinalizableProcessor.cpp for Debug+Asserts build (bytecode)
if /home/koutheir/PhD/VMKit/llvm/Debug+Asserts/bin/clang++ -I/home/koutheir/PhD/VMKit/llvm/include -I/media/Data/Documents/Studies/MyWork/PhD/VMKit/vmkit_stale_ref/include -I/media/Data/Documents/Studies/MyWork/PhD/VMKit/vmkit_stale_ref/mmtk/mmtk-j3  -D_DEBUG -D_GNU_SOURCE -D__STDC_CONSTANT_MACROS -D__STDC_FORMAT_MACROS -D__STDC_LIMIT_MACROS -I/media/Data/Documents/Studies/MyWork/PhD/VMKit/vmkit_stale_ref/mmtk/mmtk-j3/../../lib/j3/VMCore -g -fvisibility-inlines-hidden -fno-exceptions -fno-rtti -fPIC -Woverloaded-virtual -Wcast-qual -I/media/Data/Documents/Studies/MyWork/PhD/VMKit/vmkit_stale_ref/lib/vmkit/MMTk -fno-exceptions -Wno-variadic-macros -fno-omit-frame-pointer -fno-strict-aliasing -Wno-deprecated -ansi -fno-rtti -O0   -pedantic -Wno-long-long -Wall -W -Wno-unused-parameter -Wwrite-strings   -MMD -MP -MF "/media/Data/Documents/Studies/MyWork/PhD/VMKit/vmkit_stale_ref/mmtk/mmtk-j3/Debug+Asserts/FinalizableProcessor.bc.d.tmp" -MT "/media/Data/Documents/Studies/MyWork/PhD/VMKit/vmkit_stale_ref/mmtk/mmtk-j3/Debug+Asserts/FinalizableProcessor.ll" -MT "/media/Data/Documents/Studies/MyWork/PhD/VMKit/vmkit_stale_ref/mmtk/mmtk-j3/Debug+Asserts/FinalizableProcessor.bc.d" \
			FinalizableProcessor.cpp -o /media/Data/Documents/Studies/MyWork/PhD/VMKit/vmkit_stale_ref/mmtk/mmtk-j3/Debug+Asserts/FinalizableProcessor.ll -S "-emit-llvm" ; \
	        then /bin/mv -f "/media/Data/Documents/Studies/MyWork/PhD/VMKit/vmkit_stale_ref/mmtk/mmtk-j3/Debug+Asserts/FinalizableProcessor.bc.d.tmp" "/media/Data/Documents/Studies/MyWork/PhD/VMKit/vmkit_stale_ref/mmtk/mmtk-j3/Debug+Asserts/FinalizableProcessor.bc.d"; else /bin/rm "/media/Data/Documents/Studies/MyWork/PhD/VMKit/vmkit_stale_ref/mmtk/mmtk-j3/Debug+Asserts/FinalizableProcessor.bc.d.tmp"; exit 1; fi
llvm[2]: Compiling FinalizableProcessor.ll to FinalizableProcessor.bc for Debug+Asserts build (bytecode)
/home/koutheir/PhD/VMKit/llvm/Debug+Asserts/bin/opt /media/Data/Documents/Studies/MyWork/PhD/VMKit/vmkit_stale_ref/mmtk/mmtk-j3/Debug+Asserts/FinalizableProcessor.ll -std-compile-opts -o /media/Data/Documents/Studies/MyWork/PhD/VMKit/vmkit_stale_ref/mmtk/mmtk-j3/Debug+Asserts/FinalizableProcessor.bc
llvm[2]: Compiling Lock.cpp for Debug+Asserts build (bytecode)
if /home/koutheir/PhD/VMKit/llvm/Debug+Asserts/bin/clang++ -I/home/koutheir/PhD/VMKit/llvm/include -I/media/Data/Documents/Studies/MyWork/PhD/VMKit/vmkit_stale_ref/include -I/media/Data/Documents/Studies/MyWork/PhD/VMKit/vmkit_stale_ref/mmtk/mmtk-j3  -D_DEBUG -D_GNU_SOURCE -D__STDC_CONSTANT_MACROS -D__STDC_FORMAT_MACROS -D__STDC_LIMIT_MACROS -I/media/Data/Documents/Studies/MyWork/PhD/VMKit/vmkit_stale_ref/mmtk/mmtk-j3/../../lib/j3/VMCore -g -fvisibility-inlines-hidden -fno-exceptions -fno-rtti -fPIC -Woverloaded-virtual -Wcast-qual -I/media/Data/Documents/Studies/MyWork/PhD/VMKit/vmkit_stale_ref/lib/vmkit/MMTk -fno-exceptions -Wno-variadic-macros -fno-omit-frame-pointer -fno-strict-aliasing -Wno-deprecated -ansi -fno-rtti -O0   -pedantic -Wno-long-long -Wall -W -Wno-unused-parameter -Wwrite-strings   -MMD -MP -MF "/media/Data/Documents/Studies/MyWork/PhD/VMKit/vmkit_stale_ref/mmtk/mmtk-j3/Debug+Asserts/Lock.bc.d.tmp" -MT "/media/Data/Documents/Studies/MyWork/PhD/VMKit/vmkit_stale_ref/mmtk/mmtk-j3/Debug+Asserts/Lock.ll" -MT "/media/Data/Documents/Studies/MyWork/PhD/VMKit/vmkit_stale_ref/mmtk/mmtk-j3/Debug+Asserts/Lock.bc.d" \
			Lock.cpp -o /media/Data/Documents/Studies/MyWork/PhD/VMKit/vmkit_stale_ref/mmtk/mmtk-j3/Debug+Asserts/Lock.ll -S "-emit-llvm" ; \
	        then /bin/mv -f "/media/Data/Documents/Studies/MyWork/PhD/VMKit/vmkit_stale_ref/mmtk/mmtk-j3/Debug+Asserts/Lock.bc.d.tmp" "/media/Data/Documents/Studies/MyWork/PhD/VMKit/vmkit_stale_ref/mmtk/mmtk-j3/Debug+Asserts/Lock.bc.d"; else /bin/rm "/media/Data/Documents/Studies/MyWork/PhD/VMKit/vmkit_stale_ref/mmtk/mmtk-j3/Debug+Asserts/Lock.bc.d.tmp"; exit 1; fi
llvm[2]: Compiling Lock.ll to Lock.bc for Debug+Asserts build (bytecode)
/home/koutheir/PhD/VMKit/llvm/Debug+Asserts/bin/opt /media/Data/Documents/Studies/MyWork/PhD/VMKit/vmkit_stale_ref/mmtk/mmtk-j3/Debug+Asserts/Lock.ll -std-compile-opts -o /media/Data/Documents/Studies/MyWork/PhD/VMKit/vmkit_stale_ref/mmtk/mmtk-j3/Debug+Asserts/Lock.bc
llvm[2]: Compiling MMTk_Events.cpp for Debug+Asserts build (bytecode)
if /home/koutheir/PhD/VMKit/llvm/Debug+Asserts/bin/clang++ -I/home/koutheir/PhD/VMKit/llvm/include -I/media/Data/Documents/Studies/MyWork/PhD/VMKit/vmkit_stale_ref/include -I/media/Data/Documents/Studies/MyWork/PhD/VMKit/vmkit_stale_ref/mmtk/mmtk-j3  -D_DEBUG -D_GNU_SOURCE -D__STDC_CONSTANT_MACROS -D__STDC_FORMAT_MACROS -D__STDC_LIMIT_MACROS -I/media/Data/Documents/Studies/MyWork/PhD/VMKit/vmkit_stale_ref/mmtk/mmtk-j3/../../lib/j3/VMCore -g -fvisibility-inlines-hidden -fno-exceptions -fno-rtti -fPIC -Woverloaded-virtual -Wcast-qual -I/media/Data/Documents/Studies/MyWork/PhD/VMKit/vmkit_stale_ref/lib/vmkit/MMTk -fno-exceptions -Wno-variadic-macros -fno-omit-frame-pointer -fno-strict-aliasing -Wno-deprecated -ansi -fno-rtti -O0   -pedantic -Wno-long-long -Wall -W -Wno-unused-parameter -Wwrite-strings   -MMD -MP -MF "/media/Data/Documents/Studies/MyWork/PhD/VMKit/vmkit_stale_ref/mmtk/mmtk-j3/Debug+Asserts/MMTk_Events.bc.d.tmp" -MT "/media/Data/Documents/Studies/MyWork/PhD/VMKit/vmkit_stale_ref/mmtk/mmtk-j3/Debug+Asserts/MMTk_Events.ll" -MT "/media/Data/Documents/Studies/MyWork/PhD/VMKit/vmkit_stale_ref/mmtk/mmtk-j3/Debug+Asserts/MMTk_Events.bc.d" \
			MMTk_Events.cpp -o /media/Data/Documents/Studies/MyWork/PhD/VMKit/vmkit_stale_ref/mmtk/mmtk-j3/Debug+Asserts/MMTk_Events.ll -S "-emit-llvm" ; \
	        then /bin/mv -f "/media/Data/Documents/Studies/MyWork/PhD/VMKit/vmkit_stale_ref/mmtk/mmtk-j3/Debug+Asserts/MMTk_Events.bc.d.tmp" "/media/Data/Documents/Studies/MyWork/PhD/VMKit/vmkit_stale_ref/mmtk/mmtk-j3/Debug+Asserts/MMTk_Events.bc.d"; else /bin/rm "/media/Data/Documents/Studies/MyWork/PhD/VMKit/vmkit_stale_ref/mmtk/mmtk-j3/Debug+Asserts/MMTk_Events.bc.d.tmp"; exit 1; fi
llvm[2]: Compiling MMTk_Events.ll to MMTk_Events.bc for Debug+Asserts build (bytecode)
/home/koutheir/PhD/VMKit/llvm/Debug+Asserts/bin/opt /media/Data/Documents/Studies/MyWork/PhD/VMKit/vmkit_stale_ref/mmtk/mmtk-j3/Debug+Asserts/MMTk_Events.ll -std-compile-opts -o /media/Data/Documents/Studies/MyWork/PhD/VMKit/vmkit_stale_ref/mmtk/mmtk-j3/Debug+Asserts/MMTk_Events.bc
llvm[2]: Compiling Memory.cpp for Debug+Asserts build (bytecode)
if /home/koutheir/PhD/VMKit/llvm/Debug+Asserts/bin/clang++ -I/home/koutheir/PhD/VMKit/llvm/include -I/media/Data/Documents/Studies/MyWork/PhD/VMKit/vmkit_stale_ref/include -I/media/Data/Documents/Studies/MyWork/PhD/VMKit/vmkit_stale_ref/mmtk/mmtk-j3  -D_DEBUG -D_GNU_SOURCE -D__STDC_CONSTANT_MACROS -D__STDC_FORMAT_MACROS -D__STDC_LIMIT_MACROS -I/media/Data/Documents/Studies/MyWork/PhD/VMKit/vmkit_stale_ref/mmtk/mmtk-j3/../../lib/j3/VMCore -g -fvisibility-inlines-hidden -fno-exceptions -fno-rtti -fPIC -Woverloaded-virtual -Wcast-qual -I/media/Data/Documents/Studies/MyWork/PhD/VMKit/vmkit_stale_ref/lib/vmkit/MMTk -fno-exceptions -Wno-variadic-macros -fno-omit-frame-pointer -fno-strict-aliasing -Wno-deprecated -ansi -fno-rtti -O0   -pedantic -Wno-long-long -Wall -W -Wno-unused-parameter -Wwrite-strings   -MMD -MP -MF "/media/Data/Documents/Studies/MyWork/PhD/VMKit/vmkit_stale_ref/mmtk/mmtk-j3/Debug+Asserts/Memory.bc.d.tmp" -MT "/media/Data/Documents/Studies/MyWork/PhD/VMKit/vmkit_stale_ref/mmtk/mmtk-j3/Debug+Asserts/Memory.ll" -MT "/media/Data/Documents/Studies/MyWork/PhD/VMKit/vmkit_stale_ref/mmtk/mmtk-j3/Debug+Asserts/Memory.bc.d" \
			Memory.cpp -o /media/Data/Documents/Studies/MyWork/PhD/VMKit/vmkit_stale_ref/mmtk/mmtk-j3/Debug+Asserts/Memory.ll -S "-emit-llvm" ; \
	        then /bin/mv -f "/media/Data/Documents/Studies/MyWork/PhD/VMKit/vmkit_stale_ref/mmtk/mmtk-j3/Debug+Asserts/Memory.bc.d.tmp" "/media/Data/Documents/Studies/MyWork/PhD/VMKit/vmkit_stale_ref/mmtk/mmtk-j3/Debug+Asserts/Memory.bc.d"; else /bin/rm "/media/Data/Documents/Studies/MyWork/PhD/VMKit/vmkit_stale_ref/mmtk/mmtk-j3/Debug+Asserts/Memory.bc.d.tmp"; exit 1; fi
llvm[2]: Compiling Memory.ll to Memory.bc for Debug+Asserts build (bytecode)
/home/koutheir/PhD/VMKit/llvm/Debug+Asserts/bin/opt /media/Data/Documents/Studies/MyWork/PhD/VMKit/vmkit_stale_ref/mmtk/mmtk-j3/Debug+Asserts/Memory.ll -std-compile-opts -o /media/Data/Documents/Studies/MyWork/PhD/VMKit/vmkit_stale_ref/mmtk/mmtk-j3/Debug+Asserts/Memory.bc
llvm[2]: Compiling ObjectModel.cpp for Debug+Asserts build (bytecode)
if /home/koutheir/PhD/VMKit/llvm/Debug+Asserts/bin/clang++ -I/home/koutheir/PhD/VMKit/llvm/include -I/media/Data/Documents/Studies/MyWork/PhD/VMKit/vmkit_stale_ref/include -I/media/Data/Documents/Studies/MyWork/PhD/VMKit/vmkit_stale_ref/mmtk/mmtk-j3  -D_DEBUG -D_GNU_SOURCE -D__STDC_CONSTANT_MACROS -D__STDC_FORMAT_MACROS -D__STDC_LIMIT_MACROS -I/media/Data/Documents/Studies/MyWork/PhD/VMKit/vmkit_stale_ref/mmtk/mmtk-j3/../../lib/j3/VMCore -g -fvisibility-inlines-hidden -fno-exceptions -fno-rtti -fPIC -Woverloaded-virtual -Wcast-qual -I/media/Data/Documents/Studies/MyWork/PhD/VMKit/vmkit_stale_ref/lib/vmkit/MMTk -fno-exceptions -Wno-variadic-macros -fno-omit-frame-pointer -fno-strict-aliasing -Wno-deprecated -ansi -fno-rtti -O0   -pedantic -Wno-long-long -Wall -W -Wno-unused-parameter -Wwrite-strings   -MMD -MP -MF "/media/Data/Documents/Studies/MyWork/PhD/VMKit/vmkit_stale_ref/mmtk/mmtk-j3/Debug+Asserts/ObjectModel.bc.d.tmp" -MT "/media/Data/Documents/Studies/MyWork/PhD/VMKit/vmkit_stale_ref/mmtk/mmtk-j3/Debug+Asserts/ObjectModel.ll" -MT "/media/Data/Documents/Studies/MyWork/PhD/VMKit/vmkit_stale_ref/mmtk/mmtk-j3/Debug+Asserts/ObjectModel.bc.d" \
			ObjectModel.cpp -o /media/Data/Documents/Studies/MyWork/PhD/VMKit/vmkit_stale_ref/mmtk/mmtk-j3/Debug+Asserts/ObjectModel.ll -S "-emit-llvm" ; \
	        then /bin/mv -f "/media/Data/Documents/Studies/MyWork/PhD/VMKit/vmkit_stale_ref/mmtk/mmtk-j3/Debug+Asserts/ObjectModel.bc.d.tmp" "/media/Data/Documents/Studies/MyWork/PhD/VMKit/vmkit_stale_ref/mmtk/mmtk-j3/Debug+Asserts/ObjectModel.bc.d"; else /bin/rm "/media/Data/Documents/Studies/MyWork/PhD/VMKit/vmkit_stale_ref/mmtk/mmtk-j3/Debug+Asserts/ObjectModel.bc.d.tmp"; exit 1; fi
llvm[2]: Compiling ObjectModel.ll to ObjectModel.bc for Debug+Asserts build (bytecode)
/home/koutheir/PhD/VMKit/llvm/Debug+Asserts/bin/opt /media/Data/Documents/Studies/MyWork/PhD/VMKit/vmkit_stale_ref/mmtk/mmtk-j3/Debug+Asserts/ObjectModel.ll -std-compile-opts -o /media/Data/Documents/Studies/MyWork/PhD/VMKit/vmkit_stale_ref/mmtk/mmtk-j3/Debug+Asserts/ObjectModel.bc
llvm[2]: Compiling ReferenceProcessor.cpp for Debug+Asserts build (bytecode)
if /home/koutheir/PhD/VMKit/llvm/Debug+Asserts/bin/clang++ -I/home/koutheir/PhD/VMKit/llvm/include -I/media/Data/Documents/Studies/MyWork/PhD/VMKit/vmkit_stale_ref/include -I/media/Data/Documents/Studies/MyWork/PhD/VMKit/vmkit_stale_ref/mmtk/mmtk-j3  -D_DEBUG -D_GNU_SOURCE -D__STDC_CONSTANT_MACROS -D__STDC_FORMAT_MACROS -D__STDC_LIMIT_MACROS -I/media/Data/Documents/Studies/MyWork/PhD/VMKit/vmkit_stale_ref/mmtk/mmtk-j3/../../lib/j3/VMCore -g -fvisibility-inlines-hidden -fno-exceptions -fno-rtti -fPIC -Woverloaded-virtual -Wcast-qual -I/media/Data/Documents/Studies/MyWork/PhD/VMKit/vmkit_stale_ref/lib/vmkit/MMTk -fno-exceptions -Wno-variadic-macros -fno-omit-frame-pointer -fno-strict-aliasing -Wno-deprecated -ansi -fno-rtti -O0   -pedantic -Wno-long-long -Wall -W -Wno-unused-parameter -Wwrite-strings   -MMD -MP -MF "/media/Data/Documents/Studies/MyWork/PhD/VMKit/vmkit_stale_ref/mmtk/mmtk-j3/Debug+Asserts/ReferenceProcessor.bc.d.tmp" -MT "/media/Data/Documents/Studies/MyWork/PhD/VMKit/vmkit_stale_ref/mmtk/mmtk-j3/Debug+Asserts/ReferenceProcessor.ll" -MT "/media/Data/Documents/Studies/MyWork/PhD/VMKit/vmkit_stale_ref/mmtk/mmtk-j3/Debug+Asserts/ReferenceProcessor.bc.d" \
			ReferenceProcessor.cpp -o /media/Data/Documents/Studies/MyWork/PhD/VMKit/vmkit_stale_ref/mmtk/mmtk-j3/Debug+Asserts/ReferenceProcessor.ll -S "-emit-llvm" ; \
	        then /bin/mv -f "/media/Data/Documents/Studies/MyWork/PhD/VMKit/vmkit_stale_ref/mmtk/mmtk-j3/Debug+Asserts/ReferenceProcessor.bc.d.tmp" "/media/Data/Documents/Studies/MyWork/PhD/VMKit/vmkit_stale_ref/mmtk/mmtk-j3/Debug+Asserts/ReferenceProcessor.bc.d"; else /bin/rm "/media/Data/Documents/Studies/MyWork/PhD/VMKit/vmkit_stale_ref/mmtk/mmtk-j3/Debug+Asserts/ReferenceProcessor.bc.d.tmp"; exit 1; fi
llvm[2]: Compiling ReferenceProcessor.ll to ReferenceProcessor.bc for Debug+Asserts build (bytecode)
/home/koutheir/PhD/VMKit/llvm/Debug+Asserts/bin/opt /media/Data/Documents/Studies/MyWork/PhD/VMKit/vmkit_stale_ref/mmtk/mmtk-j3/Debug+Asserts/ReferenceProcessor.ll -std-compile-opts -o /media/Data/Documents/Studies/MyWork/PhD/VMKit/vmkit_stale_ref/mmtk/mmtk-j3/Debug+Asserts/ReferenceProcessor.bc
llvm[2]: Compiling RuntimeHelpers.cpp for Debug+Asserts build (bytecode)
if /home/koutheir/PhD/VMKit/llvm/Debug+Asserts/bin/clang++ -I/home/koutheir/PhD/VMKit/llvm/include -I/media/Data/Documents/Studies/MyWork/PhD/VMKit/vmkit_stale_ref/include -I/media/Data/Documents/Studies/MyWork/PhD/VMKit/vmkit_stale_ref/mmtk/mmtk-j3  -D_DEBUG -D_GNU_SOURCE -D__STDC_CONSTANT_MACROS -D__STDC_FORMAT_MACROS -D__STDC_LIMIT_MACROS -I/media/Data/Documents/Studies/MyWork/PhD/VMKit/vmkit_stale_ref/mmtk/mmtk-j3/../../lib/j3/VMCore -g -fvisibility-inlines-hidden -fno-exceptions -fno-rtti -fPIC -Woverloaded-virtual -Wcast-qual -I/media/Data/Documents/Studies/MyWork/PhD/VMKit/vmkit_stale_ref/lib/vmkit/MMTk -fno-exceptions -Wno-variadic-macros -fno-omit-frame-pointer -fno-strict-aliasing -Wno-deprecated -ansi -fno-rtti -O0   -pedantic -Wno-long-long -Wall -W -Wno-unused-parameter -Wwrite-strings   -MMD -MP -MF "/media/Data/Documents/Studies/MyWork/PhD/VMKit/vmkit_stale_ref/mmtk/mmtk-j3/Debug+Asserts/RuntimeHelpers.bc.d.tmp" -MT "/media/Data/Documents/Studies/MyWork/PhD/VMKit/vmkit_stale_ref/mmtk/mmtk-j3/Debug+Asserts/RuntimeHelpers.ll" -MT "/media/Data/Documents/Studies/MyWork/PhD/VMKit/vmkit_stale_ref/mmtk/mmtk-j3/Debug+Asserts/RuntimeHelpers.bc.d" \
			RuntimeHelpers.cpp -o /media/Data/Documents/Studies/MyWork/PhD/VMKit/vmkit_stale_ref/mmtk/mmtk-j3/Debug+Asserts/RuntimeHelpers.ll -S "-emit-llvm" ; \
	        then /bin/mv -f "/media/Data/Documents/Studies/MyWork/PhD/VMKit/vmkit_stale_ref/mmtk/mmtk-j3/Debug+Asserts/RuntimeHelpers.bc.d.tmp" "/media/Data/Documents/Studies/MyWork/PhD/VMKit/vmkit_stale_ref/mmtk/mmtk-j3/Debug+Asserts/RuntimeHelpers.bc.d"; else /bin/rm "/media/Data/Documents/Studies/MyWork/PhD/VMKit/vmkit_stale_ref/mmtk/mmtk-j3/Debug+Asserts/RuntimeHelpers.bc.d.tmp"; exit 1; fi
llvm[2]: Compiling RuntimeHelpers.ll to RuntimeHelpers.bc for Debug+Asserts build (bytecode)
/home/koutheir/PhD/VMKit/llvm/Debug+Asserts/bin/opt /media/Data/Documents/Studies/MyWork/PhD/VMKit/vmkit_stale_ref/mmtk/mmtk-j3/Debug+Asserts/RuntimeHelpers.ll -std-compile-opts -o /media/Data/Documents/Studies/MyWork/PhD/VMKit/vmkit_stale_ref/mmtk/mmtk-j3/Debug+Asserts/RuntimeHelpers.bc
llvm[2]: Compiling Scanning.cpp for Debug+Asserts build (bytecode)
if /home/koutheir/PhD/VMKit/llvm/Debug+Asserts/bin/clang++ -I/home/koutheir/PhD/VMKit/llvm/include -I/media/Data/Documents/Studies/MyWork/PhD/VMKit/vmkit_stale_ref/include -I/media/Data/Documents/Studies/MyWork/PhD/VMKit/vmkit_stale_ref/mmtk/mmtk-j3  -D_DEBUG -D_GNU_SOURCE -D__STDC_CONSTANT_MACROS -D__STDC_FORMAT_MACROS -D__STDC_LIMIT_MACROS -I/media/Data/Documents/Studies/MyWork/PhD/VMKit/vmkit_stale_ref/mmtk/mmtk-j3/../../lib/j3/VMCore -g -fvisibility-inlines-hidden -fno-exceptions -fno-rtti -fPIC -Woverloaded-virtual -Wcast-qual -I/media/Data/Documents/Studies/MyWork/PhD/VMKit/vmkit_stale_ref/lib/vmkit/MMTk -fno-exceptions -Wno-variadic-macros -fno-omit-frame-pointer -fno-strict-aliasing -Wno-deprecated -ansi -fno-rtti -O0   -pedantic -Wno-long-long -Wall -W -Wno-unused-parameter -Wwrite-strings   -MMD -MP -MF "/media/Data/Documents/Studies/MyWork/PhD/VMKit/vmkit_stale_ref/mmtk/mmtk-j3/Debug+Asserts/Scanning.bc.d.tmp" -MT "/media/Data/Documents/Studies/MyWork/PhD/VMKit/vmkit_stale_ref/mmtk/mmtk-j3/Debug+Asserts/Scanning.ll" -MT "/media/Data/Documents/Studies/MyWork/PhD/VMKit/vmkit_stale_ref/mmtk/mmtk-j3/Debug+Asserts/Scanning.bc.d" \
			Scanning.cpp -o /media/Data/Documents/Studies/MyWork/PhD/VMKit/vmkit_stale_ref/mmtk/mmtk-j3/Debug+Asserts/Scanning.ll -S "-emit-llvm" ; \
	        then /bin/mv -f "/media/Data/Documents/Studies/MyWork/PhD/VMKit/vmkit_stale_ref/mmtk/mmtk-j3/Debug+Asserts/Scanning.bc.d.tmp" "/media/Data/Documents/Studies/MyWork/PhD/VMKit/vmkit_stale_ref/mmtk/mmtk-j3/Debug+Asserts/Scanning.bc.d"; else /bin/rm "/media/Data/Documents/Studies/MyWork/PhD/VMKit/vmkit_stale_ref/mmtk/mmtk-j3/Debug+Asserts/Scanning.bc.d.tmp"; exit 1; fi
llvm[2]: Compiling Scanning.ll to Scanning.bc for Debug+Asserts build (bytecode)
/home/koutheir/PhD/VMKit/llvm/Debug+Asserts/bin/opt /media/Data/Documents/Studies/MyWork/PhD/VMKit/vmkit_stale_ref/mmtk/mmtk-j3/Debug+Asserts/Scanning.ll -std-compile-opts -o /media/Data/Documents/Studies/MyWork/PhD/VMKit/vmkit_stale_ref/mmtk/mmtk-j3/Debug+Asserts/Scanning.bc
llvm[2]: Compiling Selected.cpp for Debug+Asserts build (bytecode)
if /home/koutheir/PhD/VMKit/llvm/Debug+Asserts/bin/clang++ -I/home/koutheir/PhD/VMKit/llvm/include -I/media/Data/Documents/Studies/MyWork/PhD/VMKit/vmkit_stale_ref/include -I/media/Data/Documents/Studies/MyWork/PhD/VMKit/vmkit_stale_ref/mmtk/mmtk-j3  -D_DEBUG -D_GNU_SOURCE -D__STDC_CONSTANT_MACROS -D__STDC_FORMAT_MACROS -D__STDC_LIMIT_MACROS -I/media/Data/Documents/Studies/MyWork/PhD/VMKit/vmkit_stale_ref/mmtk/mmtk-j3/../../lib/j3/VMCore -g -fvisibility-inlines-hidden -fno-exceptions -fno-rtti -fPIC -Woverloaded-virtual -Wcast-qual -I/media/Data/Documents/Studies/MyWork/PhD/VMKit/vmkit_stale_ref/lib/vmkit/MMTk -fno-exceptions -Wno-variadic-macros -fno-omit-frame-pointer -fno-strict-aliasing -Wno-deprecated -ansi -fno-rtti -O0   -pedantic -Wno-long-long -Wall -W -Wno-unused-parameter -Wwrite-strings   -MMD -MP -MF "/media/Data/Documents/Studies/MyWork/PhD/VMKit/vmkit_stale_ref/mmtk/mmtk-j3/Debug+Asserts/Selected.bc.d.tmp" -MT "/media/Data/Documents/Studies/MyWork/PhD/VMKit/vmkit_stale_ref/mmtk/mmtk-j3/Debug+Asserts/Selected.ll" -MT "/media/Data/Documents/Studies/MyWork/PhD/VMKit/vmkit_stale_ref/mmtk/mmtk-j3/Debug+Asserts/Selected.bc.d" \
			Selected.cpp -o /media/Data/Documents/Studies/MyWork/PhD/VMKit/vmkit_stale_ref/mmtk/mmtk-j3/Debug+Asserts/Selected.ll -S "-emit-llvm" ; \
	        then /bin/mv -f "/media/Data/Documents/Studies/MyWork/PhD/VMKit/vmkit_stale_ref/mmtk/mmtk-j3/Debug+Asserts/Selected.bc.d.tmp" "/media/Data/Documents/Studies/MyWork/PhD/VMKit/vmkit_stale_ref/mmtk/mmtk-j3/Debug+Asserts/Selected.bc.d"; else /bin/rm "/media/Data/Documents/Studies/MyWork/PhD/VMKit/vmkit_stale_ref/mmtk/mmtk-j3/Debug+Asserts/Selected.bc.d.tmp"; exit 1; fi
llvm[2]: Compiling Selected.ll to Selected.bc for Debug+Asserts build (bytecode)
/home/koutheir/PhD/VMKit/llvm/Debug+Asserts/bin/opt /media/Data/Documents/Studies/MyWork/PhD/VMKit/vmkit_stale_ref/mmtk/mmtk-j3/Debug+Asserts/Selected.ll -std-compile-opts -o /media/Data/Documents/Studies/MyWork/PhD/VMKit/vmkit_stale_ref/mmtk/mmtk-j3/Debug+Asserts/Selected.bc
llvm[2]: Compiling Statistics.cpp for Debug+Asserts build (bytecode)
if /home/koutheir/PhD/VMKit/llvm/Debug+Asserts/bin/clang++ -I/home/koutheir/PhD/VMKit/llvm/include -I/media/Data/Documents/Studies/MyWork/PhD/VMKit/vmkit_stale_ref/include -I/media/Data/Documents/Studies/MyWork/PhD/VMKit/vmkit_stale_ref/mmtk/mmtk-j3  -D_DEBUG -D_GNU_SOURCE -D__STDC_CONSTANT_MACROS -D__STDC_FORMAT_MACROS -D__STDC_LIMIT_MACROS -I/media/Data/Documents/Studies/MyWork/PhD/VMKit/vmkit_stale_ref/mmtk/mmtk-j3/../../lib/j3/VMCore -g -fvisibility-inlines-hidden -fno-exceptions -fno-rtti -fPIC -Woverloaded-virtual -Wcast-qual -I/media/Data/Documents/Studies/MyWork/PhD/VMKit/vmkit_stale_ref/lib/vmkit/MMTk -fno-exceptions -Wno-variadic-macros -fno-omit-frame-pointer -fno-strict-aliasing -Wno-deprecated -ansi -fno-rtti -O0   -pedantic -Wno-long-long -Wall -W -Wno-unused-parameter -Wwrite-strings   -MMD -MP -MF "/media/Data/Documents/Studies/MyWork/PhD/VMKit/vmkit_stale_ref/mmtk/mmtk-j3/Debug+Asserts/Statistics.bc.d.tmp" -MT "/media/Data/Documents/Studies/MyWork/PhD/VMKit/vmkit_stale_ref/mmtk/mmtk-j3/Debug+Asserts/Statistics.ll" -MT "/media/Data/Documents/Studies/MyWork/PhD/VMKit/vmkit_stale_ref/mmtk/mmtk-j3/Debug+Asserts/Statistics.bc.d" \
			Statistics.cpp -o /media/Data/Documents/Studies/MyWork/PhD/VMKit/vmkit_stale_ref/mmtk/mmtk-j3/Debug+Asserts/Statistics.ll -S "-emit-llvm" ; \
	        then /bin/mv -f "/media/Data/Documents/Studies/MyWork/PhD/VMKit/vmkit_stale_ref/mmtk/mmtk-j3/Debug+Asserts/Statistics.bc.d.tmp" "/media/Data/Documents/Studies/MyWork/PhD/VMKit/vmkit_stale_ref/mmtk/mmtk-j3/Debug+Asserts/Statistics.bc.d"; else /bin/rm "/media/Data/Documents/Studies/MyWork/PhD/VMKit/vmkit_stale_ref/mmtk/mmtk-j3/Debug+Asserts/Statistics.bc.d.tmp"; exit 1; fi
llvm[2]: Compiling Statistics.ll to Statistics.bc for Debug+Asserts build (bytecode)
/home/koutheir/PhD/VMKit/llvm/Debug+Asserts/bin/opt /media/Data/Documents/Studies/MyWork/PhD/VMKit/vmkit_stale_ref/mmtk/mmtk-j3/Debug+Asserts/Statistics.ll -std-compile-opts -o /media/Data/Documents/Studies/MyWork/PhD/VMKit/vmkit_stale_ref/mmtk/mmtk-j3/Debug+Asserts/Statistics.bc
llvm[2]: Compiling Strings.cpp for Debug+Asserts build (bytecode)
if /home/koutheir/PhD/VMKit/llvm/Debug+Asserts/bin/clang++ -I/home/koutheir/PhD/VMKit/llvm/include -I/media/Data/Documents/Studies/MyWork/PhD/VMKit/vmkit_stale_ref/include -I/media/Data/Documents/Studies/MyWork/PhD/VMKit/vmkit_stale_ref/mmtk/mmtk-j3  -D_DEBUG -D_GNU_SOURCE -D__STDC_CONSTANT_MACROS -D__STDC_FORMAT_MACROS -D__STDC_LIMIT_MACROS -I/media/Data/Documents/Studies/MyWork/PhD/VMKit/vmkit_stale_ref/mmtk/mmtk-j3/../../lib/j3/VMCore -g -fvisibility-inlines-hidden -fno-exceptions -fno-rtti -fPIC -Woverloaded-virtual -Wcast-qual -I/media/Data/Documents/Studies/MyWork/PhD/VMKit/vmkit_stale_ref/lib/vmkit/MMTk -fno-exceptions -Wno-variadic-macros -fno-omit-frame-pointer -fno-strict-aliasing -Wno-deprecated -ansi -fno-rtti -O0   -pedantic -Wno-long-long -Wall -W -Wno-unused-parameter -Wwrite-strings   -MMD -MP -MF "/media/Data/Documents/Studies/MyWork/PhD/VMKit/vmkit_stale_ref/mmtk/mmtk-j3/Debug+Asserts/Strings.bc.d.tmp" -MT "/media/Data/Documents/Studies/MyWork/PhD/VMKit/vmkit_stale_ref/mmtk/mmtk-j3/Debug+Asserts/Strings.ll" -MT "/media/Data/Documents/Studies/MyWork/PhD/VMKit/vmkit_stale_ref/mmtk/mmtk-j3/Debug+Asserts/Strings.bc.d" \
			Strings.cpp -o /media/Data/Documents/Studies/MyWork/PhD/VMKit/vmkit_stale_ref/mmtk/mmtk-j3/Debug+Asserts/Strings.ll -S "-emit-llvm" ; \
	        then /bin/mv -f "/media/Data/Documents/Studies/MyWork/PhD/VMKit/vmkit_stale_ref/mmtk/mmtk-j3/Debug+Asserts/Strings.bc.d.tmp" "/media/Data/Documents/Studies/MyWork/PhD/VMKit/vmkit_stale_ref/mmtk/mmtk-j3/Debug+Asserts/Strings.bc.d"; else /bin/rm "/media/Data/Documents/Studies/MyWork/PhD/VMKit/vmkit_stale_ref/mmtk/mmtk-j3/Debug+Asserts/Strings.bc.d.tmp"; exit 1; fi
llvm[2]: Compiling Strings.ll to Strings.bc for Debug+Asserts build (bytecode)
/home/koutheir/PhD/VMKit/llvm/Debug+Asserts/bin/opt /media/Data/Documents/Studies/MyWork/PhD/VMKit/vmkit_stale_ref/mmtk/mmtk-j3/Debug+Asserts/Strings.ll -std-compile-opts -o /media/Data/Documents/Studies/MyWork/PhD/VMKit/vmkit_stale_ref/mmtk/mmtk-j3/Debug+Asserts/Strings.bc
llvm[2]: Compiling SynchronizedCounter.cpp for Debug+Asserts build (bytecode)
if /home/koutheir/PhD/VMKit/llvm/Debug+Asserts/bin/clang++ -I/home/koutheir/PhD/VMKit/llvm/include -I/media/Data/Documents/Studies/MyWork/PhD/VMKit/vmkit_stale_ref/include -I/media/Data/Documents/Studies/MyWork/PhD/VMKit/vmkit_stale_ref/mmtk/mmtk-j3  -D_DEBUG -D_GNU_SOURCE -D__STDC_CONSTANT_MACROS -D__STDC_FORMAT_MACROS -D__STDC_LIMIT_MACROS -I/media/Data/Documents/Studies/MyWork/PhD/VMKit/vmkit_stale_ref/mmtk/mmtk-j3/../../lib/j3/VMCore -g -fvisibility-inlines-hidden -fno-exceptions -fno-rtti -fPIC -Woverloaded-virtual -Wcast-qual -I/media/Data/Documents/Studies/MyWork/PhD/VMKit/vmkit_stale_ref/lib/vmkit/MMTk -fno-exceptions -Wno-variadic-macros -fno-omit-frame-pointer -fno-strict-aliasing -Wno-deprecated -ansi -fno-rtti -O0   -pedantic -Wno-long-long -Wall -W -Wno-unused-parameter -Wwrite-strings   -MMD -MP -MF "/media/Data/Documents/Studies/MyWork/PhD/VMKit/vmkit_stale_ref/mmtk/mmtk-j3/Debug+Asserts/SynchronizedCounter.bc.d.tmp" -MT "/media/Data/Documents/Studies/MyWork/PhD/VMKit/vmkit_stale_ref/mmtk/mmtk-j3/Debug+Asserts/SynchronizedCounter.ll" -MT "/media/Data/Documents/Studies/MyWork/PhD/VMKit/vmkit_stale_ref/mmtk/mmtk-j3/Debug+Asserts/SynchronizedCounter.bc.d" \
			SynchronizedCounter.cpp -o /media/Data/Documents/Studies/MyWork/PhD/VMKit/vmkit_stale_ref/mmtk/mmtk-j3/Debug+Asserts/SynchronizedCounter.ll -S "-emit-llvm" ; \
	        then /bin/mv -f "/media/Data/Documents/Studies/MyWork/PhD/VMKit/vmkit_stale_ref/mmtk/mmtk-j3/Debug+Asserts/SynchronizedCounter.bc.d.tmp" "/media/Data/Documents/Studies/MyWork/PhD/VMKit/vmkit_stale_ref/mmtk/mmtk-j3/Debug+Asserts/SynchronizedCounter.bc.d"; else /bin/rm "/media/Data/Documents/Studies/MyWork/PhD/VMKit/vmkit_stale_ref/mmtk/mmtk-j3/Debug+Asserts/SynchronizedCounter.bc.d.tmp"; exit 1; fi
llvm[2]: Compiling SynchronizedCounter.ll to SynchronizedCounter.bc for Debug+Asserts build (bytecode)
/home/koutheir/PhD/VMKit/llvm/Debug+Asserts/bin/opt /media/Data/Documents/Studies/MyWork/PhD/VMKit/vmkit_stale_ref/mmtk/mmtk-j3/Debug+Asserts/SynchronizedCounter.ll -std-compile-opts -o /media/Data/Documents/Studies/MyWork/PhD/VMKit/vmkit_stale_ref/mmtk/mmtk-j3/Debug+Asserts/SynchronizedCounter.bc
llvm[2]: Compiling TraceInterface.cpp for Debug+Asserts build (bytecode)
if /home/koutheir/PhD/VMKit/llvm/Debug+Asserts/bin/clang++ -I/home/koutheir/PhD/VMKit/llvm/include -I/media/Data/Documents/Studies/MyWork/PhD/VMKit/vmkit_stale_ref/include -I/media/Data/Documents/Studies/MyWork/PhD/VMKit/vmkit_stale_ref/mmtk/mmtk-j3  -D_DEBUG -D_GNU_SOURCE -D__STDC_CONSTANT_MACROS -D__STDC_FORMAT_MACROS -D__STDC_LIMIT_MACROS -I/media/Data/Documents/Studies/MyWork/PhD/VMKit/vmkit_stale_ref/mmtk/mmtk-j3/../../lib/j3/VMCore -g -fvisibility-inlines-hidden -fno-exceptions -fno-rtti -fPIC -Woverloaded-virtual -Wcast-qual -I/media/Data/Documents/Studies/MyWork/PhD/VMKit/vmkit_stale_ref/lib/vmkit/MMTk -fno-exceptions -Wno-variadic-macros -fno-omit-frame-pointer -fno-strict-aliasing -Wno-deprecated -ansi -fno-rtti -O0   -pedantic -Wno-long-long -Wall -W -Wno-unused-parameter -Wwrite-strings   -MMD -MP -MF "/media/Data/Documents/Studies/MyWork/PhD/VMKit/vmkit_stale_ref/mmtk/mmtk-j3/Debug+Asserts/TraceInterface.bc.d.tmp" -MT "/media/Data/Documents/Studies/MyWork/PhD/VMKit/vmkit_stale_ref/mmtk/mmtk-j3/Debug+Asserts/TraceInterface.ll" -MT "/media/Data/Documents/Studies/MyWork/PhD/VMKit/vmkit_stale_ref/mmtk/mmtk-j3/Debug+Asserts/TraceInterface.bc.d" \
			TraceInterface.cpp -o /media/Data/Documents/Studies/MyWork/PhD/VMKit/vmkit_stale_ref/mmtk/mmtk-j3/Debug+Asserts/TraceInterface.ll -S "-emit-llvm" ; \
	        then /bin/mv -f "/media/Data/Documents/Studies/MyWork/PhD/VMKit/vmkit_stale_ref/mmtk/mmtk-j3/Debug+Asserts/TraceInterface.bc.d.tmp" "/media/Data/Documents/Studies/MyWork/PhD/VMKit/vmkit_stale_ref/mmtk/mmtk-j3/Debug+Asserts/TraceInterface.bc.d"; else /bin/rm "/media/Data/Documents/Studies/MyWork/PhD/VMKit/vmkit_stale_ref/mmtk/mmtk-j3/Debug+Asserts/TraceInterface.bc.d.tmp"; exit 1; fi
llvm[2]: Compiling TraceInterface.ll to TraceInterface.bc for Debug+Asserts build (bytecode)
/home/koutheir/PhD/VMKit/llvm/Debug+Asserts/bin/opt /media/Data/Documents/Studies/MyWork/PhD/VMKit/vmkit_stale_ref/mmtk/mmtk-j3/Debug+Asserts/TraceInterface.ll -std-compile-opts -o /media/Data/Documents/Studies/MyWork/PhD/VMKit/vmkit_stale_ref/mmtk/mmtk-j3/Debug+Asserts/TraceInterface.bc
llvm[2]: Compiling VM.cpp for Debug+Asserts build (bytecode)
if /home/koutheir/PhD/VMKit/llvm/Debug+Asserts/bin/clang++ -I/home/koutheir/PhD/VMKit/llvm/include -I/media/Data/Documents/Studies/MyWork/PhD/VMKit/vmkit_stale_ref/include -I/media/Data/Documents/Studies/MyWork/PhD/VMKit/vmkit_stale_ref/mmtk/mmtk-j3  -D_DEBUG -D_GNU_SOURCE -D__STDC_CONSTANT_MACROS -D__STDC_FORMAT_MACROS -D__STDC_LIMIT_MACROS -I/media/Data/Documents/Studies/MyWork/PhD/VMKit/vmkit_stale_ref/mmtk/mmtk-j3/../../lib/j3/VMCore -g -fvisibility-inlines-hidden -fno-exceptions -fno-rtti -fPIC -Woverloaded-virtual -Wcast-qual -I/media/Data/Documents/Studies/MyWork/PhD/VMKit/vmkit_stale_ref/lib/vmkit/MMTk -fno-exceptions -Wno-variadic-macros -fno-omit-frame-pointer -fno-strict-aliasing -Wno-deprecated -ansi -fno-rtti -O0   -pedantic -Wno-long-long -Wall -W -Wno-unused-parameter -Wwrite-strings   -MMD -MP -MF "/media/Data/Documents/Studies/MyWork/PhD/VMKit/vmkit_stale_ref/mmtk/mmtk-j3/Debug+Asserts/VM.bc.d.tmp" -MT "/media/Data/Documents/Studies/MyWork/PhD/VMKit/vmkit_stale_ref/mmtk/mmtk-j3/Debug+Asserts/VM.ll" -MT "/media/Data/Documents/Studies/MyWork/PhD/VMKit/vmkit_stale_ref/mmtk/mmtk-j3/Debug+Asserts/VM.bc.d" \
			VM.cpp -o /media/Data/Documents/Studies/MyWork/PhD/VMKit/vmkit_stale_ref/mmtk/mmtk-j3/Debug+Asserts/VM.ll -S "-emit-llvm" ; \
	        then /bin/mv -f "/media/Data/Documents/Studies/MyWork/PhD/VMKit/vmkit_stale_ref/mmtk/mmtk-j3/Debug+Asserts/VM.bc.d.tmp" "/media/Data/Documents/Studies/MyWork/PhD/VMKit/vmkit_stale_ref/mmtk/mmtk-j3/Debug+Asserts/VM.bc.d"; else /bin/rm "/media/Data/Documents/Studies/MyWork/PhD/VMKit/vmkit_stale_ref/mmtk/mmtk-j3/Debug+Asserts/VM.bc.d.tmp"; exit 1; fi
llvm[2]: Compiling VM.ll to VM.bc for Debug+Asserts build (bytecode)
/home/koutheir/PhD/VMKit/llvm/Debug+Asserts/bin/opt /media/Data/Documents/Studies/MyWork/PhD/VMKit/vmkit_stale_ref/mmtk/mmtk-j3/Debug+Asserts/VM.ll -std-compile-opts -o /media/Data/Documents/Studies/MyWork/PhD/VMKit/vmkit_stale_ref/mmtk/mmtk-j3/Debug+Asserts/VM.bc
llvm[2]: Building Debug+Asserts Bytecode Module MMTKRuntime.bc
/home/koutheir/PhD/VMKit/llvm/Debug+Asserts/bin/llvm-link -o /media/Data/Documents/Studies/MyWork/PhD/VMKit/vmkit_stale_ref/Debug+Asserts/lib/MMTKRuntime.bc /media/Data/Documents/Studies/MyWork/PhD/VMKit/vmkit_stale_ref/mmtk/mmtk-j3/Debug+Asserts/ActivePlan.bc /media/Data/Documents/Studies/MyWork/PhD/VMKit/vmkit_stale_ref/mmtk/mmtk-j3/Debug+Asserts/Assert.bc /media/Data/Documents/Studies/MyWork/PhD/VMKit/vmkit_stale_ref/mmtk/mmtk-j3/Debug+Asserts/Collection.bc /media/Data/Documents/Studies/MyWork/PhD/VMKit/vmkit_stale_ref/mmtk/mmtk-j3/Debug+Asserts/FinalizableProcessor.bc /media/Data/Documents/Studies/MyWork/PhD/VMKit/vmkit_stale_ref/mmtk/mmtk-j3/Debug+Asserts/Lock.bc /media/Data/Documents/Studies/MyWork/PhD/VMKit/vmkit_stale_ref/mmtk/mmtk-j3/Debug+Asserts/MMTk_Events.bc /media/Data/Documents/Studies/MyWork/PhD/VMKit/vmkit_stale_ref/mmtk/mmtk-j3/Debug+Asserts/Memory.bc /media/Data/Documents/Studies/MyWork/PhD/VMKit/vmkit_stale_ref/mmtk/mmtk-j3/Debug+Asserts/ObjectModel.bc /media/Data/Documents/Studies/MyWork/PhD/VMKit/vmkit_stale_ref/mmtk/mmtk-j3/Debug+Asserts/ReferenceProcessor.bc /media/Data/Documents/Studies/MyWork/PhD/VMKit/vmkit_stale_ref/mmtk/mmtk-j3/Debug+Asserts/RuntimeHelpers.bc /media/Data/Documents/Studies/MyWork/PhD/VMKit/vmkit_stale_ref/mmtk/mmtk-j3/Debug+Asserts/Scanning.bc /media/Data/Documents/Studies/MyWork/PhD/VMKit/vmkit_stale_ref/mmtk/mmtk-j3/Debug+Asserts/Selected.bc /media/Data/Documents/Studies/MyWork/PhD/VMKit/vmkit_stale_ref/mmtk/mmtk-j3/Debug+Asserts/Statistics.bc /media/Data/Documents/Studies/MyWork/PhD/VMKit/vmkit_stale_ref/mmtk/mmtk-j3/Debug+Asserts/Strings.bc /media/Data/Documents/Studies/MyWork/PhD/VMKit/vmkit_stale_ref/mmtk/mmtk-j3/Debug+Asserts/SynchronizedCounter.bc /media/Data/Documents/Studies/MyWork/PhD/VMKit/vmkit_stale_ref/mmtk/mmtk-j3/Debug+Asserts/TraceInterface.bc /media/Data/Documents/Studies/MyWork/PhD/VMKit/vmkit_stale_ref/mmtk/mmtk-j3/Debug+Asserts/VM.bc
llvm[2]: Compiling ActivePlan.cpp for Debug+Asserts build (PIC)
if  g++ -I/home/koutheir/PhD/VMKit/llvm/include -I/media/Data/Documents/Studies/MyWork/PhD/VMKit/vmkit_stale_ref/include -I/media/Data/Documents/Studies/MyWork/PhD/VMKit/vmkit_stale_ref/mmtk/mmtk-j3  -D_DEBUG -D_GNU_SOURCE -D__STDC_CONSTANT_MACROS -D__STDC_FORMAT_MACROS -D__STDC_LIMIT_MACROS -I/media/Data/Documents/Studies/MyWork/PhD/VMKit/vmkit_stale_ref/mmtk/mmtk-j3/../../lib/j3/VMCore -g -fvisibility-inlines-hidden -fno-exceptions -fno-rtti -fPIC -Woverloaded-virtual -Wcast-qual -I/media/Data/Documents/Studies/MyWork/PhD/VMKit/vmkit_stale_ref/lib/vmkit/MMTk -fno-exceptions -Wno-variadic-macros -fno-omit-frame-pointer -fno-strict-aliasing -Wno-deprecated -ansi -fno-rtti -O0   -pedantic -Wno-long-long -Wall -W -Wno-unused-parameter -Wwrite-strings   -c -MMD -MP -MF "/media/Data/Documents/Studies/MyWork/PhD/VMKit/vmkit_stale_ref/mmtk/mmtk-j3/Debug+Asserts/ActivePlan.d.tmp" -MT "/media/Data/Documents/Studies/MyWork/PhD/VMKit/vmkit_stale_ref/mmtk/mmtk-j3/Debug+Asserts/ActivePlan.o" -MT "/media/Data/Documents/Studies/MyWork/PhD/VMKit/vmkit_stale_ref/mmtk/mmtk-j3/Debug+Asserts/ActivePlan.d" ActivePlan.cpp -o /media/Data/Documents/Studies/MyWork/PhD/VMKit/vmkit_stale_ref/mmtk/mmtk-j3/Debug+Asserts/ActivePlan.o ; \
	        then /bin/mv -f "/media/Data/Documents/Studies/MyWork/PhD/VMKit/vmkit_stale_ref/mmtk/mmtk-j3/Debug+Asserts/ActivePlan.d.tmp" "/media/Data/Documents/Studies/MyWork/PhD/VMKit/vmkit_stale_ref/mmtk/mmtk-j3/Debug+Asserts/ActivePlan.d"; else /bin/rm "/media/Data/Documents/Studies/MyWork/PhD/VMKit/vmkit_stale_ref/mmtk/mmtk-j3/Debug+Asserts/ActivePlan.d.tmp"; exit 1; fi
llvm[2]: Compiling Assert.cpp for Debug+Asserts build (PIC)
if  g++ -I/home/koutheir/PhD/VMKit/llvm/include -I/media/Data/Documents/Studies/MyWork/PhD/VMKit/vmkit_stale_ref/include -I/media/Data/Documents/Studies/MyWork/PhD/VMKit/vmkit_stale_ref/mmtk/mmtk-j3  -D_DEBUG -D_GNU_SOURCE -D__STDC_CONSTANT_MACROS -D__STDC_FORMAT_MACROS -D__STDC_LIMIT_MACROS -I/media/Data/Documents/Studies/MyWork/PhD/VMKit/vmkit_stale_ref/mmtk/mmtk-j3/../../lib/j3/VMCore -g -fvisibility-inlines-hidden -fno-exceptions -fno-rtti -fPIC -Woverloaded-virtual -Wcast-qual -I/media/Data/Documents/Studies/MyWork/PhD/VMKit/vmkit_stale_ref/lib/vmkit/MMTk -fno-exceptions -Wno-variadic-macros -fno-omit-frame-pointer -fno-strict-aliasing -Wno-deprecated -ansi -fno-rtti -O0   -pedantic -Wno-long-long -Wall -W -Wno-unused-parameter -Wwrite-strings   -c -MMD -MP -MF "/media/Data/Documents/Studies/MyWork/PhD/VMKit/vmkit_stale_ref/mmtk/mmtk-j3/Debug+Asserts/Assert.d.tmp" -MT "/media/Data/Documents/Studies/MyWork/PhD/VMKit/vmkit_stale_ref/mmtk/mmtk-j3/Debug+Asserts/Assert.o" -MT "/media/Data/Documents/Studies/MyWork/PhD/VMKit/vmkit_stale_ref/mmtk/mmtk-j3/Debug+Asserts/Assert.d" Assert.cpp -o /media/Data/Documents/Studies/MyWork/PhD/VMKit/vmkit_stale_ref/mmtk/mmtk-j3/Debug+Asserts/Assert.o ; \
	        then /bin/mv -f "/media/Data/Documents/Studies/MyWork/PhD/VMKit/vmkit_stale_ref/mmtk/mmtk-j3/Debug+Asserts/Assert.d.tmp" "/media/Data/Documents/Studies/MyWork/PhD/VMKit/vmkit_stale_ref/mmtk/mmtk-j3/Debug+Asserts/Assert.d"; else /bin/rm "/media/Data/Documents/Studies/MyWork/PhD/VMKit/vmkit_stale_ref/mmtk/mmtk-j3/Debug+Asserts/Assert.d.tmp"; exit 1; fi
llvm[2]: Compiling Collection.cpp for Debug+Asserts build (PIC)
if  g++ -I/home/koutheir/PhD/VMKit/llvm/include -I/media/Data/Documents/Studies/MyWork/PhD/VMKit/vmkit_stale_ref/include -I/media/Data/Documents/Studies/MyWork/PhD/VMKit/vmkit_stale_ref/mmtk/mmtk-j3  -D_DEBUG -D_GNU_SOURCE -D__STDC_CONSTANT_MACROS -D__STDC_FORMAT_MACROS -D__STDC_LIMIT_MACROS -I/media/Data/Documents/Studies/MyWork/PhD/VMKit/vmkit_stale_ref/mmtk/mmtk-j3/../../lib/j3/VMCore -g -fvisibility-inlines-hidden -fno-exceptions -fno-rtti -fPIC -Woverloaded-virtual -Wcast-qual -I/media/Data/Documents/Studies/MyWork/PhD/VMKit/vmkit_stale_ref/lib/vmkit/MMTk -fno-exceptions -Wno-variadic-macros -fno-omit-frame-pointer -fno-strict-aliasing -Wno-deprecated -ansi -fno-rtti -O0   -pedantic -Wno-long-long -Wall -W -Wno-unused-parameter -Wwrite-strings   -c -MMD -MP -MF "/media/Data/Documents/Studies/MyWork/PhD/VMKit/vmkit_stale_ref/mmtk/mmtk-j3/Debug+Asserts/Collection.d.tmp" -MT "/media/Data/Documents/Studies/MyWork/PhD/VMKit/vmkit_stale_ref/mmtk/mmtk-j3/Debug+Asserts/Collection.o" -MT "/media/Data/Documents/Studies/MyWork/PhD/VMKit/vmkit_stale_ref/mmtk/mmtk-j3/Debug+Asserts/Collection.d" Collection.cpp -o /media/Data/Documents/Studies/MyWork/PhD/VMKit/vmkit_stale_ref/mmtk/mmtk-j3/Debug+Asserts/Collection.o ; \
	        then /bin/mv -f "/media/Data/Documents/Studies/MyWork/PhD/VMKit/vmkit_stale_ref/mmtk/mmtk-j3/Debug+Asserts/Collection.d.tmp" "/media/Data/Documents/Studies/MyWork/PhD/VMKit/vmkit_stale_ref/mmtk/mmtk-j3/Debug+Asserts/Collection.d"; else /bin/rm "/media/Data/Documents/Studies/MyWork/PhD/VMKit/vmkit_stale_ref/mmtk/mmtk-j3/Debug+Asserts/Collection.d.tmp"; exit 1; fi
llvm[2]: Compiling FinalizableProcessor.cpp for Debug+Asserts build (PIC)
if  g++ -I/home/koutheir/PhD/VMKit/llvm/include -I/media/Data/Documents/Studies/MyWork/PhD/VMKit/vmkit_stale_ref/include -I/media/Data/Documents/Studies/MyWork/PhD/VMKit/vmkit_stale_ref/mmtk/mmtk-j3  -D_DEBUG -D_GNU_SOURCE -D__STDC_CONSTANT_MACROS -D__STDC_FORMAT_MACROS -D__STDC_LIMIT_MACROS -I/media/Data/Documents/Studies/MyWork/PhD/VMKit/vmkit_stale_ref/mmtk/mmtk-j3/../../lib/j3/VMCore -g -fvisibility-inlines-hidden -fno-exceptions -fno-rtti -fPIC -Woverloaded-virtual -Wcast-qual -I/media/Data/Documents/Studies/MyWork/PhD/VMKit/vmkit_stale_ref/lib/vmkit/MMTk -fno-exceptions -Wno-variadic-macros -fno-omit-frame-pointer -fno-strict-aliasing -Wno-deprecated -ansi -fno-rtti -O0   -pedantic -Wno-long-long -Wall -W -Wno-unused-parameter -Wwrite-strings   -c -MMD -MP -MF "/media/Data/Documents/Studies/MyWork/PhD/VMKit/vmkit_stale_ref/mmtk/mmtk-j3/Debug+Asserts/FinalizableProcessor.d.tmp" -MT "/media/Data/Documents/Studies/MyWork/PhD/VMKit/vmkit_stale_ref/mmtk/mmtk-j3/Debug+Asserts/FinalizableProcessor.o" -MT "/media/Data/Documents/Studies/MyWork/PhD/VMKit/vmkit_stale_ref/mmtk/mmtk-j3/Debug+Asserts/FinalizableProcessor.d" FinalizableProcessor.cpp -o /media/Data/Documents/Studies/MyWork/PhD/VMKit/vmkit_stale_ref/mmtk/mmtk-j3/Debug+Asserts/FinalizableProcessor.o ; \
	        then /bin/mv -f "/media/Data/Documents/Studies/MyWork/PhD/VMKit/vmkit_stale_ref/mmtk/mmtk-j3/Debug+Asserts/FinalizableProcessor.d.tmp" "/media/Data/Documents/Studies/MyWork/PhD/VMKit/vmkit_stale_ref/mmtk/mmtk-j3/Debug+Asserts/FinalizableProcessor.d"; else /bin/rm "/media/Data/Documents/Studies/MyWork/PhD/VMKit/vmkit_stale_ref/mmtk/mmtk-j3/Debug+Asserts/FinalizableProcessor.d.tmp"; exit 1; fi
llvm[2]: Compiling Lock.cpp for Debug+Asserts build (PIC)
if  g++ -I/home/koutheir/PhD/VMKit/llvm/include -I/media/Data/Documents/Studies/MyWork/PhD/VMKit/vmkit_stale_ref/include -I/media/Data/Documents/Studies/MyWork/PhD/VMKit/vmkit_stale_ref/mmtk/mmtk-j3  -D_DEBUG -D_GNU_SOURCE -D__STDC_CONSTANT_MACROS -D__STDC_FORMAT_MACROS -D__STDC_LIMIT_MACROS -I/media/Data/Documents/Studies/MyWork/PhD/VMKit/vmkit_stale_ref/mmtk/mmtk-j3/../../lib/j3/VMCore -g -fvisibility-inlines-hidden -fno-exceptions -fno-rtti -fPIC -Woverloaded-virtual -Wcast-qual -I/media/Data/Documents/Studies/MyWork/PhD/VMKit/vmkit_stale_ref/lib/vmkit/MMTk -fno-exceptions -Wno-variadic-macros -fno-omit-frame-pointer -fno-strict-aliasing -Wno-deprecated -ansi -fno-rtti -O0   -pedantic -Wno-long-long -Wall -W -Wno-unused-parameter -Wwrite-strings   -c -MMD -MP -MF "/media/Data/Documents/Studies/MyWork/PhD/VMKit/vmkit_stale_ref/mmtk/mmtk-j3/Debug+Asserts/Lock.d.tmp" -MT "/media/Data/Documents/Studies/MyWork/PhD/VMKit/vmkit_stale_ref/mmtk/mmtk-j3/Debug+Asserts/Lock.o" -MT "/media/Data/Documents/Studies/MyWork/PhD/VMKit/vmkit_stale_ref/mmtk/mmtk-j3/Debug+Asserts/Lock.d" Lock.cpp -o /media/Data/Documents/Studies/MyWork/PhD/VMKit/vmkit_stale_ref/mmtk/mmtk-j3/Debug+Asserts/Lock.o ; \
	        then /bin/mv -f "/media/Data/Documents/Studies/MyWork/PhD/VMKit/vmkit_stale_ref/mmtk/mmtk-j3/Debug+Asserts/Lock.d.tmp" "/media/Data/Documents/Studies/MyWork/PhD/VMKit/vmkit_stale_ref/mmtk/mmtk-j3/Debug+Asserts/Lock.d"; else /bin/rm "/media/Data/Documents/Studies/MyWork/PhD/VMKit/vmkit_stale_ref/mmtk/mmtk-j3/Debug+Asserts/Lock.d.tmp"; exit 1; fi
llvm[2]: Compiling MMTk_Events.cpp for Debug+Asserts build (PIC)
if  g++ -I/home/koutheir/PhD/VMKit/llvm/include -I/media/Data/Documents/Studies/MyWork/PhD/VMKit/vmkit_stale_ref/include -I/media/Data/Documents/Studies/MyWork/PhD/VMKit/vmkit_stale_ref/mmtk/mmtk-j3  -D_DEBUG -D_GNU_SOURCE -D__STDC_CONSTANT_MACROS -D__STDC_FORMAT_MACROS -D__STDC_LIMIT_MACROS -I/media/Data/Documents/Studies/MyWork/PhD/VMKit/vmkit_stale_ref/mmtk/mmtk-j3/../../lib/j3/VMCore -g -fvisibility-inlines-hidden -fno-exceptions -fno-rtti -fPIC -Woverloaded-virtual -Wcast-qual -I/media/Data/Documents/Studies/MyWork/PhD/VMKit/vmkit_stale_ref/lib/vmkit/MMTk -fno-exceptions -Wno-variadic-macros -fno-omit-frame-pointer -fno-strict-aliasing -Wno-deprecated -ansi -fno-rtti -O0   -pedantic -Wno-long-long -Wall -W -Wno-unused-parameter -Wwrite-strings   -c -MMD -MP -MF "/media/Data/Documents/Studies/MyWork/PhD/VMKit/vmkit_stale_ref/mmtk/mmtk-j3/Debug+Asserts/MMTk_Events.d.tmp" -MT "/media/Data/Documents/Studies/MyWork/PhD/VMKit/vmkit_stale_ref/mmtk/mmtk-j3/Debug+Asserts/MMTk_Events.o" -MT "/media/Data/Documents/Studies/MyWork/PhD/VMKit/vmkit_stale_ref/mmtk/mmtk-j3/Debug+Asserts/MMTk_Events.d" MMTk_Events.cpp -o /media/Data/Documents/Studies/MyWork/PhD/VMKit/vmkit_stale_ref/mmtk/mmtk-j3/Debug+Asserts/MMTk_Events.o ; \
	        then /bin/mv -f "/media/Data/Documents/Studies/MyWork/PhD/VMKit/vmkit_stale_ref/mmtk/mmtk-j3/Debug+Asserts/MMTk_Events.d.tmp" "/media/Data/Documents/Studies/MyWork/PhD/VMKit/vmkit_stale_ref/mmtk/mmtk-j3/Debug+Asserts/MMTk_Events.d"; else /bin/rm "/media/Data/Documents/Studies/MyWork/PhD/VMKit/vmkit_stale_ref/mmtk/mmtk-j3/Debug+Asserts/MMTk_Events.d.tmp"; exit 1; fi
llvm[2]: Compiling Memory.cpp for Debug+Asserts build (PIC)
if  g++ -I/home/koutheir/PhD/VMKit/llvm/include -I/media/Data/Documents/Studies/MyWork/PhD/VMKit/vmkit_stale_ref/include -I/media/Data/Documents/Studies/MyWork/PhD/VMKit/vmkit_stale_ref/mmtk/mmtk-j3  -D_DEBUG -D_GNU_SOURCE -D__STDC_CONSTANT_MACROS -D__STDC_FORMAT_MACROS -D__STDC_LIMIT_MACROS -I/media/Data/Documents/Studies/MyWork/PhD/VMKit/vmkit_stale_ref/mmtk/mmtk-j3/../../lib/j3/VMCore -g -fvisibility-inlines-hidden -fno-exceptions -fno-rtti -fPIC -Woverloaded-virtual -Wcast-qual -I/media/Data/Documents/Studies/MyWork/PhD/VMKit/vmkit_stale_ref/lib/vmkit/MMTk -fno-exceptions -Wno-variadic-macros -fno-omit-frame-pointer -fno-strict-aliasing -Wno-deprecated -ansi -fno-rtti -O0   -pedantic -Wno-long-long -Wall -W -Wno-unused-parameter -Wwrite-strings   -c -MMD -MP -MF "/media/Data/Documents/Studies/MyWork/PhD/VMKit/vmkit_stale_ref/mmtk/mmtk-j3/Debug+Asserts/Memory.d.tmp" -MT "/media/Data/Documents/Studies/MyWork/PhD/VMKit/vmkit_stale_ref/mmtk/mmtk-j3/Debug+Asserts/Memory.o" -MT "/media/Data/Documents/Studies/MyWork/PhD/VMKit/vmkit_stale_ref/mmtk/mmtk-j3/Debug+Asserts/Memory.d" Memory.cpp -o /media/Data/Documents/Studies/MyWork/PhD/VMKit/vmkit_stale_ref/mmtk/mmtk-j3/Debug+Asserts/Memory.o ; \
	        then /bin/mv -f "/media/Data/Documents/Studies/MyWork/PhD/VMKit/vmkit_stale_ref/mmtk/mmtk-j3/Debug+Asserts/Memory.d.tmp" "/media/Data/Documents/Studies/MyWork/PhD/VMKit/vmkit_stale_ref/mmtk/mmtk-j3/Debug+Asserts/Memory.d"; else /bin/rm "/media/Data/Documents/Studies/MyWork/PhD/VMKit/vmkit_stale_ref/mmtk/mmtk-j3/Debug+Asserts/Memory.d.tmp"; exit 1; fi
llvm[2]: Compiling ObjectModel.cpp for Debug+Asserts build (PIC)
if  g++ -I/home/koutheir/PhD/VMKit/llvm/include -I/media/Data/Documents/Studies/MyWork/PhD/VMKit/vmkit_stale_ref/include -I/media/Data/Documents/Studies/MyWork/PhD/VMKit/vmkit_stale_ref/mmtk/mmtk-j3  -D_DEBUG -D_GNU_SOURCE -D__STDC_CONSTANT_MACROS -D__STDC_FORMAT_MACROS -D__STDC_LIMIT_MACROS -I/media/Data/Documents/Studies/MyWork/PhD/VMKit/vmkit_stale_ref/mmtk/mmtk-j3/../../lib/j3/VMCore -g -fvisibility-inlines-hidden -fno-exceptions -fno-rtti -fPIC -Woverloaded-virtual -Wcast-qual -I/media/Data/Documents/Studies/MyWork/PhD/VMKit/vmkit_stale_ref/lib/vmkit/MMTk -fno-exceptions -Wno-variadic-macros -fno-omit-frame-pointer -fno-strict-aliasing -Wno-deprecated -ansi -fno-rtti -O0   -pedantic -Wno-long-long -Wall -W -Wno-unused-parameter -Wwrite-strings   -c -MMD -MP -MF "/media/Data/Documents/Studies/MyWork/PhD/VMKit/vmkit_stale_ref/mmtk/mmtk-j3/Debug+Asserts/ObjectModel.d.tmp" -MT "/media/Data/Documents/Studies/MyWork/PhD/VMKit/vmkit_stale_ref/mmtk/mmtk-j3/Debug+Asserts/ObjectModel.o" -MT "/media/Data/Documents/Studies/MyWork/PhD/VMKit/vmkit_stale_ref/mmtk/mmtk-j3/Debug+Asserts/ObjectModel.d" ObjectModel.cpp -o /media/Data/Documents/Studies/MyWork/PhD/VMKit/vmkit_stale_ref/mmtk/mmtk-j3/Debug+Asserts/ObjectModel.o ; \
	        then /bin/mv -f "/media/Data/Documents/Studies/MyWork/PhD/VMKit/vmkit_stale_ref/mmtk/mmtk-j3/Debug+Asserts/ObjectModel.d.tmp" "/media/Data/Documents/Studies/MyWork/PhD/VMKit/vmkit_stale_ref/mmtk/mmtk-j3/Debug+Asserts/ObjectModel.d"; else /bin/rm "/media/Data/Documents/Studies/MyWork/PhD/VMKit/vmkit_stale_ref/mmtk/mmtk-j3/Debug+Asserts/ObjectModel.d.tmp"; exit 1; fi
llvm[2]: Compiling ReferenceProcessor.cpp for Debug+Asserts build (PIC)
if  g++ -I/home/koutheir/PhD/VMKit/llvm/include -I/media/Data/Documents/Studies/MyWork/PhD/VMKit/vmkit_stale_ref/include -I/media/Data/Documents/Studies/MyWork/PhD/VMKit/vmkit_stale_ref/mmtk/mmtk-j3  -D_DEBUG -D_GNU_SOURCE -D__STDC_CONSTANT_MACROS -D__STDC_FORMAT_MACROS -D__STDC_LIMIT_MACROS -I/media/Data/Documents/Studies/MyWork/PhD/VMKit/vmkit_stale_ref/mmtk/mmtk-j3/../../lib/j3/VMCore -g -fvisibility-inlines-hidden -fno-exceptions -fno-rtti -fPIC -Woverloaded-virtual -Wcast-qual -I/media/Data/Documents/Studies/MyWork/PhD/VMKit/vmkit_stale_ref/lib/vmkit/MMTk -fno-exceptions -Wno-variadic-macros -fno-omit-frame-pointer -fno-strict-aliasing -Wno-deprecated -ansi -fno-rtti -O0   -pedantic -Wno-long-long -Wall -W -Wno-unused-parameter -Wwrite-strings   -c -MMD -MP -MF "/media/Data/Documents/Studies/MyWork/PhD/VMKit/vmkit_stale_ref/mmtk/mmtk-j3/Debug+Asserts/ReferenceProcessor.d.tmp" -MT "/media/Data/Documents/Studies/MyWork/PhD/VMKit/vmkit_stale_ref/mmtk/mmtk-j3/Debug+Asserts/ReferenceProcessor.o" -MT "/media/Data/Documents/Studies/MyWork/PhD/VMKit/vmkit_stale_ref/mmtk/mmtk-j3/Debug+Asserts/ReferenceProcessor.d" ReferenceProcessor.cpp -o /media/Data/Documents/Studies/MyWork/PhD/VMKit/vmkit_stale_ref/mmtk/mmtk-j3/Debug+Asserts/ReferenceProcessor.o ; \
	        then /bin/mv -f "/media/Data/Documents/Studies/MyWork/PhD/VMKit/vmkit_stale_ref/mmtk/mmtk-j3/Debug+Asserts/ReferenceProcessor.d.tmp" "/media/Data/Documents/Studies/MyWork/PhD/VMKit/vmkit_stale_ref/mmtk/mmtk-j3/Debug+Asserts/ReferenceProcessor.d"; else /bin/rm "/media/Data/Documents/Studies/MyWork/PhD/VMKit/vmkit_stale_ref/mmtk/mmtk-j3/Debug+Asserts/ReferenceProcessor.d.tmp"; exit 1; fi
llvm[2]: Compiling RuntimeHelpers.cpp for Debug+Asserts build (PIC)
if  g++ -I/home/koutheir/PhD/VMKit/llvm/include -I/media/Data/Documents/Studies/MyWork/PhD/VMKit/vmkit_stale_ref/include -I/media/Data/Documents/Studies/MyWork/PhD/VMKit/vmkit_stale_ref/mmtk/mmtk-j3  -D_DEBUG -D_GNU_SOURCE -D__STDC_CONSTANT_MACROS -D__STDC_FORMAT_MACROS -D__STDC_LIMIT_MACROS -I/media/Data/Documents/Studies/MyWork/PhD/VMKit/vmkit_stale_ref/mmtk/mmtk-j3/../../lib/j3/VMCore -g -fvisibility-inlines-hidden -fno-exceptions -fno-rtti -fPIC -Woverloaded-virtual -Wcast-qual -I/media/Data/Documents/Studies/MyWork/PhD/VMKit/vmkit_stale_ref/lib/vmkit/MMTk -fno-exceptions -Wno-variadic-macros -fno-omit-frame-pointer -fno-strict-aliasing -Wno-deprecated -ansi -fno-rtti -O0   -pedantic -Wno-long-long -Wall -W -Wno-unused-parameter -Wwrite-strings   -c -MMD -MP -MF "/media/Data/Documents/Studies/MyWork/PhD/VMKit/vmkit_stale_ref/mmtk/mmtk-j3/Debug+Asserts/RuntimeHelpers.d.tmp" -MT "/media/Data/Documents/Studies/MyWork/PhD/VMKit/vmkit_stale_ref/mmtk/mmtk-j3/Debug+Asserts/RuntimeHelpers.o" -MT "/media/Data/Documents/Studies/MyWork/PhD/VMKit/vmkit_stale_ref/mmtk/mmtk-j3/Debug+Asserts/RuntimeHelpers.d" RuntimeHelpers.cpp -o /media/Data/Documents/Studies/MyWork/PhD/VMKit/vmkit_stale_ref/mmtk/mmtk-j3/Debug+Asserts/RuntimeHelpers.o ; \
	        then /bin/mv -f "/media/Data/Documents/Studies/MyWork/PhD/VMKit/vmkit_stale_ref/mmtk/mmtk-j3/Debug+Asserts/RuntimeHelpers.d.tmp" "/media/Data/Documents/Studies/MyWork/PhD/VMKit/vmkit_stale_ref/mmtk/mmtk-j3/Debug+Asserts/RuntimeHelpers.d"; else /bin/rm "/media/Data/Documents/Studies/MyWork/PhD/VMKit/vmkit_stale_ref/mmtk/mmtk-j3/Debug+Asserts/RuntimeHelpers.d.tmp"; exit 1; fi
llvm[2]: Compiling Scanning.cpp for Debug+Asserts build (PIC)
if  g++ -I/home/koutheir/PhD/VMKit/llvm/include -I/media/Data/Documents/Studies/MyWork/PhD/VMKit/vmkit_stale_ref/include -I/media/Data/Documents/Studies/MyWork/PhD/VMKit/vmkit_stale_ref/mmtk/mmtk-j3  -D_DEBUG -D_GNU_SOURCE -D__STDC_CONSTANT_MACROS -D__STDC_FORMAT_MACROS -D__STDC_LIMIT_MACROS -I/media/Data/Documents/Studies/MyWork/PhD/VMKit/vmkit_stale_ref/mmtk/mmtk-j3/../../lib/j3/VMCore -g -fvisibility-inlines-hidden -fno-exceptions -fno-rtti -fPIC -Woverloaded-virtual -Wcast-qual -I/media/Data/Documents/Studies/MyWork/PhD/VMKit/vmkit_stale_ref/lib/vmkit/MMTk -fno-exceptions -Wno-variadic-macros -fno-omit-frame-pointer -fno-strict-aliasing -Wno-deprecated -ansi -fno-rtti -O0   -pedantic -Wno-long-long -Wall -W -Wno-unused-parameter -Wwrite-strings   -c -MMD -MP -MF "/media/Data/Documents/Studies/MyWork/PhD/VMKit/vmkit_stale_ref/mmtk/mmtk-j3/Debug+Asserts/Scanning.d.tmp" -MT "/media/Data/Documents/Studies/MyWork/PhD/VMKit/vmkit_stale_ref/mmtk/mmtk-j3/Debug+Asserts/Scanning.o" -MT "/media/Data/Documents/Studies/MyWork/PhD/VMKit/vmkit_stale_ref/mmtk/mmtk-j3/Debug+Asserts/Scanning.d" Scanning.cpp -o /media/Data/Documents/Studies/MyWork/PhD/VMKit/vmkit_stale_ref/mmtk/mmtk-j3/Debug+Asserts/Scanning.o ; \
	        then /bin/mv -f "/media/Data/Documents/Studies/MyWork/PhD/VMKit/vmkit_stale_ref/mmtk/mmtk-j3/Debug+Asserts/Scanning.d.tmp" "/media/Data/Documents/Studies/MyWork/PhD/VMKit/vmkit_stale_ref/mmtk/mmtk-j3/Debug+Asserts/Scanning.d"; else /bin/rm "/media/Data/Documents/Studies/MyWork/PhD/VMKit/vmkit_stale_ref/mmtk/mmtk-j3/Debug+Asserts/Scanning.d.tmp"; exit 1; fi
llvm[2]: Compiling Selected.cpp for Debug+Asserts build (PIC)
if  g++ -I/home/koutheir/PhD/VMKit/llvm/include -I/media/Data/Documents/Studies/MyWork/PhD/VMKit/vmkit_stale_ref/include -I/media/Data/Documents/Studies/MyWork/PhD/VMKit/vmkit_stale_ref/mmtk/mmtk-j3  -D_DEBUG -D_GNU_SOURCE -D__STDC_CONSTANT_MACROS -D__STDC_FORMAT_MACROS -D__STDC_LIMIT_MACROS -I/media/Data/Documents/Studies/MyWork/PhD/VMKit/vmkit_stale_ref/mmtk/mmtk-j3/../../lib/j3/VMCore -g -fvisibility-inlines-hidden -fno-exceptions -fno-rtti -fPIC -Woverloaded-virtual -Wcast-qual -I/media/Data/Documents/Studies/MyWork/PhD/VMKit/vmkit_stale_ref/lib/vmkit/MMTk -fno-exceptions -Wno-variadic-macros -fno-omit-frame-pointer -fno-strict-aliasing -Wno-deprecated -ansi -fno-rtti -O0   -pedantic -Wno-long-long -Wall -W -Wno-unused-parameter -Wwrite-strings   -c -MMD -MP -MF "/media/Data/Documents/Studies/MyWork/PhD/VMKit/vmkit_stale_ref/mmtk/mmtk-j3/Debug+Asserts/Selected.d.tmp" -MT "/media/Data/Documents/Studies/MyWork/PhD/VMKit/vmkit_stale_ref/mmtk/mmtk-j3/Debug+Asserts/Selected.o" -MT "/media/Data/Documents/Studies/MyWork/PhD/VMKit/vmkit_stale_ref/mmtk/mmtk-j3/Debug+Asserts/Selected.d" Selected.cpp -o /media/Data/Documents/Studies/MyWork/PhD/VMKit/vmkit_stale_ref/mmtk/mmtk-j3/Debug+Asserts/Selected.o ; \
	        then /bin/mv -f "/media/Data/Documents/Studies/MyWork/PhD/VMKit/vmkit_stale_ref/mmtk/mmtk-j3/Debug+Asserts/Selected.d.tmp" "/media/Data/Documents/Studies/MyWork/PhD/VMKit/vmkit_stale_ref/mmtk/mmtk-j3/Debug+Asserts/Selected.d"; else /bin/rm "/media/Data/Documents/Studies/MyWork/PhD/VMKit/vmkit_stale_ref/mmtk/mmtk-j3/Debug+Asserts/Selected.d.tmp"; exit 1; fi
llvm[2]: Compiling Statistics.cpp for Debug+Asserts build (PIC)
if  g++ -I/home/koutheir/PhD/VMKit/llvm/include -I/media/Data/Documents/Studies/MyWork/PhD/VMKit/vmkit_stale_ref/include -I/media/Data/Documents/Studies/MyWork/PhD/VMKit/vmkit_stale_ref/mmtk/mmtk-j3  -D_DEBUG -D_GNU_SOURCE -D__STDC_CONSTANT_MACROS -D__STDC_FORMAT_MACROS -D__STDC_LIMIT_MACROS -I/media/Data/Documents/Studies/MyWork/PhD/VMKit/vmkit_stale_ref/mmtk/mmtk-j3/../../lib/j3/VMCore -g -fvisibility-inlines-hidden -fno-exceptions -fno-rtti -fPIC -Woverloaded-virtual -Wcast-qual -I/media/Data/Documents/Studies/MyWork/PhD/VMKit/vmkit_stale_ref/lib/vmkit/MMTk -fno-exceptions -Wno-variadic-macros -fno-omit-frame-pointer -fno-strict-aliasing -Wno-deprecated -ansi -fno-rtti -O0   -pedantic -Wno-long-long -Wall -W -Wno-unused-parameter -Wwrite-strings   -c -MMD -MP -MF "/media/Data/Documents/Studies/MyWork/PhD/VMKit/vmkit_stale_ref/mmtk/mmtk-j3/Debug+Asserts/Statistics.d.tmp" -MT "/media/Data/Documents/Studies/MyWork/PhD/VMKit/vmkit_stale_ref/mmtk/mmtk-j3/Debug+Asserts/Statistics.o" -MT "/media/Data/Documents/Studies/MyWork/PhD/VMKit/vmkit_stale_ref/mmtk/mmtk-j3/Debug+Asserts/Statistics.d" Statistics.cpp -o /media/Data/Documents/Studies/MyWork/PhD/VMKit/vmkit_stale_ref/mmtk/mmtk-j3/Debug+Asserts/Statistics.o ; \
	        then /bin/mv -f "/media/Data/Documents/Studies/MyWork/PhD/VMKit/vmkit_stale_ref/mmtk/mmtk-j3/Debug+Asserts/Statistics.d.tmp" "/media/Data/Documents/Studies/MyWork/PhD/VMKit/vmkit_stale_ref/mmtk/mmtk-j3/Debug+Asserts/Statistics.d"; else /bin/rm "/media/Data/Documents/Studies/MyWork/PhD/VMKit/vmkit_stale_ref/mmtk/mmtk-j3/Debug+Asserts/Statistics.d.tmp"; exit 1; fi
llvm[2]: Compiling Strings.cpp for Debug+Asserts build (PIC)
if  g++ -I/home/koutheir/PhD/VMKit/llvm/include -I/media/Data/Documents/Studies/MyWork/PhD/VMKit/vmkit_stale_ref/include -I/media/Data/Documents/Studies/MyWork/PhD/VMKit/vmkit_stale_ref/mmtk/mmtk-j3  -D_DEBUG -D_GNU_SOURCE -D__STDC_CONSTANT_MACROS -D__STDC_FORMAT_MACROS -D__STDC_LIMIT_MACROS -I/media/Data/Documents/Studies/MyWork/PhD/VMKit/vmkit_stale_ref/mmtk/mmtk-j3/../../lib/j3/VMCore -g -fvisibility-inlines-hidden -fno-exceptions -fno-rtti -fPIC -Woverloaded-virtual -Wcast-qual -I/media/Data/Documents/Studies/MyWork/PhD/VMKit/vmkit_stale_ref/lib/vmkit/MMTk -fno-exceptions -Wno-variadic-macros -fno-omit-frame-pointer -fno-strict-aliasing -Wno-deprecated -ansi -fno-rtti -O0   -pedantic -Wno-long-long -Wall -W -Wno-unused-parameter -Wwrite-strings   -c -MMD -MP -MF "/media/Data/Documents/Studies/MyWork/PhD/VMKit/vmkit_stale_ref/mmtk/mmtk-j3/Debug+Asserts/Strings.d.tmp" -MT "/media/Data/Documents/Studies/MyWork/PhD/VMKit/vmkit_stale_ref/mmtk/mmtk-j3/Debug+Asserts/Strings.o" -MT "/media/Data/Documents/Studies/MyWork/PhD/VMKit/vmkit_stale_ref/mmtk/mmtk-j3/Debug+Asserts/Strings.d" Strings.cpp -o /media/Data/Documents/Studies/MyWork/PhD/VMKit/vmkit_stale_ref/mmtk/mmtk-j3/Debug+Asserts/Strings.o ; \
	        then /bin/mv -f "/media/Data/Documents/Studies/MyWork/PhD/VMKit/vmkit_stale_ref/mmtk/mmtk-j3/Debug+Asserts/Strings.d.tmp" "/media/Data/Documents/Studies/MyWork/PhD/VMKit/vmkit_stale_ref/mmtk/mmtk-j3/Debug+Asserts/Strings.d"; else /bin/rm "/media/Data/Documents/Studies/MyWork/PhD/VMKit/vmkit_stale_ref/mmtk/mmtk-j3/Debug+Asserts/Strings.d.tmp"; exit 1; fi
llvm[2]: Compiling SynchronizedCounter.cpp for Debug+Asserts build (PIC)
if  g++ -I/home/koutheir/PhD/VMKit/llvm/include -I/media/Data/Documents/Studies/MyWork/PhD/VMKit/vmkit_stale_ref/include -I/media/Data/Documents/Studies/MyWork/PhD/VMKit/vmkit_stale_ref/mmtk/mmtk-j3  -D_DEBUG -D_GNU_SOURCE -D__STDC_CONSTANT_MACROS -D__STDC_FORMAT_MACROS -D__STDC_LIMIT_MACROS -I/media/Data/Documents/Studies/MyWork/PhD/VMKit/vmkit_stale_ref/mmtk/mmtk-j3/../../lib/j3/VMCore -g -fvisibility-inlines-hidden -fno-exceptions -fno-rtti -fPIC -Woverloaded-virtual -Wcast-qual -I/media/Data/Documents/Studies/MyWork/PhD/VMKit/vmkit_stale_ref/lib/vmkit/MMTk -fno-exceptions -Wno-variadic-macros -fno-omit-frame-pointer -fno-strict-aliasing -Wno-deprecated -ansi -fno-rtti -O0   -pedantic -Wno-long-long -Wall -W -Wno-unused-parameter -Wwrite-strings   -c -MMD -MP -MF "/media/Data/Documents/Studies/MyWork/PhD/VMKit/vmkit_stale_ref/mmtk/mmtk-j3/Debug+Asserts/SynchronizedCounter.d.tmp" -MT "/media/Data/Documents/Studies/MyWork/PhD/VMKit/vmkit_stale_ref/mmtk/mmtk-j3/Debug+Asserts/SynchronizedCounter.o" -MT "/media/Data/Documents/Studies/MyWork/PhD/VMKit/vmkit_stale_ref/mmtk/mmtk-j3/Debug+Asserts/SynchronizedCounter.d" SynchronizedCounter.cpp -o /media/Data/Documents/Studies/MyWork/PhD/VMKit/vmkit_stale_ref/mmtk/mmtk-j3/Debug+Asserts/SynchronizedCounter.o ; \
	        then /bin/mv -f "/media/Data/Documents/Studies/MyWork/PhD/VMKit/vmkit_stale_ref/mmtk/mmtk-j3/Debug+Asserts/SynchronizedCounter.d.tmp" "/media/Data/Documents/Studies/MyWork/PhD/VMKit/vmkit_stale_ref/mmtk/mmtk-j3/Debug+Asserts/SynchronizedCounter.d"; else /bin/rm "/media/Data/Documents/Studies/MyWork/PhD/VMKit/vmkit_stale_ref/mmtk/mmtk-j3/Debug+Asserts/SynchronizedCounter.d.tmp"; exit 1; fi
llvm[2]: Compiling TraceInterface.cpp for Debug+Asserts build (PIC)
if  g++ -I/home/koutheir/PhD/VMKit/llvm/include -I/media/Data/Documents/Studies/MyWork/PhD/VMKit/vmkit_stale_ref/include -I/media/Data/Documents/Studies/MyWork/PhD/VMKit/vmkit_stale_ref/mmtk/mmtk-j3  -D_DEBUG -D_GNU_SOURCE -D__STDC_CONSTANT_MACROS -D__STDC_FORMAT_MACROS -D__STDC_LIMIT_MACROS -I/media/Data/Documents/Studies/MyWork/PhD/VMKit/vmkit_stale_ref/mmtk/mmtk-j3/../../lib/j3/VMCore -g -fvisibility-inlines-hidden -fno-exceptions -fno-rtti -fPIC -Woverloaded-virtual -Wcast-qual -I/media/Data/Documents/Studies/MyWork/PhD/VMKit/vmkit_stale_ref/lib/vmkit/MMTk -fno-exceptions -Wno-variadic-macros -fno-omit-frame-pointer -fno-strict-aliasing -Wno-deprecated -ansi -fno-rtti -O0   -pedantic -Wno-long-long -Wall -W -Wno-unused-parameter -Wwrite-strings   -c -MMD -MP -MF "/media/Data/Documents/Studies/MyWork/PhD/VMKit/vmkit_stale_ref/mmtk/mmtk-j3/Debug+Asserts/TraceInterface.d.tmp" -MT "/media/Data/Documents/Studies/MyWork/PhD/VMKit/vmkit_stale_ref/mmtk/mmtk-j3/Debug+Asserts/TraceInterface.o" -MT "/media/Data/Documents/Studies/MyWork/PhD/VMKit/vmkit_stale_ref/mmtk/mmtk-j3/Debug+Asserts/TraceInterface.d" TraceInterface.cpp -o /media/Data/Documents/Studies/MyWork/PhD/VMKit/vmkit_stale_ref/mmtk/mmtk-j3/Debug+Asserts/TraceInterface.o ; \
	        then /bin/mv -f "/media/Data/Documents/Studies/MyWork/PhD/VMKit/vmkit_stale_ref/mmtk/mmtk-j3/Debug+Asserts/TraceInterface.d.tmp" "/media/Data/Documents/Studies/MyWork/PhD/VMKit/vmkit_stale_ref/mmtk/mmtk-j3/Debug+Asserts/TraceInterface.d"; else /bin/rm "/media/Data/Documents/Studies/MyWork/PhD/VMKit/vmkit_stale_ref/mmtk/mmtk-j3/Debug+Asserts/TraceInterface.d.tmp"; exit 1; fi
llvm[2]: Compiling VM.cpp for Debug+Asserts build (PIC)
if  g++ -I/home/koutheir/PhD/VMKit/llvm/include -I/media/Data/Documents/Studies/MyWork/PhD/VMKit/vmkit_stale_ref/include -I/media/Data/Documents/Studies/MyWork/PhD/VMKit/vmkit_stale_ref/mmtk/mmtk-j3  -D_DEBUG -D_GNU_SOURCE -D__STDC_CONSTANT_MACROS -D__STDC_FORMAT_MACROS -D__STDC_LIMIT_MACROS -I/media/Data/Documents/Studies/MyWork/PhD/VMKit/vmkit_stale_ref/mmtk/mmtk-j3/../../lib/j3/VMCore -g -fvisibility-inlines-hidden -fno-exceptions -fno-rtti -fPIC -Woverloaded-virtual -Wcast-qual -I/media/Data/Documents/Studies/MyWork/PhD/VMKit/vmkit_stale_ref/lib/vmkit/MMTk -fno-exceptions -Wno-variadic-macros -fno-omit-frame-pointer -fno-strict-aliasing -Wno-deprecated -ansi -fno-rtti -O0   -pedantic -Wno-long-long -Wall -W -Wno-unused-parameter -Wwrite-strings   -c -MMD -MP -MF "/media/Data/Documents/Studies/MyWork/PhD/VMKit/vmkit_stale_ref/mmtk/mmtk-j3/Debug+Asserts/VM.d.tmp" -MT "/media/Data/Documents/Studies/MyWork/PhD/VMKit/vmkit_stale_ref/mmtk/mmtk-j3/Debug+Asserts/VM.o" -MT "/media/Data/Documents/Studies/MyWork/PhD/VMKit/vmkit_stale_ref/mmtk/mmtk-j3/Debug+Asserts/VM.d" VM.cpp -o /media/Data/Documents/Studies/MyWork/PhD/VMKit/vmkit_stale_ref/mmtk/mmtk-j3/Debug+Asserts/VM.o ; \
	        then /bin/mv -f "/media/Data/Documents/Studies/MyWork/PhD/VMKit/vmkit_stale_ref/mmtk/mmtk-j3/Debug+Asserts/VM.d.tmp" "/media/Data/Documents/Studies/MyWork/PhD/VMKit/vmkit_stale_ref/mmtk/mmtk-j3/Debug+Asserts/VM.d"; else /bin/rm "/media/Data/Documents/Studies/MyWork/PhD/VMKit/vmkit_stale_ref/mmtk/mmtk-j3/Debug+Asserts/VM.d.tmp"; exit 1; fi
llvm[2]: Linking Debug+Asserts Loadable Module MMTKRuntime.so
g++ -I/home/koutheir/PhD/VMKit/llvm/include -I/media/Data/Documents/Studies/MyWork/PhD/VMKit/vmkit_stale_ref/include -I/media/Data/Documents/Studies/MyWork/PhD/VMKit/vmkit_stale_ref/mmtk/mmtk-j3  -D_DEBUG -D_GNU_SOURCE -D__STDC_CONSTANT_MACROS -D__STDC_FORMAT_MACROS -D__STDC_LIMIT_MACROS -I/media/Data/Documents/Studies/MyWork/PhD/VMKit/vmkit_stale_ref/mmtk/mmtk-j3/../../lib/j3/VMCore -g -fvisibility-inlines-hidden -fno-exceptions -fno-rtti -fPIC -Woverloaded-virtual -Wcast-qual -I/media/Data/Documents/Studies/MyWork/PhD/VMKit/vmkit_stale_ref/lib/vmkit/MMTk -fno-exceptions -Wno-variadic-macros -fno-omit-frame-pointer -fno-strict-aliasing -Wno-deprecated -ansi -fno-rtti -O0 -g -Wl,-R -Wl,'$ORIGIN' -L/media/Data/Documents/Studies/MyWork/PhD/VMKit/vmkit_stale_ref/Debug+Asserts/lib -L/home/koutheir/PhD/VMKit/llvm/Debug+Asserts/lib    -pedantic -Wno-long-long -Wall -W -Wno-unused-parameter -Wwrite-strings     -shared -o /media/Data/Documents/Studies/MyWork/PhD/VMKit/vmkit_stale_ref/Debug+Asserts/lib/MMTKRuntime.so /media/Data/Documents/Studies/MyWork/PhD/VMKit/vmkit_stale_ref/mmtk/mmtk-j3/Debug+Asserts/ActivePlan.o /media/Data/Documents/Studies/MyWork/PhD/VMKit/vmkit_stale_ref/mmtk/mmtk-j3/Debug+Asserts/Assert.o /media/Data/Documents/Studies/MyWork/PhD/VMKit/vmkit_stale_ref/mmtk/mmtk-j3/Debug+Asserts/Collection.o /media/Data/Documents/Studies/MyWork/PhD/VMKit/vmkit_stale_ref/mmtk/mmtk-j3/Debug+Asserts/FinalizableProcessor.o /media/Data/Documents/Studies/MyWork/PhD/VMKit/vmkit_stale_ref/mmtk/mmtk-j3/Debug+Asserts/Lock.o /media/Data/Documents/Studies/MyWork/PhD/VMKit/vmkit_stale_ref/mmtk/mmtk-j3/Debug+Asserts/MMTk_Events.o /media/Data/Documents/Studies/MyWork/PhD/VMKit/vmkit_stale_ref/mmtk/mmtk-j3/Debug+Asserts/Memory.o /media/Data/Documents/Studies/MyWork/PhD/VMKit/vmkit_stale_ref/mmtk/mmtk-j3/Debug+Asserts/ObjectModel.o /media/Data/Documents/Studies/MyWork/PhD/VMKit/vmkit_stale_ref/mmtk/mmtk-j3/Debug+Asserts/ReferenceProcessor.o /media/Data/Documents/Studies/MyWork/PhD/VMKit/vmkit_stale_ref/mmtk/mmtk-j3/Debug+Asserts/RuntimeHelpers.o /media/Data/Documents/Studies/MyWork/PhD/VMKit/vmkit_stale_ref/mmtk/mmtk-j3/Debug+Asserts/Scanning.o /media/Data/Documents/Studies/MyWork/PhD/VMKit/vmkit_stale_ref/mmtk/mmtk-j3/Debug+Asserts/Selected.o /media/Data/Documents/Studies/MyWork/PhD/VMKit/vmkit_stale_ref/mmtk/mmtk-j3/Debug+Asserts/Statistics.o /media/Data/Documents/Studies/MyWork/PhD/VMKit/vmkit_stale_ref/mmtk/mmtk-j3/Debug+Asserts/Strings.o /media/Data/Documents/Studies/MyWork/PhD/VMKit/vmkit_stale_ref/mmtk/mmtk-j3/Debug+Asserts/SynchronizedCounter.o /media/Data/Documents/Studies/MyWork/PhD/VMKit/vmkit_stale_ref/mmtk/mmtk-j3/Debug+Asserts/TraceInterface.o /media/Data/Documents/Studies/MyWork/PhD/VMKit/vmkit_stale_ref/mmtk/mmtk-j3/Debug+Asserts/VM.o \
	    -lpthread -ldl -lm  -lz
llvm[2]: Building Debug+Asserts Bytecode Archive libMMTKRuntime.bca
/bin/rm -f /media/Data/Documents/Studies/MyWork/PhD/VMKit/vmkit_stale_ref/Debug+Asserts/lib/libMMTKRuntime.bca
/home/koutheir/PhD/VMKit/llvm/Debug+Asserts/bin/llvm-ar rcsf /media/Data/Documents/Studies/MyWork/PhD/VMKit/vmkit_stale_ref/Debug+Asserts/lib/libMMTKRuntime.bca /media/Data/Documents/Studies/MyWork/PhD/VMKit/vmkit_stale_ref/mmtk/mmtk-j3/Debug+Asserts/ActivePlan.bc /media/Data/Documents/Studies/MyWork/PhD/VMKit/vmkit_stale_ref/mmtk/mmtk-j3/Debug+Asserts/Assert.bc /media/Data/Documents/Studies/MyWork/PhD/VMKit/vmkit_stale_ref/mmtk/mmtk-j3/Debug+Asserts/Collection.bc /media/Data/Documents/Studies/MyWork/PhD/VMKit/vmkit_stale_ref/mmtk/mmtk-j3/Debug+Asserts/FinalizableProcessor.bc /media/Data/Documents/Studies/MyWork/PhD/VMKit/vmkit_stale_ref/mmtk/mmtk-j3/Debug+Asserts/Lock.bc /media/Data/Documents/Studies/MyWork/PhD/VMKit/vmkit_stale_ref/mmtk/mmtk-j3/Debug+Asserts/MMTk_Events.bc /media/Data/Documents/Studies/MyWork/PhD/VMKit/vmkit_stale_ref/mmtk/mmtk-j3/Debug+Asserts/Memory.bc /media/Data/Documents/Studies/MyWork/PhD/VMKit/vmkit_stale_ref/mmtk/mmtk-j3/Debug+Asserts/ObjectModel.bc /media/Data/Documents/Studies/MyWork/PhD/VMKit/vmkit_stale_ref/mmtk/mmtk-j3/Debug+Asserts/ReferenceProcessor.bc /media/Data/Documents/Studies/MyWork/PhD/VMKit/vmkit_stale_ref/mmtk/mmtk-j3/Debug+Asserts/RuntimeHelpers.bc /media/Data/Documents/Studies/MyWork/PhD/VMKit/vmkit_stale_ref/mmtk/mmtk-j3/Debug+Asserts/Scanning.bc /media/Data/Documents/Studies/MyWork/PhD/VMKit/vmkit_stale_ref/mmtk/mmtk-j3/Debug+Asserts/Selected.bc /media/Data/Documents/Studies/MyWork/PhD/VMKit/vmkit_stale_ref/mmtk/mmtk-j3/Debug+Asserts/Statistics.bc /media/Data/Documents/Studies/MyWork/PhD/VMKit/vmkit_stale_ref/mmtk/mmtk-j3/Debug+Asserts/Strings.bc /media/Data/Documents/Studies/MyWork/PhD/VMKit/vmkit_stale_ref/mmtk/mmtk-j3/Debug+Asserts/SynchronizedCounter.bc /media/Data/Documents/Studies/MyWork/PhD/VMKit/vmkit_stale_ref/mmtk/mmtk-j3/Debug+Asserts/TraceInterface.bc /media/Data/Documents/Studies/MyWork/PhD/VMKit/vmkit_stale_ref/mmtk/mmtk-j3/Debug+Asserts/VM.bc
make[2]: Leaving directory `/media/Data/Documents/Studies/MyWork/PhD/VMKit/vmkit_stale_ref/mmtk/mmtk-j3'
make[2]: Entering directory `/media/Data/Documents/Studies/MyWork/PhD/VMKit/vmkit_stale_ref/mmtk/mmtk-alloc'
/home/koutheir/PhD/VMKit/llvm/autoconf/mkinstalldirs /media/Data/Documents/Studies/MyWork/PhD/VMKit/vmkit_stale_ref/mmtk/mmtk-alloc/Debug+Asserts > /dev/null
/bin/date > /media/Data/Documents/Studies/MyWork/PhD/VMKit/vmkit_stale_ref/mmtk/mmtk-alloc/Debug+Asserts/.dir
llvm[2]: Compiling Selected.cpp for Debug+Asserts build (bytecode)
if /home/koutheir/PhD/VMKit/llvm/Debug+Asserts/bin/clang++ -I/home/koutheir/PhD/VMKit/llvm/include -I/media/Data/Documents/Studies/MyWork/PhD/VMKit/vmkit_stale_ref/include -I/media/Data/Documents/Studies/MyWork/PhD/VMKit/vmkit_stale_ref/mmtk/mmtk-alloc  -D_DEBUG -D_GNU_SOURCE -D__STDC_CONSTANT_MACROS -D__STDC_FORMAT_MACROS -D__STDC_LIMIT_MACROS -I/media/Data/Documents/Studies/MyWork/PhD/VMKit/vmkit_stale_ref/mmtk/mmtk-alloc/../../lib/j3/VMCore -g -fvisibility-inlines-hidden -fno-exceptions -fno-rtti -fPIC -Woverloaded-virtual -Wcast-qual -I/media/Data/Documents/Studies/MyWork/PhD/VMKit/vmkit_stale_ref/lib/vmkit/MMTk -fno-exceptions -Wno-variadic-macros -fno-omit-frame-pointer -fno-strict-aliasing -Wno-deprecated -ansi -fno-rtti -O0   -pedantic -Wno-long-long -Wall -W -Wno-unused-parameter -Wwrite-strings   -MMD -MP -MF "/media/Data/Documents/Studies/MyWork/PhD/VMKit/vmkit_stale_ref/mmtk/mmtk-alloc/Debug+Asserts/Selected.bc.d.tmp" -MT "/media/Data/Documents/Studies/MyWork/PhD/VMKit/vmkit_stale_ref/mmtk/mmtk-alloc/Debug+Asserts/Selected.ll" -MT "/media/Data/Documents/Studies/MyWork/PhD/VMKit/vmkit_stale_ref/mmtk/mmtk-alloc/Debug+Asserts/Selected.bc.d" \
			Selected.cpp -o /media/Data/Documents/Studies/MyWork/PhD/VMKit/vmkit_stale_ref/mmtk/mmtk-alloc/Debug+Asserts/Selected.ll -S "-emit-llvm" ; \
	        then /bin/mv -f "/media/Data/Documents/Studies/MyWork/PhD/VMKit/vmkit_stale_ref/mmtk/mmtk-alloc/Debug+Asserts/Selected.bc.d.tmp" "/media/Data/Documents/Studies/MyWork/PhD/VMKit/vmkit_stale_ref/mmtk/mmtk-alloc/Debug+Asserts/Selected.bc.d"; else /bin/rm "/media/Data/Documents/Studies/MyWork/PhD/VMKit/vmkit_stale_ref/mmtk/mmtk-alloc/Debug+Asserts/Selected.bc.d.tmp"; exit 1; fi
llvm[2]: Compiling Selected.ll to Selected.bc for Debug+Asserts build (bytecode)
/home/koutheir/PhD/VMKit/llvm/Debug+Asserts/bin/opt /media/Data/Documents/Studies/MyWork/PhD/VMKit/vmkit_stale_ref/mmtk/mmtk-alloc/Debug+Asserts/Selected.ll -std-compile-opts -o /media/Data/Documents/Studies/MyWork/PhD/VMKit/vmkit_stale_ref/mmtk/mmtk-alloc/Debug+Asserts/Selected.bc
llvm[2]: Building Debug+Asserts Bytecode Module MMTKAlloc.bc
/home/koutheir/PhD/VMKit/llvm/Debug+Asserts/bin/llvm-link -o /media/Data/Documents/Studies/MyWork/PhD/VMKit/vmkit_stale_ref/Debug+Asserts/lib/MMTKAlloc.bc /media/Data/Documents/Studies/MyWork/PhD/VMKit/vmkit_stale_ref/mmtk/mmtk-alloc/Debug+Asserts/Selected.bc
make[2]: Leaving directory `/media/Data/Documents/Studies/MyWork/PhD/VMKit/vmkit_stale_ref/mmtk/mmtk-alloc'
make[2]: Entering directory `/media/Data/Documents/Studies/MyWork/PhD/VMKit/vmkit_stale_ref/mmtk/java'
/usr/bin/ant -buildfile /media/Data/Documents/Studies/MyWork/PhD/VMKit/vmkit_stale_ref/mmtk/java/build.xml
Buildfile: /media/Data/Documents/Studies/MyWork/PhD/VMKit/vmkit_stale_ref/mmtk/java/build.xml

main:
    [mkdir] Created dir: /media/Data/Documents/Studies/MyWork/PhD/VMKit/vmkit_stale_ref/mmtk/java/classes
    [javac] Compiling 380 source files to /media/Data/Documents/Studies/MyWork/PhD/VMKit/vmkit_stale_ref/mmtk/java/classes
    [javac] Note: Some input files use or override a deprecated API.
    [javac] Note: Recompile with -Xlint:deprecation for details.
      [jar] Building jar: /media/Data/Documents/Studies/MyWork/PhD/VMKit/vmkit_stale_ref/mmtk/java/mmtk-vmkit.jar

BUILD SUCCESSFUL
Total time: 15 seconds
llvm[2]: Building Debug+Asserts mmtk-vmkit.jar all
/home/koutheir/PhD/VMKit/llvm/Debug+Asserts/bin/opt -load=/media/Data/Documents/Studies/MyWork/PhD/VMKit/vmkit_stale_ref/Debug+Asserts/lib/JITGCPass.so  -JITGCPass -f /media/Data/Documents/Studies/MyWork/PhD/VMKit/vmkit_stale_ref/Debug+Asserts/lib/MMTKAlloc.bc -o /media/Data/Documents/Studies/MyWork/PhD/VMKit/vmkit_stale_ref/Debug+Asserts/lib/MMTKAlloc.bc
/media/Data/Documents/Studies/MyWork/PhD/VMKit/vmkit_stale_ref/Debug+Asserts/bin/vmjc  -load=/media/Data/Documents/Studies/MyWork/PhD/VMKit/vmkit_stale_ref/Debug+Asserts/lib/MMTKRuntime.so -load=/media/Data/Documents/Studies/MyWork/PhD/VMKit/vmkit_stale_ref/Debug+Asserts/lib/MMTKMagic.so -LowerMagic /media/Data/Documents/Studies/MyWork/PhD/VMKit/vmkit_stale_ref/mmtk/java/mmtk-vmkit.jar -disable-exceptions -disable-cooperativegc -with-clinit=org/mmtk/vm/VM,org/mmtk/utility/*,org/mmtk/policy/*,org/j3/config/* -Dmmtk.hostjvm=org.j3.mmtk.Factory -o mmtk-vmkit.bc -Dmmtk.properties=/media/Data/Documents/Studies/MyWork/PhD/VMKit/vmkit_stale_ref/mmtk/java/vmkit.properties -disable-stubs -assume-compiled
/home/koutheir/PhD/VMKit/llvm/Debug+Asserts/bin/opt -load=/media/Data/Documents/Studies/MyWork/PhD/VMKit/vmkit_stale_ref/Debug+Asserts/lib/MMTKMagic.so  -LowerJavaRT -f mmtk-vmkit.bc -o mmtk-vmkit-optimized.bc
/home/koutheir/PhD/VMKit/llvm/Debug+Asserts/bin/llvm-link -o /media/Data/Documents/Studies/MyWork/PhD/VMKit/vmkit_stale_ref/Debug+Asserts/lib/FinalMMTk.bc /media/Data/Documents/Studies/MyWork/PhD/VMKit/vmkit_stale_ref/Debug+Asserts/lib/MMTKAlloc.bc mmtk-vmkit-optimized.bc /media/Data/Documents/Studies/MyWork/PhD/VMKit/vmkit_stale_ref/Debug+Asserts/lib/MMTKRuntime.bc
WARNING: Linking two modules of different data layouts!
WARNING: Linking two modules of different target triples: mmtk-vmkit-optimized.bc: 'i686-pc-linux-gnu' and 'i386-pc-linux-gnu'
/home/koutheir/PhD/VMKit/llvm/Debug+Asserts/bin/opt /media/Data/Documents/Studies/MyWork/PhD/VMKit/vmkit_stale_ref/Debug+Asserts/lib/FinalMMTk.bc -load=/media/Data/Documents/Studies/MyWork/PhD/VMKit/vmkit_stale_ref/Debug+Asserts/lib/StaticGCPass.so  -StaticGCPass -o /media/Data/Documents/Studies/MyWork/PhD/VMKit/vmkit_stale_ref/Debug+Asserts/lib/FinalMMTk.bc
/home/koutheir/PhD/VMKit/llvm/autoconf/mkinstalldirs /media/Data/Documents/Studies/MyWork/PhD/VMKit/vmkit_stale_ref/mmtk/java/Debug+Asserts
/home/koutheir/PhD/VMKit/llvm/Debug+Asserts/bin/llc -O=0 -asm-verbose -disable-fp-elim -disable-cfi -load=/media/Data/Documents/Studies/MyWork/PhD/VMKit/vmkit_stale_ref/Debug+Asserts/lib/StaticGCPrinter.so /media/Data/Documents/Studies/MyWork/PhD/VMKit/vmkit_stale_ref/Debug+Asserts/lib/FinalMMTk.bc -o /media/Data/Documents/Studies/MyWork/PhD/VMKit/vmkit_stale_ref/mmtk/java/Debug+Asserts/FinalMMTk.s
/bin/grep -v '\.loc[^0-9]\+[0-9]\+ 0' /media/Data/Documents/Studies/MyWork/PhD/VMKit/vmkit_stale_ref/mmtk/java/Debug+Asserts/FinalMMTk.s > /media/Data/Documents/Studies/MyWork/PhD/VMKit/vmkit_stale_ref/mmtk/java/Debug+Asserts/FinalMMTk.s.remove_invalid_dot_loc
/bin/mv -f /media/Data/Documents/Studies/MyWork/PhD/VMKit/vmkit_stale_ref/mmtk/java/Debug+Asserts/FinalMMTk.s.remove_invalid_dot_loc /media/Data/Documents/Studies/MyWork/PhD/VMKit/vmkit_stale_ref/mmtk/java/Debug+Asserts/FinalMMTk.s
/home/koutheir/PhD/VMKit/llvm/Debug+Asserts/bin/clang -c /media/Data/Documents/Studies/MyWork/PhD/VMKit/vmkit_stale_ref/mmtk/java/Debug+Asserts/FinalMMTk.s -o /media/Data/Documents/Studies/MyWork/PhD/VMKit/vmkit_stale_ref/mmtk/java/Debug+Asserts/FinalMMTk.o
ar cru >/dev/null 2>/dev/null /media/Data/Documents/Studies/MyWork/PhD/VMKit/vmkit_stale_ref/Debug+Asserts/lib/libFinalMMTk.a /media/Data/Documents/Studies/MyWork/PhD/VMKit/vmkit_stale_ref/mmtk/java/Debug+Asserts/FinalMMTk.o
ranlib /media/Data/Documents/Studies/MyWork/PhD/VMKit/vmkit_stale_ref/Debug+Asserts/lib/libFinalMMTk.a
/home/koutheir/PhD/VMKit/llvm/Debug+Asserts/bin/llc -O=0 -march=cpp -cppgen=function -cppfor=gcmalloc /media/Data/Documents/Studies/MyWork/PhD/VMKit/vmkit_stale_ref/Debug+Asserts/lib/FinalMMTk.bc -o /media/Data/Documents/Studies/MyWork/PhD/VMKit/vmkit_stale_ref/mmtk/inline/MMTkMallocInline.inc
/home/koutheir/PhD/VMKit/llvm/Debug+Asserts/bin/llc -O=0 -march=cpp -cppgen=function -cppfor=fieldWriteBarrier /media/Data/Documents/Studies/MyWork/PhD/VMKit/vmkit_stale_ref/Debug+Asserts/lib/FinalMMTk.bc -o /media/Data/Documents/Studies/MyWork/PhD/VMKit/vmkit_stale_ref/mmtk/inline/MMTkFieldWriteInline.inc
/home/koutheir/PhD/VMKit/llvm/Debug+Asserts/bin/llc -O=0 -march=cpp -cppgen=function -cppfor=arrayWriteBarrier /media/Data/Documents/Studies/MyWork/PhD/VMKit/vmkit_stale_ref/Debug+Asserts/lib/FinalMMTk.bc -o /media/Data/Documents/Studies/MyWork/PhD/VMKit/vmkit_stale_ref/mmtk/inline/MMTkArrayWriteInline.inc
/home/koutheir/PhD/VMKit/llvm/Debug+Asserts/bin/llc -O=0 -march=cpp -cppgen=function -cppfor=nonHeapWriteBarrier /media/Data/Documents/Studies/MyWork/PhD/VMKit/vmkit_stale_ref/Debug+Asserts/lib/FinalMMTk.bc -o /media/Data/Documents/Studies/MyWork/PhD/VMKit/vmkit_stale_ref/mmtk/inline/MMTkNonHeapWriteInline.inc
make[2]: Leaving directory `/media/Data/Documents/Studies/MyWork/PhD/VMKit/vmkit_stale_ref/mmtk/java'
make[2]: Entering directory `/media/Data/Documents/Studies/MyWork/PhD/VMKit/vmkit_stale_ref/mmtk/inline'
/home/koutheir/PhD/VMKit/llvm/autoconf/mkinstalldirs /media/Data/Documents/Studies/MyWork/PhD/VMKit/vmkit_stale_ref/mmtk/inline/Debug+Asserts > /dev/null
/bin/date > /media/Data/Documents/Studies/MyWork/PhD/VMKit/vmkit_stale_ref/mmtk/inline/Debug+Asserts/.dir
llvm[2]: Compiling InlineMethods.cpp for Debug+Asserts build (bytecode)
if /home/koutheir/PhD/VMKit/llvm/Debug+Asserts/bin/clang++ -I/home/koutheir/PhD/VMKit/llvm/include -I/media/Data/Documents/Studies/MyWork/PhD/VMKit/vmkit_stale_ref/include -I/media/Data/Documents/Studies/MyWork/PhD/VMKit/vmkit_stale_ref/mmtk/inline  -D_DEBUG -D_GNU_SOURCE -D__STDC_CONSTANT_MACROS -D__STDC_FORMAT_MACROS -D__STDC_LIMIT_MACROS -g -fvisibility-inlines-hidden -fno-exceptions -fno-rtti -fPIC -Woverloaded-virtual -Wcast-qual -I/media/Data/Documents/Studies/MyWork/PhD/VMKit/vmkit_stale_ref/lib/vmkit/MMTk -fno-exceptions -Wno-variadic-macros -fno-omit-frame-pointer -fno-strict-aliasing -Wno-deprecated -ansi -fno-rtti -O0   -pedantic -Wno-long-long -Wall -W -Wno-unused-parameter -Wwrite-strings   -Wno-unused-variable -MMD -MP -MF "/media/Data/Documents/Studies/MyWork/PhD/VMKit/vmkit_stale_ref/mmtk/inline/Debug+Asserts/InlineMethods.bc.d.tmp" -MT "/media/Data/Documents/Studies/MyWork/PhD/VMKit/vmkit_stale_ref/mmtk/inline/Debug+Asserts/InlineMethods.ll" -MT "/media/Data/Documents/Studies/MyWork/PhD/VMKit/vmkit_stale_ref/mmtk/inline/Debug+Asserts/InlineMethods.bc.d" \
			InlineMethods.cpp -o /media/Data/Documents/Studies/MyWork/PhD/VMKit/vmkit_stale_ref/mmtk/inline/Debug+Asserts/InlineMethods.ll -S "-emit-llvm" ; \
	        then /bin/mv -f "/media/Data/Documents/Studies/MyWork/PhD/VMKit/vmkit_stale_ref/mmtk/inline/Debug+Asserts/InlineMethods.bc.d.tmp" "/media/Data/Documents/Studies/MyWork/PhD/VMKit/vmkit_stale_ref/mmtk/inline/Debug+Asserts/InlineMethods.bc.d"; else /bin/rm "/media/Data/Documents/Studies/MyWork/PhD/VMKit/vmkit_stale_ref/mmtk/inline/Debug+Asserts/InlineMethods.bc.d.tmp"; exit 1; fi
llvm[2]: Compiling InlineMethods.ll to InlineMethods.bc for Debug+Asserts build (bytecode)
/home/koutheir/PhD/VMKit/llvm/Debug+Asserts/bin/opt /media/Data/Documents/Studies/MyWork/PhD/VMKit/vmkit_stale_ref/mmtk/inline/Debug+Asserts/InlineMethods.ll -load=/media/Data/Documents/Studies/MyWork/PhD/VMKit/vmkit_stale_ref/Debug+Asserts/lib/StaticGCPass.so -inline -StaticGCPass -o /media/Data/Documents/Studies/MyWork/PhD/VMKit/vmkit_stale_ref/mmtk/inline/Debug+Asserts/InlineMethods_gc.bc
llvm[2]: Compiling InlineMethods.bc to InlineMethods.s for Debug+Asserts build
/home/koutheir/PhD/VMKit/llvm/Debug+Asserts/bin/llc -O=0 -asm-verbose -disable-cfi -disable-fp-elim -load=/media/Data/Documents/Studies/MyWork/PhD/VMKit/vmkit_stale_ref/Debug+Asserts/lib/StaticGCPrinter.so /media/Data/Documents/Studies/MyWork/PhD/VMKit/vmkit_stale_ref/mmtk/inline/Debug+Asserts/InlineMethods_gc.bc -o /media/Data/Documents/Studies/MyWork/PhD/VMKit/vmkit_stale_ref/mmtk/inline/Debug+Asserts/InlineMethods_gc.s
llvm[2]: Compiling InlineMethods.s for Debug+Asserts build
gcc -I/home/koutheir/PhD/VMKit/llvm/include -I/media/Data/Documents/Studies/MyWork/PhD/VMKit/vmkit_stale_ref/include -I/media/Data/Documents/Studies/MyWork/PhD/VMKit/vmkit_stale_ref/mmtk/inline  -D_DEBUG -D_GNU_SOURCE -D__STDC_CONSTANT_MACROS -D__STDC_FORMAT_MACROS -D__STDC_LIMIT_MACROS -g -fPIC -O0   -pedantic -Wno-long-long -Wall -W -Wno-unused-parameter -Wwrite-strings   -Wno-unused-variable -c /media/Data/Documents/Studies/MyWork/PhD/VMKit/vmkit_stale_ref/mmtk/inline/Debug+Asserts/InlineMethods_gc.s -o /media/Data/Documents/Studies/MyWork/PhD/VMKit/vmkit_stale_ref/mmtk/inline/Debug+Asserts/InlineMethods_gc.o
llvm[2]: Building Debug+Asserts Archive Library libInlineMMTk.a
/bin/rm -f /media/Data/Documents/Studies/MyWork/PhD/VMKit/vmkit_stale_ref/Debug+Asserts/lib/libInlineMMTk.a
ar cru >/dev/null 2>/dev/null /media/Data/Documents/Studies/MyWork/PhD/VMKit/vmkit_stale_ref/Debug+Asserts/lib/libInlineMMTk.a /media/Data/Documents/Studies/MyWork/PhD/VMKit/vmkit_stale_ref/mmtk/inline/Debug+Asserts/InlineMethods_gc.o
ranlib /media/Data/Documents/Studies/MyWork/PhD/VMKit/vmkit_stale_ref/Debug+Asserts/lib/libInlineMMTk.a
make[2]: Leaving directory `/media/Data/Documents/Studies/MyWork/PhD/VMKit/vmkit_stale_ref/mmtk/inline'
make[1]: Leaving directory `/media/Data/Documents/Studies/MyWork/PhD/VMKit/vmkit_stale_ref/mmtk'
make[1]: Entering directory `/media/Data/Documents/Studies/MyWork/PhD/VMKit/vmkit_stale_ref/tools/precompiler'
nm /media/Data/Documents/Studies/MyWork/PhD/VMKit/vmkit_stale_ref/Debug+Asserts/lib/libClasspath.a /media/Data/Documents/Studies/MyWork/PhD/VMKit/vmkit_stale_ref/Debug+Asserts/lib/libJ3.a /media/Data/Documents/Studies/MyWork/PhD/VMKit/vmkit_stale_ref/Debug+Asserts/lib/libJ3Compiler.a /media/Data/Documents/Studies/MyWork/PhD/VMKit/vmkit_stale_ref/Debug+Asserts/lib/libVmkit.a /media/Data/Documents/Studies/MyWork/PhD/VMKit/vmkit_stale_ref/Debug+Asserts/lib/libVmkitCompiler.a /media/Data/Documents/Studies/MyWork/PhD/VMKit/vmkit_stale_ref/Debug+Asserts/lib/libCommonThread.a /media/Data/Documents/Studies/MyWork/PhD/VMKit/vmkit_stale_ref/Debug+Asserts/lib/libFinalMMTk.a | grep __frametable | sed 's/\([a-f0-9]*\) \([a-zA-Z]*\) _*\([a-zA-Z0-9_]*\)/\&\3,/' > FrametablesSymbols.inc
nm /media/Data/Documents/Studies/MyWork/PhD/VMKit/vmkit_stale_ref/Debug+Asserts/lib/libClasspath.a /media/Data/Documents/Studies/MyWork/PhD/VMKit/vmkit_stale_ref/Debug+Asserts/lib/libJ3.a /media/Data/Documents/Studies/MyWork/PhD/VMKit/vmkit_stale_ref/Debug+Asserts/lib/libJ3Compiler.a /media/Data/Documents/Studies/MyWork/PhD/VMKit/vmkit_stale_ref/Debug+Asserts/lib/libVmkit.a /media/Data/Documents/Studies/MyWork/PhD/VMKit/vmkit_stale_ref/Debug+Asserts/lib/libVmkitCompiler.a /media/Data/Documents/Studies/MyWork/PhD/VMKit/vmkit_stale_ref/Debug+Asserts/lib/libCommonThread.a /media/Data/Documents/Studies/MyWork/PhD/VMKit/vmkit_stale_ref/Debug+Asserts/lib/libFinalMMTk.a | grep __frametable | sed 's/\([a-f0-9]*\) \([a-zA-Z]*\) _*\([a-zA-Z0-9_]*\)/extern "C" CompiledFrames \3;/' > FrametablesExterns.inc
/home/koutheir/PhD/VMKit/llvm/autoconf/mkinstalldirs /media/Data/Documents/Studies/MyWork/PhD/VMKit/vmkit_stale_ref/tools/precompiler/Debug+Asserts > /dev/null
/bin/date > /media/Data/Documents/Studies/MyWork/PhD/VMKit/vmkit_stale_ref/tools/precompiler/Debug+Asserts/.dir
llvm[1]: Compiling Precompiler.cpp for Debug+Asserts build
if  g++ -I/home/koutheir/PhD/VMKit/llvm/include -I/media/Data/Documents/Studies/MyWork/PhD/VMKit/vmkit_stale_ref/include -I/media/Data/Documents/Studies/MyWork/PhD/VMKit/vmkit_stale_ref/tools/precompiler  -D_DEBUG -D_GNU_SOURCE -D__STDC_CONSTANT_MACROS -D__STDC_FORMAT_MACROS -D__STDC_LIMIT_MACROS -g -fvisibility-inlines-hidden -fno-exceptions -fno-rtti -fPIC -Woverloaded-virtual -Wcast-qual -I/media/Data/Documents/Studies/MyWork/PhD/VMKit/vmkit_stale_ref/lib/vmkit/MMTk -fno-exceptions -Wno-variadic-macros -fno-omit-frame-pointer -fno-strict-aliasing -Wno-deprecated -ansi -fno-rtti -O0   -pedantic -Wno-long-long -Wall -W -Wno-unused-parameter -Wwrite-strings   -c -MMD -MP -MF "/media/Data/Documents/Studies/MyWork/PhD/VMKit/vmkit_stale_ref/tools/precompiler/Debug+Asserts/Precompiler.d.tmp" -MT "/media/Data/Documents/Studies/MyWork/PhD/VMKit/vmkit_stale_ref/tools/precompiler/Debug+Asserts/Precompiler.o" -MT "/media/Data/Documents/Studies/MyWork/PhD/VMKit/vmkit_stale_ref/tools/precompiler/Debug+Asserts/Precompiler.d" Precompiler.cpp -o /media/Data/Documents/Studies/MyWork/PhD/VMKit/vmkit_stale_ref/tools/precompiler/Debug+Asserts/Precompiler.o ; \
	        then /bin/mv -f "/media/Data/Documents/Studies/MyWork/PhD/VMKit/vmkit_stale_ref/tools/precompiler/Debug+Asserts/Precompiler.d.tmp" "/media/Data/Documents/Studies/MyWork/PhD/VMKit/vmkit_stale_ref/tools/precompiler/Debug+Asserts/Precompiler.d"; else /bin/rm "/media/Data/Documents/Studies/MyWork/PhD/VMKit/vmkit_stale_ref/tools/precompiler/Debug+Asserts/Precompiler.d.tmp"; exit 1; fi
llvm[1]: Linking Debug+Asserts executable precompiler
g++ -I/home/koutheir/PhD/VMKit/llvm/include -I/media/Data/Documents/Studies/MyWork/PhD/VMKit/vmkit_stale_ref/include -I/media/Data/Documents/Studies/MyWork/PhD/VMKit/vmkit_stale_ref/tools/precompiler  -D_DEBUG -D_GNU_SOURCE -D__STDC_CONSTANT_MACROS -D__STDC_FORMAT_MACROS -D__STDC_LIMIT_MACROS -g -fvisibility-inlines-hidden -fno-exceptions -fno-rtti -fPIC -Woverloaded-virtual -Wcast-qual -I/media/Data/Documents/Studies/MyWork/PhD/VMKit/vmkit_stale_ref/lib/vmkit/MMTk -fno-exceptions -Wno-variadic-macros -fno-omit-frame-pointer -fno-strict-aliasing -Wno-deprecated -ansi -fno-rtti -O0 -g -Wl,-R -Wl,'$ORIGIN/../lib' -Wl,-R -Wl,/media/Data/Documents/Studies/MyWork/PhD/VMKit/vmkit_stale_ref/Debug+Asserts/bin -Wl,-export-dynamic -L/media/Data/Documents/Studies/MyWork/PhD/VMKit/vmkit_stale_ref/Debug+Asserts/lib -L/home/koutheir/PhD/VMKit/llvm/Debug+Asserts/lib    -pedantic -Wno-long-long -Wall -W -Wno-unused-parameter -Wwrite-strings    -o /media/Data/Documents/Studies/MyWork/PhD/VMKit/vmkit_stale_ref/Debug+Asserts/bin/precompiler  /media/Data/Documents/Studies/MyWork/PhD/VMKit/vmkit_stale_ref/tools/precompiler/Debug+Asserts/Precompiler.o -lClasspath -lJ3 -lJ3Compiler -lVmkit -lVmkitCompiler -lCommonThread -lFinalMMTk \
	-lLLVMBitWriter -lLLVMLinker -lLLVMArchive -lLLVMBitReader -lLLVMAsmParser -lLLVMipo -lLLVMVectorize -lLLVMInstrumentation -lLLVMX86CodeGen -lLLVMX86Desc -lLLVMX86Info -lLLVMX86AsmPrinter -lLLVMX86Utils -lLLVMSelectionDAG -lLLVMAsmPrinter -lLLVMMCParser -lLLVMJIT -lLLVMRuntimeDyld -lLLVMExecutionEngine -lLLVMCodeGen -lLLVMScalarOpts -lLLVMInstCombine -lLLVMTransformUtils -lLLVMipa -lLLVMAnalysis -lLLVMTarget -lLLVMMC -lLLVMObject -lLLVMCore -lLLVMSupport   -lpthread -ldl -lm  -lz
llvm[1]: ======= Finished Linking Debug+Asserts Executable precompiler
for dir in trainer; do \
	  (make -C $dir all ) || exit 1; \
	done
make[2]: Entering directory `/media/Data/Documents/Studies/MyWork/PhD/VMKit/vmkit_stale_ref/tools/precompiler/trainer'
llvm[2]: Compiling trainer
javac HelloWorld.java -d .
llvm[2]: Pre-compiling bootstrap code
/media/Data/Documents/Studies/MyWork/PhD/VMKit/vmkit_stale_ref/Debug+Asserts/bin/precompiler -cp $PWD HelloWorld 
Hello World
----------------- Info from the module -----------------
Number of native classes            : 583
Number of Java classes              : 0
Number of external array classes    : 0
Number of virtual tables            : 583
Number of static instances          : 389
Number of constant pools            : 389
Number of strings                   : 0
Number of native functions          : 16
----------------- Total size in .data ------------------
63552B
llvm[2]: Building precompiled bootstrap code
/home/koutheir/PhD/VMKit/llvm/autoconf/mkinstalldirs /media/Data/Documents/Studies/MyWork/PhD/VMKit/vmkit_stale_ref/tools/precompiler/trainer/Debug+Asserts
/home/koutheir/PhD/VMKit/llvm/Debug+Asserts/bin/llc -disable-branch-fold -disable-cfi -disable-debug-info-print -disable-fp-elim  -load=/media/Data/Documents/Studies/MyWork/PhD/VMKit/vmkit_stale_ref/Debug+Asserts/lib/StaticGCPrinter.so generated.bc -o /media/Data/Documents/Studies/MyWork/PhD/VMKit/vmkit_stale_ref/tools/precompiler/trainer/Debug+Asserts/Precompiled.s
gcc -c /media/Data/Documents/Studies/MyWork/PhD/VMKit/vmkit_stale_ref/tools/precompiler/trainer/Debug+Asserts/Precompiled.s -o /media/Data/Documents/Studies/MyWork/PhD/VMKit/vmkit_stale_ref/tools/precompiler/trainer/Debug+Asserts/Precompiled.o
ar cru >/dev/null 2>/dev/null /media/Data/Documents/Studies/MyWork/PhD/VMKit/vmkit_stale_ref/Debug+Asserts/lib/libPrecompiled.a /media/Data/Documents/Studies/MyWork/PhD/VMKit/vmkit_stale_ref/tools/precompiler/trainer/Debug+Asserts/Precompiled.o
ranlib /media/Data/Documents/Studies/MyWork/PhD/VMKit/vmkit_stale_ref/Debug+Asserts/lib/libPrecompiled.a
/bin/cp generated.bc Precompiled.bc
llvm[2]: Pre-compiling classes
/media/Data/Documents/Studies/MyWork/PhD/VMKit/vmkit_stale_ref/Debug+Asserts/bin/precompiler -emit-class-bytes 
llvm[2]: Building precompiled classes
/home/koutheir/PhD/VMKit/llvm/autoconf/mkinstalldirs /media/Data/Documents/Studies/MyWork/PhD/VMKit/vmkit_stale_ref/tools/precompiler/trainer/Debug+Asserts
/home/koutheir/PhD/VMKit/llvm/Debug+Asserts/bin/llc classes.bc -o /media/Data/Documents/Studies/MyWork/PhD/VMKit/vmkit_stale_ref/tools/precompiler/trainer/Debug+Asserts/BootstrapClasses.s
gcc -c /media/Data/Documents/Studies/MyWork/PhD/VMKit/vmkit_stale_ref/tools/precompiler/trainer/Debug+Asserts/BootstrapClasses.s -o /media/Data/Documents/Studies/MyWork/PhD/VMKit/vmkit_stale_ref/tools/precompiler/trainer/Debug+Asserts/BootstrapClasses.o
ar cru >/dev/null 2>/dev/null /media/Data/Documents/Studies/MyWork/PhD/VMKit/vmkit_stale_ref/Debug+Asserts/lib/libBootstrapClasses.a /media/Data/Documents/Studies/MyWork/PhD/VMKit/vmkit_stale_ref/tools/precompiler/trainer/Debug+Asserts/BootstrapClasses.o
ranlib /media/Data/Documents/Studies/MyWork/PhD/VMKit/vmkit_stale_ref/Debug+Asserts/lib/libBootstrapClasses.a
/bin/cp classes.bc BootstrapClasses.bc
make[2]: Leaving directory `/media/Data/Documents/Studies/MyWork/PhD/VMKit/vmkit_stale_ref/tools/precompiler/trainer'
make[1]: Leaving directory `/media/Data/Documents/Studies/MyWork/PhD/VMKit/vmkit_stale_ref/tools/precompiler'
make[1]: Entering directory `/media/Data/Documents/Studies/MyWork/PhD/VMKit/vmkit_stale_ref/tools'
\
	  SD=/media/Data/Documents/Studies/MyWork/PhD/VMKit/vmkit_stale_ref/tools/j3; \
	  DD=j3; \
	  if [ ! -f $SD/Makefile ]; then \
	    SD=j3; \
	    DD=j3; \
	  fi; \
	  if ([ ! -f $DD/Makefile ] || \
	            command test $DD/Makefile -ot \
                      $SD/Makefile ); then \
	  /home/koutheir/PhD/VMKit/llvm/autoconf/mkinstalldirs $DD; \
	  /bin/cp $SD/Makefile $DD/Makefile; \
	fi; \
	make -C $DD all
make[2]: Entering directory `/media/Data/Documents/Studies/MyWork/PhD/VMKit/vmkit_stale_ref/tools/j3'
nm /media/Data/Documents/Studies/MyWork/PhD/VMKit/vmkit_stale_ref/Debug+Asserts/lib/libClasspath.a /media/Data/Documents/Studies/MyWork/PhD/VMKit/vmkit_stale_ref/Debug+Asserts/lib/libJ3.a /media/Data/Documents/Studies/MyWork/PhD/VMKit/vmkit_stale_ref/Debug+Asserts/lib/libJ3Compiler.a /media/Data/Documents/Studies/MyWork/PhD/VMKit/vmkit_stale_ref/Debug+Asserts/lib/libVmkit.a /media/Data/Documents/Studies/MyWork/PhD/VMKit/vmkit_stale_ref/Debug+Asserts/lib/libVmkitCompiler.a /media/Data/Documents/Studies/MyWork/PhD/VMKit/vmkit_stale_ref/Debug+Asserts/lib/libCommonThread.a /media/Data/Documents/Studies/MyWork/PhD/VMKit/vmkit_stale_ref/Debug+Asserts/lib/libFinalMMTk.a /media/Data/Documents/Studies/MyWork/PhD/VMKit/vmkit_stale_ref/Debug+Asserts/lib/libInlineMMTk.a /media/Data/Documents/Studies/MyWork/PhD/VMKit/vmkit_stale_ref/Debug+Asserts/lib/libPrecompiled.a /media/Data/Documents/Studies/MyWork/PhD/VMKit/vmkit_stale_ref/Debug+Asserts/lib/libBootstrapClasses.a | grep __frametable | sed 's/\([a-f0-9]*\) \([a-zA-Z]*\) _*\([a-zA-Z0-9_]*\)/\&\3,/' > FrametablesSymbols.inc
nm /media/Data/Documents/Studies/MyWork/PhD/VMKit/vmkit_stale_ref/Debug+Asserts/lib/libClasspath.a /media/Data/Documents/Studies/MyWork/PhD/VMKit/vmkit_stale_ref/Debug+Asserts/lib/libJ3.a /media/Data/Documents/Studies/MyWork/PhD/VMKit/vmkit_stale_ref/Debug+Asserts/lib/libJ3Compiler.a /media/Data/Documents/Studies/MyWork/PhD/VMKit/vmkit_stale_ref/Debug+Asserts/lib/libVmkit.a /media/Data/Documents/Studies/MyWork/PhD/VMKit/vmkit_stale_ref/Debug+Asserts/lib/libVmkitCompiler.a /media/Data/Documents/Studies/MyWork/PhD/VMKit/vmkit_stale_ref/Debug+Asserts/lib/libCommonThread.a /media/Data/Documents/Studies/MyWork/PhD/VMKit/vmkit_stale_ref/Debug+Asserts/lib/libFinalMMTk.a /media/Data/Documents/Studies/MyWork/PhD/VMKit/vmkit_stale_ref/Debug+Asserts/lib/libInlineMMTk.a /media/Data/Documents/Studies/MyWork/PhD/VMKit/vmkit_stale_ref/Debug+Asserts/lib/libPrecompiled.a /media/Data/Documents/Studies/MyWork/PhD/VMKit/vmkit_stale_ref/Debug+Asserts/lib/libBootstrapClasses.a | grep __frametable | sed 's/\([a-f0-9]*\) \([a-zA-Z]*\) _*\([a-zA-Z0-9_]*\)/extern "C" CompiledFrames \3;/' > FrametablesExterns.inc
/home/koutheir/PhD/VMKit/llvm/autoconf/mkinstalldirs /media/Data/Documents/Studies/MyWork/PhD/VMKit/vmkit_stale_ref/tools/j3/Debug+Asserts > /dev/null
/bin/date > /media/Data/Documents/Studies/MyWork/PhD/VMKit/vmkit_stale_ref/tools/j3/Debug+Asserts/.dir
llvm[2]: Compiling Main.cpp for Debug+Asserts build
if  g++ -I/home/koutheir/PhD/VMKit/llvm/include -I/media/Data/Documents/Studies/MyWork/PhD/VMKit/vmkit_stale_ref/include -I/media/Data/Documents/Studies/MyWork/PhD/VMKit/vmkit_stale_ref/tools/j3  -D_DEBUG -D_GNU_SOURCE -D__STDC_CONSTANT_MACROS -D__STDC_FORMAT_MACROS -D__STDC_LIMIT_MACROS -g -fvisibility-inlines-hidden -fno-exceptions -fno-rtti -fPIC -Woverloaded-virtual -Wcast-qual -I/media/Data/Documents/Studies/MyWork/PhD/VMKit/vmkit_stale_ref/lib/vmkit/MMTk -fno-exceptions -Wno-variadic-macros -fno-omit-frame-pointer -fno-strict-aliasing -Wno-deprecated -ansi -fno-rtti -O0   -pedantic -Wno-long-long -Wall -W -Wno-unused-parameter -Wwrite-strings   -c -MMD -MP -MF "/media/Data/Documents/Studies/MyWork/PhD/VMKit/vmkit_stale_ref/tools/j3/Debug+Asserts/Main.d.tmp" -MT "/media/Data/Documents/Studies/MyWork/PhD/VMKit/vmkit_stale_ref/tools/j3/Debug+Asserts/Main.o" -MT "/media/Data/Documents/Studies/MyWork/PhD/VMKit/vmkit_stale_ref/tools/j3/Debug+Asserts/Main.d" Main.cpp -o /media/Data/Documents/Studies/MyWork/PhD/VMKit/vmkit_stale_ref/tools/j3/Debug+Asserts/Main.o ; \
	        then /bin/mv -f "/media/Data/Documents/Studies/MyWork/PhD/VMKit/vmkit_stale_ref/tools/j3/Debug+Asserts/Main.d.tmp" "/media/Data/Documents/Studies/MyWork/PhD/VMKit/vmkit_stale_ref/tools/j3/Debug+Asserts/Main.d"; else /bin/rm "/media/Data/Documents/Studies/MyWork/PhD/VMKit/vmkit_stale_ref/tools/j3/Debug+Asserts/Main.d.tmp"; exit 1; fi
llvm[2]: Linking Debug+Asserts executable j3
g++ -I/home/koutheir/PhD/VMKit/llvm/include -I/media/Data/Documents/Studies/MyWork/PhD/VMKit/vmkit_stale_ref/include -I/media/Data/Documents/Studies/MyWork/PhD/VMKit/vmkit_stale_ref/tools/j3  -D_DEBUG -D_GNU_SOURCE -D__STDC_CONSTANT_MACROS -D__STDC_FORMAT_MACROS -D__STDC_LIMIT_MACROS -g -fvisibility-inlines-hidden -fno-exceptions -fno-rtti -fPIC -Woverloaded-virtual -Wcast-qual -I/media/Data/Documents/Studies/MyWork/PhD/VMKit/vmkit_stale_ref/lib/vmkit/MMTk -fno-exceptions -Wno-variadic-macros -fno-omit-frame-pointer -fno-strict-aliasing -Wno-deprecated -ansi -fno-rtti -O0 -g -Wl,-R -Wl,'$ORIGIN/../lib' -Wl,-R -Wl,/media/Data/Documents/Studies/MyWork/PhD/VMKit/vmkit_stale_ref/Debug+Asserts/bin -Wl,-export-dynamic -L/media/Data/Documents/Studies/MyWork/PhD/VMKit/vmkit_stale_ref/Debug+Asserts/lib -L/home/koutheir/PhD/VMKit/llvm/Debug+Asserts/lib    -pedantic -Wno-long-long -Wall -W -Wno-unused-parameter -Wwrite-strings    -o /media/Data/Documents/Studies/MyWork/PhD/VMKit/vmkit_stale_ref/Debug+Asserts/bin/j3  /media/Data/Documents/Studies/MyWork/PhD/VMKit/vmkit_stale_ref/tools/j3/Debug+Asserts/Main.o -lClasspath -lJ3 -lJ3Compiler -lVmkit -lVmkitCompiler -lCommonThread -lFinalMMTk -lInlineMMTk -lPrecompiled -lBootstrapClasses \
	-lLLVMipo -lLLVMVectorize -lLLVMInstrumentation -lLLVMX86CodeGen -lLLVMX86Desc -lLLVMX86Info -lLLVMX86AsmPrinter -lLLVMX86Utils -lLLVMSelectionDAG -lLLVMAsmPrinter -lLLVMMCParser -lLLVMJIT -lLLVMRuntimeDyld -lLLVMExecutionEngine -lLLVMCodeGen -lLLVMScalarOpts -lLLVMInstCombine -lLLVMTransformUtils -lLLVMipa -lLLVMAnalysis -lLLVMTarget -lLLVMMC -lLLVMObject -lLLVMCore -lLLVMSupport   -lpthread -ldl -lm  -lz
llvm[2]: ======= Finished Linking Debug+Asserts Executable j3
make[2]: Leaving directory `/media/Data/Documents/Studies/MyWork/PhD/VMKit/vmkit_stale_ref/tools/j3'
\
	  SD=/media/Data/Documents/Studies/MyWork/PhD/VMKit/vmkit_stale_ref/tools/vmjc; \
	  DD=vmjc; \
	  if [ ! -f $SD/Makefile ]; then \
	    SD=vmjc; \
	    DD=vmjc; \
	  fi; \
	  if ([ ! -f $DD/Makefile ] || \
	            command test $DD/Makefile -ot \
                      $SD/Makefile ); then \
	  /home/koutheir/PhD/VMKit/llvm/autoconf/mkinstalldirs $DD; \
	  /bin/cp $SD/Makefile $DD/Makefile; \
	fi; \
	make -C $DD all
make[2]: Entering directory `/media/Data/Documents/Studies/MyWork/PhD/VMKit/vmkit_stale_ref/tools/vmjc'
make[2]: Nothing to be done for `all'.
make[2]: Leaving directory `/media/Data/Documents/Studies/MyWork/PhD/VMKit/vmkit_stale_ref/tools/vmjc'
\
	  SD=/media/Data/Documents/Studies/MyWork/PhD/VMKit/vmkit_stale_ref/tools/llcj; \
	  DD=llcj; \
	  if [ ! -f $SD/Makefile ]; then \
	    SD=llcj; \
	    DD=llcj; \
	  fi; \
	  if ([ ! -f $DD/Makefile ] || \
	            command test $DD/Makefile -ot \
                      $SD/Makefile ); then \
	  /home/koutheir/PhD/VMKit/llvm/autoconf/mkinstalldirs $DD; \
	  /bin/cp $SD/Makefile $DD/Makefile; \
	fi; \
	make -C $DD all
make[2]: Entering directory `/media/Data/Documents/Studies/MyWork/PhD/VMKit/vmkit_stale_ref/tools/llcj'
/home/koutheir/PhD/VMKit/llvm/autoconf/mkinstalldirs /media/Data/Documents/Studies/MyWork/PhD/VMKit/vmkit_stale_ref/tools/llcj/Debug+Asserts > /dev/null
/bin/date > /media/Data/Documents/Studies/MyWork/PhD/VMKit/vmkit_stale_ref/tools/llcj/Debug+Asserts/.dir
llvm[2]: Compiling llcj.cpp for Debug+Asserts build
if  g++ -I/home/koutheir/PhD/VMKit/llvm/include -I/media/Data/Documents/Studies/MyWork/PhD/VMKit/vmkit_stale_ref/include -I/media/Data/Documents/Studies/MyWork/PhD/VMKit/vmkit_stale_ref/tools/llcj  -D_DEBUG -D_GNU_SOURCE -D__STDC_CONSTANT_MACROS -D__STDC_FORMAT_MACROS -D__STDC_LIMIT_MACROS -g -fvisibility-inlines-hidden -fno-exceptions -fno-rtti -fPIC -Woverloaded-virtual -Wcast-qual -I/media/Data/Documents/Studies/MyWork/PhD/VMKit/vmkit_stale_ref/lib/vmkit/MMTk -fno-exceptions -Wno-variadic-macros -fno-omit-frame-pointer -fno-strict-aliasing -Wno-deprecated -ansi -fno-rtti -O0   -pedantic -Wno-long-long -Wall -W -Wno-unused-parameter -Wwrite-strings   -c -MMD -MP -MF "/media/Data/Documents/Studies/MyWork/PhD/VMKit/vmkit_stale_ref/tools/llcj/Debug+Asserts/llcj.d.tmp" -MT "/media/Data/Documents/Studies/MyWork/PhD/VMKit/vmkit_stale_ref/tools/llcj/Debug+Asserts/llcj.o" -MT "/media/Data/Documents/Studies/MyWork/PhD/VMKit/vmkit_stale_ref/tools/llcj/Debug+Asserts/llcj.d" llcj.cpp -o /media/Data/Documents/Studies/MyWork/PhD/VMKit/vmkit_stale_ref/tools/llcj/Debug+Asserts/llcj.o ; \
	        then /bin/mv -f "/media/Data/Documents/Studies/MyWork/PhD/VMKit/vmkit_stale_ref/tools/llcj/Debug+Asserts/llcj.d.tmp" "/media/Data/Documents/Studies/MyWork/PhD/VMKit/vmkit_stale_ref/tools/llcj/Debug+Asserts/llcj.d"; else /bin/rm "/media/Data/Documents/Studies/MyWork/PhD/VMKit/vmkit_stale_ref/tools/llcj/Debug+Asserts/llcj.d.tmp"; exit 1; fi
llvm[2]: Linking Debug+Asserts executable llcj
g++ -I/home/koutheir/PhD/VMKit/llvm/include -I/media/Data/Documents/Studies/MyWork/PhD/VMKit/vmkit_stale_ref/include -I/media/Data/Documents/Studies/MyWork/PhD/VMKit/vmkit_stale_ref/tools/llcj  -D_DEBUG -D_GNU_SOURCE -D__STDC_CONSTANT_MACROS -D__STDC_FORMAT_MACROS -D__STDC_LIMIT_MACROS -g -fvisibility-inlines-hidden -fno-exceptions -fno-rtti -fPIC -Woverloaded-virtual -Wcast-qual -I/media/Data/Documents/Studies/MyWork/PhD/VMKit/vmkit_stale_ref/lib/vmkit/MMTk -fno-exceptions -Wno-variadic-macros -fno-omit-frame-pointer -fno-strict-aliasing -Wno-deprecated -ansi -fno-rtti -O0 -g -Wl,-R -Wl,'$ORIGIN/../lib' -Wl,-R -Wl,/media/Data/Documents/Studies/MyWork/PhD/VMKit/vmkit_stale_ref/Debug+Asserts/bin -Wl,-export-dynamic -L/media/Data/Documents/Studies/MyWork/PhD/VMKit/vmkit_stale_ref/Debug+Asserts/lib -L/home/koutheir/PhD/VMKit/llvm/Debug+Asserts/lib    -pedantic -Wno-long-long -Wall -W -Wno-unused-parameter -Wwrite-strings    -o /media/Data/Documents/Studies/MyWork/PhD/VMKit/vmkit_stale_ref/Debug+Asserts/bin/llcj  /media/Data/Documents/Studies/MyWork/PhD/VMKit/vmkit_stale_ref/tools/llcj/Debug+Asserts/llcj.o  \
	-lLLVMSupport   -lpthread -ldl -lm  -lz
llvm[2]: ======= Finished Linking Debug+Asserts Executable llcj
make[2]: Leaving directory `/media/Data/Documents/Studies/MyWork/PhD/VMKit/vmkit_stale_ref/tools/llcj'
make[1]: Leaving directory `/media/Data/Documents/Studies/MyWork/PhD/VMKit/vmkit_stale_ref/tools'
